 CS1.6 data collector

 Timestamp is 6104140a (Fri Jul 30 23:00:26 2021)

 Preferred load address is 10000000

 Start         Length     Name                   Class
 0001:00000000 00000c50H .text                   CODE
 0001:00000c50 00000350H .text$di                CODE
 0001:00000fa0 00061cf0H .text$mn                CODE
 0001:00062c90 00002bf0H .text$x                 CODE
 0001:00065880 00000107H .text$yd                CODE
 0002:00000000 0000024cH .idata$5                DATA
 0002:0000024c 00000004H .00cfg                  DATA
 0002:00000250 00000004H .CRT$XCA                DATA
 0002:00000254 0000000cH .CRT$XCC                DATA
 0002:00000260 00000008H .CRT$XCL                DATA
 0002:00000268 00000044H .CRT$XCU                DATA
 0002:000002ac 00000004H .CRT$XCZ                DATA
 0002:000002b0 00000004H .CRT$XIA                DATA
 0002:000002b4 00000018H .CRT$XIC                DATA
 0002:000002cc 00000004H .CRT$XIZ                DATA
 0002:000002d0 00000004H .CRT$XLA                DATA
 0002:000002d4 00000004H .CRT$XLZ                DATA
 0002:000002d8 00000004H .CRT$XPA                DATA
 0002:000002dc 00000008H .CRT$XPX                DATA
 0002:000002e4 00000004H .CRT$XPXA               DATA
 0002:000002e8 00000004H .CRT$XPZ                DATA
 0002:000002ec 00000004H .CRT$XTA                DATA
 0002:000002f0 00000010H .CRT$XTZ                DATA
 0002:000002f4 00000000H .gfids$y                DATA
 0002:00000300 0004aa40H .rdata                  DATA
 0002:0004ad40 00000000H .rdata$CastGuardVftablesA DATA
 0002:0004ad40 00000000H .rdata$CastGuardVftablesC DATA
 0002:0004ad40 00000018H .rdata$T                DATA
 0002:0004ad58 00000ec8H .rdata$r                DATA
 0002:0004bc20 00000408H .rdata$zzzdbg           DATA
 0002:0004c028 00000004H .rtc$IAA                DATA
 0002:0004c02c 00000004H .rtc$IZZ                DATA
 0002:0004c030 00000004H .rtc$TAA                DATA
 0002:0004c034 00000004H .rtc$TZZ                DATA
 0002:0004c038 00000004H .tls                    DATA
 0002:0004c03c 00000004H .tls$                   DATA
 0002:0004c040 00000008H .tls$ZZZ                DATA
 0002:0004c048 00003198H .xdata$x                DATA
 0002:0004f1e0 00000060H .edata                  DATA
 0002:0004f240 0000008cH .idata$2                DATA
 0002:0004f2cc 00000014H .idata$3                DATA
 0002:0004f2e0 0000024cH .idata$4                DATA
 0002:0004f52c 000009f2H .idata$6                DATA
 0003:00000000 000014e0H .data                   DATA
 0003:000014e0 00000238H .data$r                 DATA
 0003:00001718 00000628H .data$rs                DATA
 0003:00001d40 00023090H .bss                    DATA
 0004:00000000 00000060H .rsrc$01                DATA
 0004:00000060 00000180H .rsrc$02                DATA

  Address         Publics by Value              Rva+Base       Lib:Object

 0000:00000000       ___guard_longjmp_table     00000000     <absolute>
 0000:00000000       ___arm64x_extra_rfe_table  00000000     <absolute>
 0000:00000000       ___arm64x_redirection_metadata 00000000     <absolute>
 0000:00000000       ___guard_eh_cont_count     00000000     <absolute>
 0000:00000000       ___arm64x_native_entrypoint 00000000     <absolute>
 0000:00000000       ___safe_se_handler_table   00000000     <absolute>
 0000:00000000       ___guard_fids_count        00000000     <absolute>
 0000:00000000       ___hybrid_code_map_count   00000000     <absolute>
 0000:00000000       ___guard_eh_cont_table     00000000     <absolute>
 0000:00000000       ___x64_code_ranges_to_entry_points 00000000     <absolute>
 0000:00000000       ___guard_iat_count         00000000     <absolute>
 0000:00000000       __except_list              00000000     <absolute>
 0000:00000000       ___x64_code_ranges_to_entry_points_count 00000000     <absolute>
 0000:00000000       ___volatile_metadata       00000000     <absolute>
 0000:00000000       ___hybrid_code_map         00000000     <absolute>
 0000:00000000       ___guard_iat_table         00000000     <absolute>
 0000:00000000       ___arm64x_extra_rfe_table_size 00000000     <absolute>
 0000:00000000       ___safe_se_handler_count   00000000     <absolute>
 0000:00000000       ___guard_longjmp_count     00000000     <absolute>
 0000:00000000       ___guard_check_icall_a64n_fptr 00000000     <absolute>
 0000:00000000       ___arm64x_redirection_metadata_count 00000000     <absolute>
 0000:00000000       ___hybrid_auxiliary_iat    00000000     <absolute>
 0000:00000000       ___dynamic_value_reloc_table 00000000     <absolute>
 0000:00000000       ___AbsoluteZero            00000000     <absolute>
 0000:00000000       ___enclave_config          00000000     <absolute>
 0000:00000000       ___guard_fids_table        00000000     <absolute>
 0000:00000000       ___hybrid_auxiliary_iat_copy 00000000     <absolute>
 0000:0000002c       __tls_array                0000002c     <absolute>
 0000:00000100       ___guard_flags             00000100     <absolute>
 0000:00000000       ___ImageBase               10000000     <linker-defined>
 0001:00000000       ??0CDetourEnableWriteOnCodePage@@QAE@PAEJ@Z 10001000 f i detours:detours.obj
 0001:00000080       ??1CDetourEnableWriteOnCodePage@@QAE@XZ 10001080 f i detours:detours.obj
 0001:000000f0       _DetourFunction@8          100010f0 f   detours:detours.obj
 0001:000003e0       ?SetPermission@CDetourEnableWriteOnCodePage@@QAEHK@Z 100013e0 f i detours:detours.obj
 0001:00000420       ?IsValid@CDetourEnableWriteOnCodePage@@QAEHXZ 10001420 f i detours:detours.obj
 0001:000004c0       ?DetourGenJmp@@YAPAEPAE00@Z 100014c0 f i detours:detours.obj
 0001:00000500       ?DetourGenBreak@@YAPAEPAE@Z 10001500 f i detours:detours.obj
 0001:00000520       _DetourGetFinalCode@8      10001520 f   detours:detours.obj
 0001:00000590       _DetourCopyInstruction@12  10001590 f   detours:disasm.obj
 0001:000005c0       ??0CDetourDis@@QAE@PAPAEPAJ@Z 100015c0 f   detours:disasm.obj
 0001:00000640       ?Set16BitOperand@CDetourDis@@IAEXXZ 10001640 f   detours:disasm.obj
 0001:00000660       ?Set32BitOperand@CDetourDis@@IAEXXZ 10001660 f   detours:disasm.obj
 0001:00000680       ?Set16BitAddress@CDetourDis@@IAEXXZ 10001680 f   detours:disasm.obj
 0001:000006a0       ?CopyInstruction@CDetourDis@@QAEPAEPAE0@Z 100016a0 f   detours:disasm.obj
 0001:00000700       ?CopyBytes@CDetourDis@@IAEPAEPBUCOPYENTRY@1@PAE1@Z 10001700 f   detours:disasm.obj
 0001:000008e0       ?CopyBytesPrefix@CDetourDis@@IAEPAEPBUCOPYENTRY@1@PAE1@Z 100018e0 f   detours:disasm.obj
 0001:00000930       ?AdjustTarget@CDetourDis@@IAEPAEPAE0JJ@Z 10001930 f   detours:disasm.obj
 0001:00000a10       ?Invalid@CDetourDis@@IAEPAEPBUCOPYENTRY@1@PAE1@Z 10001a10 f   detours:disasm.obj
 0001:00000a30       ?Copy0F@CDetourDis@@IAEPAEPBUCOPYENTRY@1@PAE1@Z 10001a30 f   detours:disasm.obj
 0001:00000a80       ?Copy66@CDetourDis@@IAEPAEPBUCOPYENTRY@1@PAE1@Z 10001a80 f   detours:disasm.obj
 0001:00000ab0       ?Copy67@CDetourDis@@IAEPAEPBUCOPYENTRY@1@PAE1@Z 10001ab0 f   detours:disasm.obj
 0001:00000ae0       ?CopyF6@CDetourDis@@IAEPAEPBUCOPYENTRY@1@PAE1@Z 10001ae0 f   detours:disasm.obj
 0001:00000b40       ?CopyF7@CDetourDis@@IAEPAEPBUCOPYENTRY@1@PAE1@Z 10001b40 f   detours:disasm.obj
 0001:00000ba0       ?CopyFF@CDetourDis@@IAEPAEPBUCOPYENTRY@1@PAE1@Z 10001ba0 f   detours:disasm.obj
 0001:00000fa0       ??0QAngle@@QAE@XZ          10001fa0 f i Aimbot.obj
 0001:00000fa0       ??0Vector@@QAE@XZ          10001fa0 f i Client.obj
 0001:00000fd0       ??0QAngle@@QAE@MMM@Z       10001fd0 f i Aimbot.obj
 0001:00000fd0       ??0Vector@@QAE@MMM@Z       10001fd0 f i Client.obj
 0001:00001010       ??4QAngle@@QAEAAV0@ABV0@@Z 10002010 f i Aimbot.obj
 0001:00001010       ??0Vector@@QAE@ABV0@@Z     10002010 f i Client.obj
 0001:00001010       ??4Vector@@QAEAAV0@ABV0@@Z 10002010 f i Client.obj
 0001:00001050       ?_Orphan_all@_Container_base12@std@@QAEXXZ 10002050 f i Aimbot.obj
 0001:00001050       ?Init@CFunctions@@QAEXXZ   10002050 f i Cvars.obj
 0001:00001050       ?_Lock@?$basic_streambuf@DU?$char_traits@D@std@@@std@@UAEXXZ 10002050 f i World.obj
 0001:00001050       ??1_Bxty@?$_String_val@U?$_Simple_types@D@std@@@std@@QAE@XZ 10002050 f i Cvars.obj
 0001:00001050       ??1error_category@std@@UAE@XZ 10002050 f i Menu.obj
 0001:00001050       ?_Unlock@?$basic_streambuf@DU?$char_traits@D@std@@@std@@UAEXXZ 10002050 f i World.obj
 0001:00001050       ?_Orphan_all@_Container_base0@std@@QAEXXZ 10002050 f i Cvars.obj
 0001:00001050       ?_Release@_Fake_proxy_ptr_impl@std@@QAEXXZ 10002050 f i Cvars.obj
 0001:00001050       ??1Vector@@QAE@XZ          10002050 f i Client.obj
 0001:00001050       ??1QAngle@@QAE@XZ          10002050 f i Aimbot.obj
 0001:00001060       ?_Get_data@?$deque@Umy_sound_t@@V?$allocator@Umy_sound_t@@@std@@@std@@AAEAAV?$_Deque_val@U?$_Deque_simple_types@Umy_sound_t@@@std@@@2@XZ 10002060 f i Sounds.obj
 0001:00001060       ?_Get_first@?$_Compressed_pair@V?$allocator@V?$basic_config@Ujson_args@configor@@@configor@@@std@@V?$_Vector_val@U?$_Simple_types@V?$basic_config@Ujson_args@configor@@@configor@@@std@@@2@$00@std@@QAEAAV?$allocator@V?$basic_config@Ujson_args@configor@@@configor@@@2@XZ 10002060 f i Pipi_edit.obj
 0001:00001060       ?_Get_data@?$deque@Umy_sound_t@@V?$allocator@Umy_sound_t@@@std@@@std@@ABEABV?$_Deque_val@U?$_Deque_simple_types@Umy_sound_t@@@std@@@2@XZ 10002060 f i Sounds.obj
 0001:00001060       ?_Get_first@?$_Compressed_pair@V?$allocator@I@std@@V?$_Deque_val@U?$_Deque_simple_types@I@std@@@2@$00@std@@QBEABV?$allocator@I@2@XZ 10002060 f i Aimbot.obj
 0001:00001060       ??0?$allocator@V?$vector@V?$basic_config@Ujson_args@configor@@@configor@@V?$allocator@V?$basic_config@Ujson_args@configor@@@configor@@@std@@@std@@@std@@QAE@XZ 10002060 f i Pipi_edit.obj
 0001:00001060       ?_Get_first@?$_Compressed_pair@V?$allocator@VVector@@@std@@V?$_Deque_val@U?$_Deque_simple_types@VVector@@@std@@@2@$00@std@@QBEABV?$allocator@VVector@@@2@XZ 10002060 f i Visuals.obj
 0001:00001060       ?_Get_first@?$_Compressed_pair@V?$allocator@U?$_Tree_node@U?$pair@$$CBV?$basic_string@DU?$char_traits@D@std@@V?$allocator@D@2@@std@@V?$basic_config@Ujson_args@configor@@@configor@@@std@@PAX@std@@@std@@V?$_Tree_val@U?$_Tree_simple_types@U?$pair@$$CBV?$basic_string@DU?$char_traits@D@std@@V?$allocator@D@2@@std@@V?$basic_config@Ujson_args@configor@@@configor@@@std@@@std@@@2@$00@std@@QAEAAV?$allocator@U?$_Tree_node@U?$pair@$$CBV?$basic_string@DU?$char_traits@D@std@@V?$allocator@D@2@@std@@V?$basic_config@Ujson_args@configor@@@configor@@@std@@PAX@std@@@2@XZ 10002060 f i Pipi_edit.obj
 0001:00001060       ?_Get_first@?$_Compressed_pair@V?$allocator@V?$basic_config@Ujson_args@configor@@@configor@@@std@@V?$_Vector_val@U?$_Simple_types@V?$basic_config@Ujson_args@configor@@@configor@@@std@@@2@$00@std@@QBEABV?$allocator@V?$basic_config@Ujson_args@configor@@@configor@@@2@XZ 10002060 f i Pipi_edit.obj
 0001:00001060       ??0?$allocator@V?$basic_string@DU?$char_traits@D@std@@V?$allocator@D@2@@std@@@std@@QAE@XZ 10002060 f i Pipi_edit.obj
 0001:00001060       ?_Get_first@?$_Compressed_pair@V?$allocator@U?$_Tree_node@U?$pair@$$CBV?$basic_string@DU?$char_traits@D@std@@V?$allocator@D@2@@std@@V?$basic_config@Ujson_args@configor@@@configor@@@std@@PAX@std@@@std@@V?$_Tree_val@U?$_Tree_simple_types@U?$pair@$$CBV?$basic_string@DU?$char_traits@D@std@@V?$allocator@D@2@@std@@V?$basic_config@Ujson_args@configor@@@configor@@@std@@@std@@@2@$00@std@@QBEABV?$allocator@U?$_Tree_node@U?$pair@$$CBV?$basic_string@DU?$char_traits@D@std@@V?$allocator@D@2@@std@@V?$basic_config@Ujson_args@configor@@@configor@@@std@@PAX@std@@@2@XZ 10002060 f i Pipi_edit.obj
 0001:00001060       ??E?$ostreambuf_iterator@DU?$char_traits@D@std@@@std@@QAEAAV01@XZ 10002060 f i Pipi_edit.obj
 0001:00001060       ??0?$allocator@V?$map@V?$basic_string@DU?$char_traits@D@std@@V?$allocator@D@2@@std@@V?$basic_config@Ujson_args@configor@@@configor@@U?$less@V?$basic_string@DU?$char_traits@D@std@@V?$allocator@D@2@@std@@@2@V?$allocator@U?$pair@$$CBV?$basic_string@DU?$char_traits@D@std@@V?$allocator@D@2@@std@@V?$basic_config@Ujson_args@configor@@@configor@@@std@@@2@@std@@@std@@QAE@XZ 10002060 f i Pipi_edit.obj
 0001:00001060       ?raw_value@?$basic_config@Ujson_args@configor@@@configor@@QBEABU?$config_value@V?$basic_config@Ujson_args@configor@@@configor@@@detail@2@XZ 10002060 f i Pipi_edit.obj
 0001:00001060       ?_Get_first@?$_Compressed_pair@U?$default_delete@V_Facet_base@std@@@std@@PAV_Facet_base@2@$00@std@@QAEAAU?$default_delete@V_Facet_base@std@@@2@XZ 10002060 f i World.obj
 0001:00001060       ?_Get_data@?$deque@IV?$allocator@I@std@@@std@@AAEAAV?$_Deque_val@U?$_Deque_simple_types@I@std@@@2@XZ 10002060 f i Aimbot.obj
 0001:00001060       ?_Get_data@?$deque@IV?$allocator@I@std@@@std@@ABEABV?$_Deque_val@U?$_Deque_simple_types@I@std@@@2@XZ 10002060 f i Aimbot.obj
 0001:00001060       ??0?$allocator@D@std@@QAE@XZ 10002060 f i Cvars.obj
 0001:00001060       ?_Get_data@?$deque@VVector@@V?$allocator@VVector@@@std@@@std@@ABEABV?$_Deque_val@U?$_Deque_simple_types@VVector@@@std@@@2@XZ 10002060 f i Visuals.obj
 0001:00001060       ??0?$allocator@VVector@@@std@@QAE@XZ 10002060 f i Visuals.obj
 0001:00001060       ?_Get_first@?$_Compressed_pair@V?$allocator@Umy_sound_t@@@std@@V?$_Deque_val@U?$_Deque_simple_types@Umy_sound_t@@@std@@@2@$00@std@@QAEAAV?$allocator@Umy_sound_t@@@2@XZ 10002060 f i Sounds.obj
 0001:00001060       ??D?$ostreambuf_iterator@DU?$char_traits@D@std@@@std@@QAEAAV01@XZ 10002060 f i Pipi_edit.obj
 0001:00001060       ??0?$allocator@V?$basic_config@Ujson_args@configor@@@configor@@@std@@QAE@XZ 10002060 f i Pipi_edit.obj
 0001:00001060       ?_Get_first@?$_Compressed_pair@V?$allocator@Umy_sound_t@@@std@@V?$_Deque_val@U?$_Deque_simple_types@Umy_sound_t@@@std@@@2@$00@std@@QBEABV?$allocator@Umy_sound_t@@@2@XZ 10002060 f i Sounds.obj
 0001:00001060       ?_Get_first@?$_Compressed_pair@U?$less@V?$basic_string@DU?$char_traits@D@std@@V?$allocator@D@2@@std@@@std@@V?$_Compressed_pair@V?$allocator@U?$_Tree_node@U?$pair@$$CBV?$basic_string@DU?$char_traits@D@std@@V?$allocator@D@2@@std@@V?$basic_config@Ujson_args@configor@@@configor@@@std@@PAX@std@@@std@@V?$_Tree_val@U?$_Tree_simple_types@U?$pair@$$CBV?$basic_string@DU?$char_traits@D@std@@V?$allocator@D@2@@std@@V?$basic_config@Ujson_args@configor@@@configor@@@std@@@std@@@2@$00@2@$00@std@@QBEABU?$less@V?$basic_string@DU?$char_traits@D@std@@V?$allocator@D@2@@std@@@2@XZ 10002060 f i Pipi_edit.obj
 0001:00001060       ??BVector@@QAEPAMXZ        10002060 f i Client.obj
 0001:00001060       ??0?$allocator@Umy_sound_t@@@std@@QAE@XZ 10002060 f i Sounds.obj
 0001:00001060       ?_Get_first@?$_Compressed_pair@V?$allocator@I@std@@V?$_Deque_val@U?$_Deque_simple_types@I@std@@@2@$00@std@@QAEAAV?$allocator@I@2@XZ 10002060 f i Aimbot.obj
 0001:00001060       ??0?$allocator@I@std@@QAE@XZ 10002060 f i Aimbot.obj
 0001:00001060       ?_Get_first@?$_Compressed_pair@V?$allocator@VVector@@@std@@V?$_Deque_val@U?$_Deque_simple_types@VVector@@@std@@@2@$00@std@@QAEAAV?$allocator@VVector@@@2@XZ 10002060 f i Visuals.obj
 0001:00001060       ?_Get_data@?$deque@VVector@@V?$allocator@VVector@@@std@@@std@@AAEAAV?$_Deque_val@U?$_Deque_simple_types@VVector@@@std@@@2@XZ 10002060 f i Visuals.obj
 0001:00001060       ?_Get_first@?$_Compressed_pair@V?$allocator@D@std@@V?$_String_val@U?$_Simple_types@D@std@@@2@$00@std@@QAEAAV?$allocator@D@2@XZ 10002060 f i Cvars.obj
 0001:00001060       ??0?$allocator@U?$_Tree_node@U?$pair@$$CBV?$basic_string@DU?$char_traits@D@std@@V?$allocator@D@2@@std@@V?$basic_config@Ujson_args@configor@@@configor@@@std@@PAX@std@@@std@@QAE@XZ 10002060 f i Pipi_edit.obj
 0001:00001060       ??BQAngle@@QAEPAMXZ        10002060 f i Aimbot.obj
 0001:00001060       ?_Get_first@?$_Compressed_pair@V?$allocator@D@std@@V?$_String_val@U?$_Simple_types@D@std@@@2@$00@std@@QBEABV?$allocator@D@2@XZ 10002060 f i Cvars.obj
 0001:00001070       ??4QAngle@@QAEAAV0@PAM@Z   10002070 f i Aimbot.obj
 0001:00001070       ??4Vector@@QAEAAV0@PAM@Z   10002070 f i Client.obj
 0001:000010f0       ??AVector@@QBEAAMH@Z       100020f0 f i Client.obj
 0001:000010f0       ??AQAngle@@QBEAAMH@Z       100020f0 f i Aimbot.obj
 0001:00001120       ??HVector@@QBE?AV0@ABV0@@Z 10002120 f i Client.obj
 0001:00001190       ??DVector@@QBE?AV0@M@Z     10002190 f i Client.obj
 0001:00001200       ?AntiSnapshot@@YAXXZ       10002200 f   Client.obj
 0001:00001210       ?AntiScreenshot@@YAXXZ     10002210 f   Client.obj
 0001:00001220       ?AntiScreen@@YAXXZ         10002220 f   Client.obj
 0001:00001290       ?PaintTraversePanel@@YGXPAVIPanel@vgui@@_N1@Z 10002290 f   Client.obj
 0001:00001510       ?CL_CreateMove@@YAXMPAUusercmd_s@@H@Z 10002510 f   Client.obj
 0001:00001880       ??0pmtrace_s@@QAE@XZ       10002880 f i Client.obj
 0001:000018f0       ??0CBomb@@QAE@XZ           100028f0 f i World.obj
 0001:000018f0       ??0pmplane_t@@QAE@XZ       100028f0 f i Client.obj
 0001:000018f0       ??0my_sound_t@@QAE@XZ      100028f0 f i Sounds.obj
 0001:00001910       ??1pmtrace_s@@QAE@XZ       10002910 f i Client.obj
 0001:00001940       ??1pmplane_t@@QAE@XZ       10002940 f i Client.obj
 0001:00001940       ??1_Iostream_error_category2@std@@UAE@XZ 10002940 f i World.obj
 0001:00001940       ??1CBomb@@QAE@XZ           10002940 f i World.obj
 0001:00001940       ??1my_sound_t@@QAE@XZ      10002940 f i Sounds.obj
 0001:00001940       ??1?$_String_val@U?$_Simple_types@D@std@@@std@@QAE@XZ 10002940 f i Cvars.obj
 0001:00001960       ?HUD_PostRunCmd@@YAXPAUlocal_state_s@@0PAUusercmd_s@@HNI@Z 10002960 f   Client.obj
 0001:000019c0       ?V_CalcRefdef@@YAXPAUref_params_s@@@Z 100029c0 f   Client.obj
 0001:00001a50       ?HUD_Frame@@YAXN@Z         10002a50 f   Client.obj
 0001:00001aa0       ?HUD_Frame_init@@YAXN@Z    10002aa0 f   Client.obj
 0001:00001c10       ?CL_IsThirdPerson@@YAHXZ   10002c10 f   Client.obj
 0001:00001c60       ?HUD_PlayerMoveInit@@YAXPAUplayermove_s@@@Z 10002c60 f   Client.obj
 0001:00001c80       ?StudioCheckBBox@@YAHXZ    10002c80 f   Client.obj
 0001:00001c90       ?StudioSetRemapColors@@YAXHH@Z 10002c90 f   Client.obj
 0001:00001cc0       ?pfnDrawUnicodeCharacter@@YAHHHFHHHK@Z 10002cc0 f   Client.obj
 0001:00001d20       ?HUD_AddEntity@@YAHHPAUcl_entity_s@@PBD@Z 10002d20 f   Client.obj
 0001:000026b0       ?HookUserMessages@@YAXXZ   100036b0 f   Client.obj
 0001:00002770       ?HUD_GetHullBounds@@YAHHPAM0@Z 10003770 f   Client.obj
 0001:000027a0       ?CL_Move@@YAXXZ            100037a0 f   Client.obj
 0001:000027c0       ?HUD_ProcessPlayerState@@YAXPAUentity_state_s@@PBU1@@Z 100037c0 f   Client.obj
 0001:00002890       ?HookClient@@YAXXZ         10003890 f   Client.obj
 0001:000029b0       ??2@YAPAXIPAX@Z            100039b0 f i Aimbot.obj
 0001:000029c0       ?fpclassify@@YAHM@Z        100039c0 f i Aimbot.obj
 0001:000029e0       _acosf                     100039e0 f i Aimbot.obj
 0001:00002a00       _sqrtf                     10003a00 f i Aimbot.obj
 0001:00002a20       ?acos@@YAMM@Z              10003a20 f i Aimbot.obj
 0001:00002a40       ?sqrt@@YAMM@Z              10003a40 f i Aimbot.obj
 0001:00002a60       ??0exception@std@@QAE@QBDH@Z 10003a60 f i Aimbot.obj
 0001:00002a90       ??0exception@std@@QAE@ABV01@@Z 10003a90 f i Aimbot.obj
 0001:00002ad0       ??1exception@std@@UAE@XZ   10003ad0 f i Aimbot.obj
 0001:00002b00       ?what@exception@std@@UBEPBDXZ 10003b00 f i Aimbot.obj
 0001:00002b30       ??_Eexception@std@@UAEPAXI@Z 10003b30 f i * CIL library *:* CIL module *
 0001:00002b30       ??_Gexception@std@@UAEPAXI@Z 10003b30 f i Aimbot.obj
 0001:00002b60       ??0bad_alloc@std@@AAE@QBD@Z 10003b60 f i Aimbot.obj
 0001:00002b90       ??_Gruntime_error@std@@UAEPAXI@Z 10003b90 f i Menu.obj
 0001:00002b90       ??_Gbad_cast@std@@UAEPAXI@Z 10003b90 f i World.obj
 0001:00002b90       ??_Eruntime_error@std@@UAEPAXI@Z 10003b90 f i * CIL library *:* CIL module *
 0001:00002b90       ??_Ebad_alloc@std@@UAEPAXI@Z 10003b90 f i * CIL library *:* CIL module *
 0001:00002b90       ??_Gbad_alloc@std@@UAEPAXI@Z 10003b90 f i Aimbot.obj
 0001:00002b90       ??_Elogic_error@std@@UAEPAXI@Z 10003b90 f i * CIL library *:* CIL module *
 0001:00002b90       ??_Ebad_cast@std@@UAEPAXI@Z 10003b90 f i * CIL library *:* CIL module *
 0001:00002b90       ??_Glogic_error@std@@UAEPAXI@Z 10003b90 f i Pipi_edit.obj
 0001:00002bc0       ??1bad_cast@std@@UAE@XZ    10003bc0 f i World.obj
 0001:00002bc0       ??1logic_error@std@@UAE@XZ 10003bc0 f i Pipi_edit.obj
 0001:00002bc0       ??1bad_alloc@std@@UAE@XZ   10003bc0 f i Aimbot.obj
 0001:00002bc0       ??1runtime_error@std@@UAE@XZ 10003bc0 f i Menu.obj
 0001:00002be0       ??0bad_array_new_length@std@@QAE@XZ 10003be0 f i Aimbot.obj
 0001:00002c10       ??_Gbad_array_new_length@std@@UAEPAXI@Z 10003c10 f i Aimbot.obj
 0001:00002c10       ??_Ebad_array_new_length@std@@UAEPAXI@Z 10003c10 f i * CIL library *:* CIL module *
 0001:00002c10       ??_Econfigor_exception@configor@@UAEPAXI@Z 10003c10 f i * CIL library *:* CIL module *
 0001:00002c10       ??_Gout_of_range@std@@UAEPAXI@Z 10003c10 f i Pipi_edit.obj
 0001:00002c10       ??_Gconfigor_exception@configor@@UAEPAXI@Z 10003c10 f i Pipi_edit.obj
 0001:00002c10       ??_Eout_of_range@std@@UAEPAXI@Z 10003c10 f i * CIL library *:* CIL module *
 0001:00002c40       ??1out_of_range@std@@UAE@XZ 10003c40 f i Pipi_edit.obj
 0001:00002c40       ??1_System_error@std@@UAE@XZ 10003c40 f i Menu.obj
 0001:00002c40       ??1bad_array_new_length@std@@UAE@XZ 10003c40 f i Aimbot.obj
 0001:00002c40       ??1configor_exception@configor@@UAE@XZ 10003c40 f i Pipi_edit.obj
 0001:00002c60       ?_Throw_bad_array_new_length@std@@YAXXZ 10003c60 f i Aimbot.obj
 0001:00002c80       ??0bad_array_new_length@std@@QAE@ABV01@@Z 10003c80 f i Aimbot.obj
 0001:00002cb0       ??0bad_alloc@std@@QAE@ABV01@@Z 10003cb0 f i Aimbot.obj
 0001:00002ce0       ?max@?$numeric_limits@H@std@@SAHXZ 10003ce0 f i Aimbot.obj
 0001:00002cf0       ?_Allocate@_Default_allocate_traits@std@@SAPAXI@Z 10003cf0 f i Aimbot.obj
 0001:00002d10       ?_Adjust_manually_vector_aligned@std@@YAXAAPAXAAI@Z 10003d10 f i Aimbot.obj
 0001:00002d80       ??0_Container_proxy@std@@QAE@PAU_Container_base12@1@@Z 10003d80 f i Aimbot.obj
 0001:00002d80       ??0?$_Alloc_construct_ptr@V?$allocator@U?$_Tree_node@U?$pair@$$CBV?$basic_string@DU?$char_traits@D@std@@V?$allocator@D@2@@std@@V?$basic_config@Ujson_args@configor@@@configor@@@std@@PAX@std@@@std@@@std@@QAE@AAV?$allocator@U?$_Tree_node@U?$pair@$$CBV?$basic_string@DU?$char_traits@D@std@@V?$allocator@D@2@@std@@V?$basic_config@Ujson_args@configor@@@configor@@@std@@PAX@std@@@1@@Z 10003d80 f i Pipi_edit.obj
 0001:00002db0       ??0QAngle@@QAE@PAM@Z       10003db0 f i Aimbot.obj
 0001:00002db0       ?Init@QAngle@@QAEAAV1@PAM@Z 10003db0 f i NoSpread.obj
 0001:00002db0       ??0Vector@@QAE@PAM@Z       10003db0 f i Aimbot.obj
 0001:00002dd0       ?IsZero@Vector@@QBE_NXZ    10003dd0 f i Aimbot.obj
 0001:00002e30       ?IsZero2D@Vector@@QAE_NXZ  10003e30 f i Aimbot.obj
 0001:00002e80       ?Dot@Vector@@QAEMABV1@@Z   10003e80 f i Aimbot.obj
 0001:00002ed0       ?Length@Vector@@QAEMXZ     10003ed0 f i Aimbot.obj
 0001:00002f00       ?LengthSqr@Vector@@QAEMXZ  10003f00 f i Aimbot.obj
 0001:00002f50       ?Normalize@Vector@@QAEMXZ  10003f50 f i Aimbot.obj
 0001:00002fd0       ?AngleBetween@Vector@@QAEMAAV1@@Z 10003fd0 f i Aimbot.obj
 0001:00003040       ??YVector@@QAEAAV0@ABV0@@Z 10004040 f i Aimbot.obj
 0001:000030a0       ??_0Vector@@QAEAAV0@M@Z    100040a0 f i Aimbot.obj
 0001:00003100       ??GVector@@QBE?AV0@ABV0@@Z 10004100 f i Aimbot.obj
 0001:00003170       ??0QAngle@@QAE@AAV0@@Z     10004170 f i Aimbot.obj
 0001:00003190       ?Normalize@QAngle@@QAEAAV1@XZ 10004190 f i Aimbot.obj
 0001:00003230       ??YQAngle@@QAEAAV0@PAM@Z   10004230 f i Aimbot.obj
 0001:000032a0       ??HQAngle@@QBE?AV0@PAM@Z   100042a0 f i Aimbot.obj
 0001:00003380       ??GQAngle@@QBE?AV0@ABV0@@Z 10004380 f i Aimbot.obj
 0001:00003450       ?SmoothAimAngles@@YAXVQAngle@@0AAV1@M_NMM@Z 10004450 f   Aimbot.obj
 0001:00003650       ?Run@CAimBot@@QAEXPAUusercmd_s@@@Z 10004650 f   Aimbot.obj
 0001:00003690       ?Trigger@CAimBot@@QAEXPAUusercmd_s@@@Z 10004690 f   Aimbot.obj
 0001:00003d30       ?__autoclassinit2@?$deque@IV?$allocator@I@std@@@std@@QAEXI@Z 10004d30 f i Aimbot.obj
 0001:00003d30       ?__autoclassinit2@?$basic_ofstream@DU?$char_traits@D@std@@@std@@QAEXI@Z 10004d30 f i Pipi_edit.obj
 0001:00003d30       ?__autoclassinit2@exception_ptr@std@@QAEXI@Z 10004d30 f i Pipi_edit.obj
 0001:00003d30       ?__autoclassinit2@locale@std@@QAEXI@Z 10004d30 f i World.obj
 0001:00003d30       ?__autoclassinit2@?$_Deque_unchecked_iterator@V?$_Deque_val@U?$_Deque_simple_types@Umy_sound_t@@@std@@@std@@@std@@QAEXI@Z 10004d30 f i Visuals.obj
 0001:00003d30       ?__autoclassinit2@?$_Deque_unchecked_iterator@V?$_Deque_val@U?$_Deque_simple_types@I@std@@@std@@@std@@QAEXI@Z 10004d30 f i Aimbot.obj
 0001:00003d30       ?__autoclassinit2@?$basic_istream@DU?$char_traits@D@std@@@std@@QAEXI@Z 10004d30 f i Pipi_edit.obj
 0001:00003d30       ?__autoclassinit2@?$fast_basic_ostringstream@D@detail@configor@@QAEXI@Z 10004d30 f i Pipi_edit.obj
 0001:00003d30       ?__autoclassinit2@CCvars@@QAEXI@Z 10004d30 f i Cvars.obj
 0001:00003d30       ?__autoclassinit2@?$_Deque_unchecked_iterator@V?$_Deque_val@U?$_Deque_simple_types@VVector@@@std@@@std@@@std@@QAEXI@Z 10004d30 f i Visuals.obj
 0001:00003d30       ?__autoclassinit2@?$numpunct@D@std@@QAEXI@Z 10004d30 f i Pipi_edit.obj
 0001:00003d30       ?__autoclassinit2@?$_Tree_const_iterator@V?$_Tree_val@U?$_Tree_simple_types@U?$pair@$$CBV?$basic_string@DU?$char_traits@D@std@@V?$allocator@D@2@@std@@V?$basic_config@Ujson_args@configor@@@configor@@@std@@@std@@@std@@@std@@QAEXI@Z 10004d30 f i Pipi_edit.obj
 0001:00003d30       ?__autoclassinit2@?$unique_ptr@V_Facet_base@std@@U?$default_delete@V_Facet_base@std@@@2@@std@@QAEXI@Z 10004d30 f i World.obj
 0001:00003d30       ?__autoclassinit2@?$fast_string_istreambuf@D@detail@configor@@QAEXI@Z 10004d30 f i Pipi_edit.obj
 0001:00003d30       ?__autoclassinit2@?$_Uninitialized_backout_al@V?$allocator@V?$basic_config@Ujson_args@configor@@@configor@@@std@@@std@@QAEXI@Z 10004d30 f i Pipi_edit.obj
 0001:00003d30       ?__autoclassinit2@?$json_serializer@V?$basic_config@Ujson_args@configor@@@configor@@@detail@configor@@QAEXI@Z 10004d30 f i Pipi_edit.obj
 0001:00003d30       ?__autoclassinit2@?$basic_ifstream@DU?$char_traits@D@std@@@std@@QAEXI@Z 10004d30 f i World.obj
 0001:00003d30       ?__autoclassinit2@?$deque@Umy_sound_t@@V?$allocator@Umy_sound_t@@@std@@@std@@QAEXI@Z 10004d30 f i Sounds.obj
 0001:00003d50       ?LegitAimbot@CAimBot@@AAEXPAUusercmd_s@@@Z 10004d50 f   Aimbot.obj
 0001:00005120       ?RageAimbot@CAimBot@@AAEXPAUusercmd_s@@@Z 10006120 f   Aimbot.obj
 0001:00005a80       ??E?$_Deque_unchecked_iterator@V?$_Deque_val@U?$_Deque_simple_types@I@std@@@std@@@std@@QAEAAV01@XZ 10006a80 f i Aimbot.obj
 0001:00005a80       ??E?$_Deque_unchecked_iterator@V?$_Deque_val@U?$_Deque_simple_types@Umy_sound_t@@@std@@@std@@@std@@QAEAAV01@XZ 10006a80 f i Visuals.obj
 0001:00005aa0       ??D?$_Deque_unchecked_iterator@V?$_Deque_val@U?$_Deque_simple_types@I@std@@@std@@@std@@QBEAAIXZ 10006aa0 f i Aimbot.obj
 0001:00005ac0       ??9?$_Deque_unchecked_const_iterator@V?$_Deque_val@U?$_Deque_simple_types@Umy_sound_t@@@std@@@std@@@std@@QBE_NABV01@@Z 10006ac0 f i Visuals.obj
 0001:00005ac0       ??9?$_Deque_unchecked_const_iterator@V?$_Deque_val@U?$_Deque_simple_types@I@std@@@std@@@std@@QBE_NABV01@@Z 10006ac0 f i Aimbot.obj
 0001:00005b00       ?push_back@?$deque@IV?$allocator@I@std@@@std@@QAEXABI@Z 10006b00 f i Aimbot.obj
 0001:00005b30       ?push_front@?$deque@IV?$allocator@I@std@@@std@@QAEXABI@Z 10006b30 f i Aimbot.obj
 0001:00005b50       ??$emplace_front@ABI@?$deque@IV?$allocator@I@std@@@std@@QAE?A_TABI@Z 10006b50 f i Aimbot.obj
 0001:00005cc0       ??A?$deque@IV?$allocator@I@std@@@std@@QAEAAII@Z 10006cc0 f i Aimbot.obj
 0001:00005d00       ?empty@?$deque@VVector@@V?$allocator@VVector@@@std@@@std@@QBE_NXZ 10006d00 f i Visuals.obj
 0001:00005d00       ?empty@?$deque@Umy_sound_t@@V?$allocator@Umy_sound_t@@@std@@@std@@QBE_NXZ 10006d00 f i Sounds.obj
 0001:00005d00       ?empty@?$deque@IV?$allocator@I@std@@@std@@QBE_NXZ 10006d00 f i Aimbot.obj
 0001:00005d30       ?size@?$deque@Umy_sound_t@@V?$allocator@Umy_sound_t@@@std@@@std@@QBEIXZ 10006d30 f i Visuals.obj
 0001:00005d30       ?size@?$deque@VVector@@V?$allocator@VVector@@@std@@@std@@QBEIXZ 10006d30 f i Visuals.obj
 0001:00005d30       ?size@?$deque@IV?$allocator@I@std@@@std@@QBEIXZ 10006d30 f i Aimbot.obj
 0001:00005d50       ?_Unchecked_end@?$deque@IV?$allocator@I@std@@@std@@QAE?AV?$_Deque_unchecked_iterator@V?$_Deque_val@U?$_Deque_simple_types@I@std@@@std@@@2@XZ 10006d50 f i Aimbot.obj
 0001:00005d50       ?_Unchecked_end@?$deque@Umy_sound_t@@V?$allocator@Umy_sound_t@@@std@@@std@@QAE?AV?$_Deque_unchecked_iterator@V?$_Deque_val@U?$_Deque_simple_types@Umy_sound_t@@@std@@@std@@@2@XZ 10006d50 f i Visuals.obj
 0001:00005da0       ?_Unchecked_begin@?$deque@Umy_sound_t@@V?$allocator@Umy_sound_t@@@std@@@std@@QAE?AV?$_Deque_unchecked_iterator@V?$_Deque_val@U?$_Deque_simple_types@Umy_sound_t@@@std@@@std@@@2@XZ 10006da0 f i Visuals.obj
 0001:00005da0       ?_Unchecked_begin@?$deque@IV?$allocator@I@std@@@std@@QAE?AV?$_Deque_unchecked_iterator@V?$_Deque_val@U?$_Deque_simple_types@I@std@@@std@@@2@XZ 10006da0 f i Aimbot.obj
 0001:00005da0       ?_Unchecked_begin@?$deque@VVector@@V?$allocator@VVector@@@std@@@std@@QAE?AV?$_Deque_unchecked_iterator@V?$_Deque_val@U?$_Deque_simple_types@VVector@@@std@@@std@@@2@XZ 10006da0 f i Visuals.obj
 0001:00005de0       ??1?$deque@IV?$allocator@I@std@@@std@@QAE@XZ 10006de0 f i Aimbot.obj
 0001:00005e50       ?push_back@?$deque@IV?$allocator@I@std@@@std@@QAEX$$QAI@Z 10006e50 f i Aimbot.obj
 0001:00005e80       ??0?$deque@VVector@@V?$allocator@VVector@@@std@@@std@@QAE@XZ 10006e80 f i Visuals.obj
 0001:00005e80       ??0?$deque@Umy_sound_t@@V?$allocator@Umy_sound_t@@@std@@@std@@QAE@XZ 10006e80 f i Sounds.obj
 0001:00005e80       ??0?$deque@IV?$allocator@I@std@@@std@@QAE@XZ 10006e80 f i Aimbot.obj
 0001:00005ec0       ??0?$_Deque_unchecked_iterator@V?$_Deque_val@U?$_Deque_simple_types@VVector@@@std@@@std@@@std@@QAE@IPBU_Container_base12@1@@Z 10006ec0 f i Visuals.obj
 0001:00005ec0       ??0?$_Deque_unchecked_iterator@V?$_Deque_val@U?$_Deque_simple_types@Umy_sound_t@@@std@@@std@@@std@@QAE@IPBU_Container_base12@1@@Z 10006ec0 f i Visuals.obj
 0001:00005ec0       ??0?$_Deque_unchecked_iterator@V?$_Deque_val@U?$_Deque_simple_types@I@std@@@std@@@std@@QAE@IPBU_Container_base12@1@@Z 10006ec0 f i Aimbot.obj
 0001:00005ee0       ??H?$_Deque_unchecked_iterator@V?$_Deque_val@U?$_Deque_simple_types@I@std@@@std@@@std@@QBE?AV01@H@Z 10006ee0 f i Aimbot.obj
 0001:00005ee0       ??H?$_Deque_unchecked_iterator@V?$_Deque_val@U?$_Deque_simple_types@VVector@@@std@@@std@@@std@@QBE?AV01@H@Z 10006ee0 f i Visuals.obj
 0001:00005f40       ??8?$_Deque_unchecked_const_iterator@V?$_Deque_val@U?$_Deque_simple_types@Umy_sound_t@@@std@@@std@@@std@@QBE_NABV01@@Z 10006f40 f i Visuals.obj
 0001:00005f40       ??8?$_Deque_unchecked_const_iterator@V?$_Deque_val@U?$_Deque_simple_types@I@std@@@std@@@std@@QBE_NABV01@@Z 10006f40 f i Aimbot.obj
 0001:00005f40       ??8error_category@std@@QBE_NABV01@@Z 10006f40 f i Menu.obj
 0001:00005f70       ??E?$_Deque_unchecked_const_iterator@V?$_Deque_val@U?$_Deque_simple_types@I@std@@@std@@@std@@QAEAAV01@XZ 10006f70 f i Aimbot.obj
 0001:00005f70       ??E?$_Deque_unchecked_const_iterator@V?$_Deque_val@U?$_Deque_simple_types@Umy_sound_t@@@std@@@std@@@std@@QAEAAV01@XZ 10006f70 f i Visuals.obj
 0001:00005f90       ??D?$_Deque_unchecked_const_iterator@V?$_Deque_val@U?$_Deque_simple_types@I@std@@@std@@@std@@QBEABIXZ 10006f90 f i Aimbot.obj
 0001:00005fe0       ??0?$_Deque_unchecked_const_iterator@V?$_Deque_val@U?$_Deque_simple_types@I@std@@@std@@@std@@QAE@IPBU_Container_base12@1@@Z 10006fe0 f i Aimbot.obj
 0001:00005fe0       ??0?$_Deque_unchecked_const_iterator@V?$_Deque_val@U?$_Deque_simple_types@Umy_sound_t@@@std@@@std@@@std@@QAE@IPBU_Container_base12@1@@Z 10006fe0 f i Visuals.obj
 0001:00005fe0       ??0?$_Deque_unchecked_const_iterator@V?$_Deque_val@U?$_Deque_simple_types@VVector@@@std@@@std@@@std@@QAE@IPBU_Container_base12@1@@Z 10006fe0 f i Visuals.obj
 0001:00006010       ?_Mysize@?$deque@IV?$allocator@I@std@@@std@@ABEABIXZ 10007010 f i Aimbot.obj
 0001:00006010       ?_Mysize@?$deque@IV?$allocator@I@std@@@std@@AAEAAIXZ 10007010 f i Aimbot.obj
 0001:00006010       ?_Mysize@?$deque@Umy_sound_t@@V?$allocator@Umy_sound_t@@@std@@@std@@AAEAAIXZ 10007010 f i Sounds.obj
 0001:00006010       ?_Mysize@?$deque@Umy_sound_t@@V?$allocator@Umy_sound_t@@@std@@@std@@ABEABIXZ 10007010 f i Sounds.obj
 0001:00006010       ?_Mysize@?$deque@VVector@@V?$allocator@VVector@@@std@@@std@@AAEAAIXZ 10007010 f i Visuals.obj
 0001:00006010       ?_Mysize@?$deque@VVector@@V?$allocator@VVector@@@std@@@std@@ABEABIXZ 10007010 f i Visuals.obj
 0001:00006030       ?_Myoff@?$deque@IV?$allocator@I@std@@@std@@AAEAAIXZ 10007030 f i Aimbot.obj
 0001:00006030       ?_Myoff@?$deque@Umy_sound_t@@V?$allocator@Umy_sound_t@@@std@@@std@@AAEAAIXZ 10007030 f i Sounds.obj
 0001:00006030       ?_Myoff@?$deque@VVector@@V?$allocator@VVector@@@std@@@std@@AAEAAIXZ 10007030 f i Visuals.obj
 0001:00006050       ?_Mapsize@?$deque@IV?$allocator@I@std@@@std@@AAEAAIXZ 10007050 f i Aimbot.obj
 0001:00006050       ?_Mapsize@?$deque@VVector@@V?$allocator@VVector@@@std@@@std@@AAEAAIXZ 10007050 f i Visuals.obj
 0001:00006050       ?_Mapsize@?$deque@Umy_sound_t@@V?$allocator@Umy_sound_t@@@std@@@std@@AAEAAIXZ 10007050 f i Sounds.obj
 0001:00006070       ?_Map@?$deque@VVector@@V?$allocator@VVector@@@std@@@std@@AAEAAPAPAVVector@@XZ 10007070 f i Visuals.obj
 0001:00006070       ?_Map@?$deque@IV?$allocator@I@std@@@std@@AAEAAPAPAIXZ 10007070 f i Aimbot.obj
 0001:00006070       ?_Map@?$deque@Umy_sound_t@@V?$allocator@Umy_sound_t@@@std@@@std@@AAEAAPAPAUmy_sound_t@@XZ 10007070 f i Sounds.obj
 0001:00006090       ?_Getal@?$basic_string@DU?$char_traits@D@std@@V?$allocator@D@2@@std@@ABEABV?$allocator@D@2@XZ 10007090 f i Cvars.obj
 0001:00006090       ?_Getal@?$vector@V?$basic_config@Ujson_args@configor@@@configor@@V?$allocator@V?$basic_config@Ujson_args@configor@@@configor@@@std@@@std@@AAEAAV?$allocator@V?$basic_config@Ujson_args@configor@@@configor@@@2@XZ 10007090 f i Pipi_edit.obj
 0001:00006090       ?_Getal@?$deque@IV?$allocator@I@std@@@std@@AAEAAV?$allocator@I@2@XZ 10007090 f i Aimbot.obj
 0001:00006090       ?_Getal@?$_Tree@V?$_Tmap_traits@V?$basic_string@DU?$char_traits@D@std@@V?$allocator@D@2@@std@@V?$basic_config@Ujson_args@configor@@@configor@@U?$less@V?$basic_string@DU?$char_traits@D@std@@V?$allocator@D@2@@std@@@2@V?$allocator@U?$pair@$$CBV?$basic_string@DU?$char_traits@D@std@@V?$allocator@D@2@@std@@V?$basic_config@Ujson_args@configor@@@configor@@@std@@@2@$0A@@std@@@std@@IAEAAV?$allocator@U?$_Tree_node@U?$pair@$$CBV?$basic_string@DU?$char_traits@D@std@@V?$allocator@D@2@@std@@V?$basic_config@Ujson_args@configor@@@configor@@@std@@PAX@std@@@2@XZ 10007090 f i Pipi_edit.obj
 0001:00006090       ?_Getal@?$deque@VVector@@V?$allocator@VVector@@@std@@@std@@ABEABV?$allocator@VVector@@@2@XZ 10007090 f i Visuals.obj
 0001:00006090       ?_Getal@?$deque@Umy_sound_t@@V?$allocator@Umy_sound_t@@@std@@@std@@AAEAAV?$allocator@Umy_sound_t@@@2@XZ 10007090 f i Sounds.obj
 0001:00006090       ?_Getal@?$deque@IV?$allocator@I@std@@@std@@ABEABV?$allocator@I@2@XZ 10007090 f i Aimbot.obj
 0001:00006090       ?_Getal@?$vector@V?$basic_config@Ujson_args@configor@@@configor@@V?$allocator@V?$basic_config@Ujson_args@configor@@@configor@@@std@@@std@@ABEABV?$allocator@V?$basic_config@Ujson_args@configor@@@configor@@@2@XZ 10007090 f i Pipi_edit.obj
 0001:00006090       ?_Getal@?$basic_string@DU?$char_traits@D@std@@V?$allocator@D@2@@std@@AAEAAV?$allocator@D@2@XZ 10007090 f i Cvars.obj
 0001:00006090       ?_Getal@?$deque@Umy_sound_t@@V?$allocator@Umy_sound_t@@@std@@@std@@ABEABV?$allocator@Umy_sound_t@@@2@XZ 10007090 f i Sounds.obj
 0001:00006090       ?_Getal@?$deque@VVector@@V?$allocator@VVector@@@std@@@std@@AAEAAV?$allocator@VVector@@@2@XZ 10007090 f i Visuals.obj
 0001:00006090       ?_Getcomp@?$_Tree@V?$_Tmap_traits@V?$basic_string@DU?$char_traits@D@std@@V?$allocator@D@2@@std@@V?$basic_config@Ujson_args@configor@@@configor@@U?$less@V?$basic_string@DU?$char_traits@D@std@@V?$allocator@D@2@@std@@@2@V?$allocator@U?$pair@$$CBV?$basic_string@DU?$char_traits@D@std@@V?$allocator@D@2@@std@@V?$basic_config@Ujson_args@configor@@@configor@@@std@@@2@$0A@@std@@@std@@IBEABU?$less@V?$basic_string@DU?$char_traits@D@std@@V?$allocator@D@2@@std@@@2@XZ 10007090 f i Pipi_edit.obj
 0001:00006090       ?_Getal@?$_Tree@V?$_Tmap_traits@V?$basic_string@DU?$char_traits@D@std@@V?$allocator@D@2@@std@@V?$basic_config@Ujson_args@configor@@@configor@@U?$less@V?$basic_string@DU?$char_traits@D@std@@V?$allocator@D@2@@std@@@2@V?$allocator@U?$pair@$$CBV?$basic_string@DU?$char_traits@D@std@@V?$allocator@D@2@@std@@V?$basic_config@Ujson_args@configor@@@configor@@@std@@@2@$0A@@std@@@std@@IBEABV?$allocator@U?$_Tree_node@U?$pair@$$CBV?$basic_string@DU?$char_traits@D@std@@V?$allocator@D@2@@std@@V?$basic_config@Ujson_args@configor@@@configor@@@std@@PAX@std@@@2@XZ 10007090 f i Pipi_edit.obj
 0001:000060b0       ?_Orphan_all@?$deque@VVector@@V?$allocator@VVector@@@std@@@std@@AAEXXZ 100070b0 f i Visuals.obj
 0001:000060b0       ?_Orphan_all@?$deque@IV?$allocator@I@std@@@std@@AAEXXZ 100070b0 f i Aimbot.obj
 0001:000060b0       ?_Orphan_all@?$deque@Umy_sound_t@@V?$allocator@Umy_sound_t@@@std@@@std@@AAEXXZ 100070b0 f i Sounds.obj
 0001:000060d0       ?_Getblock@?$deque@IV?$allocator@I@std@@@std@@ABEII@Z 100070d0 f i Aimbot.obj
 0001:000060f0       ?_Tidy@?$deque@IV?$allocator@I@std@@@std@@AAEXXZ 100070f0 f i Aimbot.obj
 0001:00006220       ?_Growmap@?$deque@IV?$allocator@I@std@@@std@@AAEXI@Z 10007220 f i Aimbot.obj
 0001:00006480       ?allocate@?$allocator@PAUmy_sound_t@@@std@@QAEPAPAUmy_sound_t@@I@Z 10007480 f i Sounds.obj
 0001:00006480       ?allocate@?$allocator@I@std@@QAEPAII@Z 10007480 f i Aimbot.obj
 0001:00006480       ?allocate@?$allocator@PAI@std@@QAEPAPAII@Z 10007480 f i Aimbot.obj
 0001:00006480       ?allocate@?$allocator@PAVVector@@@std@@QAEPAPAVVector@@I@Z 10007480 f i Visuals.obj
 0001:000064b0       ??Y?$_Deque_unchecked_iterator@V?$_Deque_val@U?$_Deque_simple_types@I@std@@@std@@@std@@QAEAAV01@H@Z 100074b0 f i Aimbot.obj
 0001:000064b0       ??Y?$_Deque_unchecked_iterator@V?$_Deque_val@U?$_Deque_simple_types@VVector@@@std@@@std@@@std@@QAEAAV01@H@Z 100074b0 f i Visuals.obj
 0001:000064d0       ?_Xlen@?$deque@IV?$allocator@I@std@@@std@@ABEXXZ 100074d0 f i Aimbot.obj
 0001:000064d0       ?_Xlen@?$deque@VVector@@V?$allocator@VVector@@@std@@@std@@ABEXXZ 100074d0 f i Visuals.obj
 0001:000064d0       ?_Xlen@?$deque@Umy_sound_t@@V?$allocator@Umy_sound_t@@@std@@@std@@ABEXXZ 100074d0 f i Sounds.obj
 0001:000064f0       ?pop_back@?$deque@IV?$allocator@I@std@@@std@@QAEXXZ 100074f0 f i Aimbot.obj
 0001:000065d0       ?max_size@?$deque@IV?$allocator@I@std@@@std@@QBEIXZ 100075d0 f i Aimbot.obj
 0001:00006610       ?_Getblock@?$_Deque_val@U?$_Deque_simple_types@I@std@@@std@@QBEII@Z 10007610 f i Aimbot.obj
 0001:00006630       ?deallocate@?$allocator@PAVVector@@@std@@QAEXQAPAVVector@@I@Z 10007630 f i Visuals.obj
 0001:00006630       ?deallocate@?$allocator@PAI@std@@QAEXQAPAII@Z 10007630 f i Aimbot.obj
 0001:00006630       ?deallocate@?$allocator@PAUmy_sound_t@@@std@@QAEXQAPAUmy_sound_t@@I@Z 10007630 f i Sounds.obj
 0001:00006630       ?deallocate@?$allocator@I@std@@QAEXQAII@Z 10007630 f i Aimbot.obj
 0001:00006650       ??Y?$_Deque_unchecked_const_iterator@V?$_Deque_val@U?$_Deque_simple_types@VVector@@@std@@@std@@@std@@QAEAAV01@H@Z 10007650 f i Visuals.obj
 0001:00006650       ??Y?$_Deque_unchecked_const_iterator@V?$_Deque_val@U?$_Deque_simple_types@I@std@@@std@@@std@@QAEAAV01@H@Z 10007650 f i Aimbot.obj
 0001:00006670       ?max_size@?$_Default_allocator_traits@V?$allocator@I@std@@@std@@SAIABV?$allocator@I@2@@Z 10007670 f i Aimbot.obj
 0001:00006680       ??$isnan@M@@YA_NM@Z        10007680 f i Aimbot.obj
 0001:000066c0       ??$_Emplace_back_internal@ABI@?$deque@IV?$allocator@I@std@@@std@@AAEXABI@Z 100076c0 f i Aimbot.obj
 0001:000066c0       ??$_Emplace_back_internal@I@?$deque@IV?$allocator@I@std@@@std@@AAEX$$QAI@Z 100076c0 f i Aimbot.obj
 0001:00006810       ??$_Kfn@$$CBV?$basic_string@DU?$char_traits@D@std@@V?$allocator@D@2@@std@@V?$basic_config@Ujson_args@configor@@@configor@@@?$_Tmap_traits@V?$basic_string@DU?$char_traits@D@std@@V?$allocator@D@2@@std@@V?$basic_config@Ujson_args@configor@@@configor@@U?$less@V?$basic_string@DU?$char_traits@D@std@@V?$allocator@D@2@@std@@@2@V?$allocator@U?$pair@$$CBV?$basic_string@DU?$char_traits@D@std@@V?$allocator@D@2@@std@@V?$basic_config@Ujson_args@configor@@@configor@@@std@@@2@$0A@@std@@SAABV?$basic_string@DU?$char_traits@D@std@@V?$allocator@D@2@@1@ABU?$pair@$$CBV?$basic_string@DU?$char_traits@D@std@@V?$allocator@D@2@@std@@V?$basic_config@Ujson_args@configor@@@configor@@@1@@Z 10007810 f i Pipi_edit.obj
 0001:00006810       ??$forward@ABU?$less@V?$basic_string@DU?$char_traits@D@std@@V?$allocator@D@2@@std@@@std@@@std@@YAABU?$less@V?$basic_string@DU?$char_traits@D@std@@V?$allocator@D@2@@std@@@0@ABU10@@Z 10007810 f i Pipi_edit.obj
 0001:00006810       ??$move@AAU?$config_value@V?$basic_config@Ujson_args@configor@@@configor@@@detail@configor@@@std@@YA$$QAU?$config_value@V?$basic_config@Ujson_args@configor@@@configor@@@detail@configor@@AAU123@@Z 10007810 f i Pipi_edit.obj
 0001:00006810       ??$_Unfancy@V?$basic_config@Ujson_args@configor@@@configor@@@std@@YAPAV?$basic_config@Ujson_args@configor@@@configor@@PAV12@@Z 10007810 f i Pipi_edit.obj
 0001:00006810       ??$move@AAI@std@@YA$$QAIAAI@Z 10007810 f i Aimbot.obj
 0001:00006810       ??$forward@AAV?$map@V?$basic_string@DU?$char_traits@D@std@@V?$allocator@D@2@@std@@V?$basic_config@Ujson_args@configor@@@configor@@U?$less@V?$basic_string@DU?$char_traits@D@std@@V?$allocator@D@2@@std@@@2@V?$allocator@U?$pair@$$CBV?$basic_string@DU?$char_traits@D@std@@V?$allocator@D@2@@std@@V?$basic_config@Ujson_args@configor@@@configor@@@std@@@2@@std@@@std@@YAAAV?$map@V?$basic_string@DU?$char_traits@D@std@@V?$allocator@D@2@@std@@V?$basic_config@Ujson_args@configor@@@configor@@U?$less@V?$basic_string@DU?$char_traits@D@std@@V?$allocator@D@2@@std@@@2@V?$allocator@U?$pair@$$CBV?$basic_string@DU?$char_traits@D@std@@V?$allocator@D@2@@std@@V?$basic_config@Ujson_args@configor@@@configor@@@std@@@2@@0@AAV10@@Z 10007810 f i Pipi_edit.obj
 0001:00006810       ??$_Unfancy@U_Container_proxy@std@@@std@@YAPAU_Container_proxy@0@PAU10@@Z 10007810 f i Aimbot.obj
 0001:00006810       ??$forward@U?$less@V?$basic_string@DU?$char_traits@D@std@@V?$allocator@D@2@@std@@@std@@@std@@YA$$QAU?$less@V?$basic_string@DU?$char_traits@D@std@@V?$allocator@D@2@@std@@@0@AAU10@@Z 10007810 f i Pipi_edit.obj
 0001:00006810       ??$addressof@PAD@std@@YAPAPADAAPAD@Z 10007810 f i Cvars.obj
 0001:00006810       ??$forward@AAV?$basic_config@Ujson_args@configor@@@configor@@@std@@YAAAV?$basic_config@Ujson_args@configor@@@configor@@AAV12@@Z 10007810 f i Pipi_edit.obj
 0001:00006810       ??$forward@V?$allocator@V?$basic_config@Ujson_args@configor@@@configor@@@std@@@std@@YA$$QAV?$allocator@V?$basic_config@Ujson_args@configor@@@configor@@@0@AAV10@@Z 10007810 f i Pipi_edit.obj
 0001:00006810       ??$forward@AAPAV_Facet_base@std@@@std@@YAAAPAV_Facet_base@0@AAPAV10@@Z 10007810 f i World.obj
 0001:00006810       ??$addressof@V?$_Deque_val@U?$_Deque_simple_types@Umy_sound_t@@@std@@@std@@@std@@YAPAV?$_Deque_val@U?$_Deque_simple_types@Umy_sound_t@@@std@@@0@AAV10@@Z 10007810 f i Visuals.obj
 0001:00006810       ??$forward@AAPAD@std@@YAAAPADAAPAD@Z 10007810 f i Menu.obj
 0001:00006810       ?select_on_container_copy_construction@?$_Default_allocator_traits@V?$allocator@D@std@@@std@@SA?AV?$allocator@D@2@ABV32@@Z 10007810 f i Menu.obj
 0001:00006810       ??$move@AAH@std@@YA$$QAHAAH@Z 10007810 f i Drawing.obj
 0001:00006810       ??$addressof@PAU?$_Tree_node@U?$pair@$$CBV?$basic_string@DU?$char_traits@D@std@@V?$allocator@D@2@@std@@V?$basic_config@Ujson_args@configor@@@configor@@@std@@PAX@std@@@std@@YAPAPAU?$_Tree_node@U?$pair@$$CBV?$basic_string@DU?$char_traits@D@std@@V?$allocator@D@2@@std@@V?$basic_config@Ujson_args@configor@@@configor@@@std@@PAX@0@AAPAU10@@Z 10007810 f i Pipi_edit.obj
 0001:00006810       ?_Extract@?$_In_place_key_extract_map@V?$basic_string@DU?$char_traits@D@std@@V?$allocator@D@2@@std@@V12@V?$basic_config@Ujson_args@configor@@@configor@@@std@@SAABV?$basic_string@DU?$char_traits@D@std@@V?$allocator@D@2@@2@ABV32@ABV?$basic_config@Ujson_args@configor@@@configor@@@Z 10007810 f i Pipi_edit.obj
 0001:00006810       ??$forward@V?$_Tree_iterator@V?$_Tree_val@U?$_Tree_simple_types@U?$pair@$$CBV?$basic_string@DU?$char_traits@D@std@@V?$allocator@D@2@@std@@V?$basic_config@Ujson_args@configor@@@configor@@@std@@@std@@@std@@@std@@@std@@YA$$QAV?$_Tree_iterator@V?$_Tree_val@U?$_Tree_simple_types@U?$pair@$$CBV?$basic_string@DU?$char_traits@D@std@@V?$allocator@D@2@@std@@V?$basic_config@Ujson_args@configor@@@configor@@@std@@@std@@@std@@@0@AAV10@@Z 10007810 f i Pipi_edit.obj
 0001:00006810       ??$_Convert_size@I@std@@YAII@Z 10007810 f i Cvars.obj
 0001:00006810       ??$forward@AAU?$pair@$$CBV?$basic_string@DU?$char_traits@D@std@@V?$allocator@D@2@@std@@V?$basic_config@Ujson_args@configor@@@configor@@@std@@@std@@YAAAU?$pair@$$CBV?$basic_string@DU?$char_traits@D@std@@V?$allocator@D@2@@std@@V?$basic_config@Ujson_args@configor@@@configor@@@0@AAU10@@Z 10007810 f i Pipi_edit.obj
 0001:00006810       ??$addressof@U?$pair@$$CBV?$basic_string@DU?$char_traits@D@std@@V?$allocator@D@2@@std@@V?$basic_config@Ujson_args@configor@@@configor@@@std@@@std@@YAPAU?$pair@$$CBV?$basic_string@DU?$char_traits@D@std@@V?$allocator@D@2@@std@@V?$basic_config@Ujson_args@configor@@@configor@@@0@AAU10@@Z 10007810 f i Pipi_edit.obj
 0001:00006810       ?select_on_container_copy_construction@?$_Default_allocator_traits@V?$allocator@V?$basic_config@Ujson_args@configor@@@configor@@@std@@@std@@SA?AV?$allocator@V?$basic_config@Ujson_args@configor@@@configor@@@2@ABV32@@Z 10007810 f i Pipi_edit.obj
 0001:00006810       ??$forward@U_One_then_variadic_args_t@std@@@std@@YA$$QAU_One_then_variadic_args_t@0@AAU10@@Z 10007810 f i Pipi_edit.obj
 0001:00006810       ??$addressof@V?$_Tree_val@U?$_Tree_simple_types@U?$pair@$$CBV?$basic_string@DU?$char_traits@D@std@@V?$allocator@D@2@@std@@V?$basic_config@Ujson_args@configor@@@configor@@@std@@@std@@@std@@@std@@YAPAV?$_Tree_val@U?$_Tree_simple_types@U?$pair@$$CBV?$basic_string@DU?$char_traits@D@std@@V?$allocator@D@2@@std@@V?$basic_config@Ujson_args@configor@@@configor@@@std@@@std@@@0@AAV10@@Z 10007810 f i Pipi_edit.obj
 0001:00006810       ??$_Voidify_iter@PAI@std@@YAPAXPAI@Z 10007810 f i Aimbot.obj
 0001:00006810       ??$_Voidify_iter@PAPAI@std@@YAPAXPAPAI@Z 10007810 f i Aimbot.obj
 0001:00006810       ??$addressof@PAI@std@@YAPAPAIAAPAI@Z 10007810 f i Aimbot.obj
 0001:00006810       ??$forward@AAPAUmy_sound_t@@@std@@YAAAPAUmy_sound_t@@AAPAU1@@Z 10007810 f i Sounds.obj
 0001:00006810       ??$_Voidify_iter@PAV?$basic_config@Ujson_args@configor@@@configor@@@std@@YAPAXPAV?$basic_config@Ujson_args@configor@@@configor@@@Z 10007810 f i Pipi_edit.obj
 0001:00006810       ??$forward@_N@std@@YA$$QA_NAA_N@Z 10007810 f i Pipi_edit.obj
 0001:00006810       ??$forward@V?$basic_config@Ujson_args@configor@@@configor@@@std@@YA$$QAV?$basic_config@Ujson_args@configor@@@configor@@AAV12@@Z 10007810 f i Pipi_edit.obj
 0001:00006810       ??$addressof@PAUmy_sound_t@@@std@@YAPAPAUmy_sound_t@@AAPAU1@@Z 10007810 f i Sounds.obj
 0001:00006810       ??$_Voidify_iter@PAVVector@@@std@@YAPAXPAVVector@@@Z 10007810 f i Visuals.obj
 0001:00006810       ??$_Unfancy@VVector@@@std@@YAPAVVector@@PAV1@@Z 10007810 f i Visuals.obj
 0001:00006810       ?select_on_container_copy_construction@?$_Default_allocator_traits@V?$allocator@U?$_Tree_node@U?$pair@$$CBV?$basic_string@DU?$char_traits@D@std@@V?$allocator@D@2@@std@@V?$basic_config@Ujson_args@configor@@@configor@@@std@@PAX@std@@@std@@@std@@SA?AV?$allocator@U?$_Tree_node@U?$pair@$$CBV?$basic_string@DU?$char_traits@D@std@@V?$allocator@D@2@@std@@V?$basic_config@Ujson_args@configor@@@configor@@@std@@PAX@std@@@2@ABV32@@Z 10007810 f i Pipi_edit.obj
 0001:00006810       ??$forward@ABUmy_sound_t@@@std@@YAABUmy_sound_t@@ABU1@@Z 10007810 f i Sounds.obj
 0001:00006810       ??$forward@U_Zero_then_variadic_args_t@std@@@std@@YA$$QAU_Zero_then_variadic_args_t@0@AAU10@@Z 10007810 f i Pipi_edit.obj
 0001:00006810       ??$forward@PAU_Container_base12@std@@@std@@YA$$QAPAU_Container_base12@0@AAPAU10@@Z 10007810 f i Aimbot.obj
 0001:00006810       ??$forward@AAH@std@@YAAAHAAH@Z 10007810 f i Pipi_edit.obj
 0001:00006810       ??$_Voidify_iter@PAPAUmy_sound_t@@@std@@YAPAXPAPAUmy_sound_t@@@Z 10007810 f i Sounds.obj
 0001:00006810       ??$forward@AAPAVVector@@@std@@YAAAPAVVector@@AAPAV1@@Z 10007810 f i Visuals.obj
 0001:00006810       ??$move@AAT<unnamed-type-data>@?$config_value@V?$basic_config@Ujson_args@configor@@@configor@@@detail@configor@@@std@@YA$$QAT<unnamed-type-data>@?$config_value@V?$basic_config@Ujson_args@configor@@@configor@@@detail@configor@@AAT1234@@Z 10007810 f i Pipi_edit.obj
 0001:00006810       ??$forward@V?$allocator@D@std@@@std@@YA$$QAV?$allocator@D@0@AAV10@@Z 10007810 f i Menu.obj
 0001:00006810       ??$forward@ABI@std@@YAABIABI@Z 10007810 f i Aimbot.obj
 0001:00006810       ??$forward@PAU?$_Tree_node@U?$pair@$$CBV?$basic_string@DU?$char_traits@D@std@@V?$allocator@D@2@@std@@V?$basic_config@Ujson_args@configor@@@configor@@@std@@PAX@std@@@std@@YA$$QAPAU?$_Tree_node@U?$pair@$$CBV?$basic_string@DU?$char_traits@D@std@@V?$allocator@D@2@@std@@V?$basic_config@Ujson_args@configor@@@configor@@@std@@PAX@0@AAPAU10@@Z 10007810 f i Pipi_edit.obj
 0001:00006810       ??$addressof@V?$basic_filebuf@DU?$char_traits@D@std@@@std@@@std@@YAPAV?$basic_filebuf@DU?$char_traits@D@std@@@0@AAV10@@Z 10007810 f i World.obj
 0001:00006810       ??$_Voidify_iter@PAUmy_sound_t@@@std@@YAPAXPAUmy_sound_t@@@Z 10007810 f i Sounds.obj
 0001:00006810       ??$forward@AAV?$basic_string@DU?$char_traits@D@std@@V?$allocator@D@2@@std@@@std@@YAAAV?$basic_string@DU?$char_traits@D@std@@V?$allocator@D@2@@0@AAV10@@Z 10007810 f i Pipi_edit.obj
 0001:00006810       ??$addressof@$$CBV?$_String_val@U?$_Simple_types@D@std@@@std@@@std@@YAPBV?$_String_val@U?$_Simple_types@D@std@@@0@ABV10@@Z 10007810 f i Menu.obj
 0001:00006810       ??$forward@V?$allocator@U?$_Tree_node@U?$pair@$$CBV?$basic_string@DU?$char_traits@D@std@@V?$allocator@D@2@@std@@V?$basic_config@Ujson_args@configor@@@configor@@@std@@PAX@std@@@std@@@std@@YA$$QAV?$allocator@U?$_Tree_node@U?$pair@$$CBV?$basic_string@DU?$char_traits@D@std@@V?$allocator@D@2@@std@@V?$basic_config@Ujson_args@configor@@@configor@@@std@@PAX@std@@@0@AAV10@@Z 10007810 f i Pipi_edit.obj
 0001:00006810       ??$forward@I@std@@YA$$QAIAAI@Z 10007810 f i Aimbot.obj
 0001:00006810       ??$_Unfancy@I@std@@YAPAIPAI@Z 10007810 f i Aimbot.obj
 0001:00006810       ??$move@AAV?$allocator@D@std@@@std@@YA$$QAV?$allocator@D@0@AAV10@@Z 10007810 f i Menu.obj
 0001:00006810       ??$_Unfancy@D@std@@YAPADPAD@Z 10007810 f i Cvars.obj
 0001:00006810       ??$_Voidify_iter@PAPAU?$_Tree_node@U?$pair@$$CBV?$basic_string@DU?$char_traits@D@std@@V?$allocator@D@2@@std@@V?$basic_config@Ujson_args@configor@@@configor@@@std@@PAX@std@@@std@@YAPAXPAPAU?$_Tree_node@U?$pair@$$CBV?$basic_string@DU?$char_traits@D@std@@V?$allocator@D@2@@std@@V?$basic_config@Ujson_args@configor@@@configor@@@std@@PAX@0@@Z 10007810 f i Pipi_edit.obj
 0001:00006810       ??$addressof@V?$basic_string@DU?$char_traits@D@std@@V?$allocator@D@2@@std@@@std@@YAPAV?$basic_string@DU?$char_traits@D@std@@V?$allocator@D@2@@0@AAV10@@Z 10007810 f i Pipi_edit.obj
 0001:00006810       ??$_Voidify_iter@PAV?$vector@V?$basic_config@Ujson_args@configor@@@configor@@V?$allocator@V?$basic_config@Ujson_args@configor@@@configor@@@std@@@std@@@std@@YAPAXPAV?$vector@V?$basic_config@Ujson_args@configor@@@configor@@V?$allocator@V?$basic_config@Ujson_args@configor@@@configor@@@std@@@0@@Z 10007810 f i Pipi_edit.obj
 0001:00006810       ??$_Voidify_iter@PAPAVVector@@@std@@YAPAXPAPAVVector@@@Z 10007810 f i Visuals.obj
 0001:00006810       ??$_Voidify_iter@PAV?$map@V?$basic_string@DU?$char_traits@D@std@@V?$allocator@D@2@@std@@V?$basic_config@Ujson_args@configor@@@configor@@U?$less@V?$basic_string@DU?$char_traits@D@std@@V?$allocator@D@2@@std@@@2@V?$allocator@U?$pair@$$CBV?$basic_string@DU?$char_traits@D@std@@V?$allocator@D@2@@std@@V?$basic_config@Ujson_args@configor@@@configor@@@std@@@2@@std@@@std@@YAPAXPAV?$map@V?$basic_string@DU?$char_traits@D@std@@V?$allocator@D@2@@std@@V?$basic_config@Ujson_args@configor@@@configor@@U?$less@V?$basic_string@DU?$char_traits@D@std@@V?$allocator@D@2@@std@@@2@V?$allocator@U?$pair@$$CBV?$basic_string@DU?$char_traits@D@std@@V?$allocator@D@2@@std@@V?$basic_config@Ujson_args@configor@@@configor@@@std@@@2@@0@@Z 10007810 f i Pipi_edit.obj
 0001:00006810       ??$addressof@V?$_Deque_val@U?$_Deque_simple_types@I@std@@@std@@@std@@YAPAV?$_Deque_val@U?$_Deque_simple_types@I@std@@@0@AAV10@@Z 10007810 f i Aimbot.obj
 0001:00006810       ??$_Get_unwrapped@AAV?$istreambuf_iterator@DU?$char_traits@D@std@@@std@@@std@@YA?A_TAAV?$istreambuf_iterator@DU?$char_traits@D@std@@@0@@Z 10007810 f i World.obj
 0001:00006810       ??$_Unfancy@Umy_sound_t@@@std@@YAPAUmy_sound_t@@PAU1@@Z 10007810 f i Sounds.obj
 0001:00006810       ??$forward@ABVVector@@@std@@YAABVVector@@ABV1@@Z 10007810 f i Visuals.obj
 0001:00006810       ??$forward@AB_N@std@@YAAB_NAB_N@Z 10007810 f i Pipi_edit.obj
 0001:00006810       ??$_Voidify_iter@PAU_Container_proxy@std@@@std@@YAPAXPAU_Container_proxy@0@@Z 10007810 f i Aimbot.obj
 0001:00006810       ??$forward@PAPAI@std@@YA$$QAPAPAIAAPAPAI@Z 10007810 f i Aimbot.obj
 0001:00006810       ??$addressof@$$CBV?$_Tree_val@U?$_Tree_simple_types@U?$pair@$$CBV?$basic_string@DU?$char_traits@D@std@@V?$allocator@D@2@@std@@V?$basic_config@Ujson_args@configor@@@configor@@@std@@@std@@@std@@@std@@YAPBV?$_Tree_val@U?$_Tree_simple_types@U?$pair@$$CBV?$basic_string@DU?$char_traits@D@std@@V?$allocator@D@2@@std@@V?$basic_config@Ujson_args@configor@@@configor@@@std@@@std@@@0@ABV10@@Z 10007810 f i Pipi_edit.obj
 0001:00006810       ??$addressof@PAVVector@@@std@@YAPAPAVVector@@AAPAV1@@Z 10007810 f i Visuals.obj
 0001:00006810       ??$addressof@U_Container_proxy@std@@@std@@YAPAU_Container_proxy@0@AAU10@@Z 10007810 f i Aimbot.obj
 0001:00006810       ??$addressof@$$CBV?$codecvt@DDU_Mbstatet@@@std@@@std@@YAPBV?$codecvt@DDU_Mbstatet@@@0@ABV10@@Z 10007810 f i World.obj
 0001:00006810       ??$move@AAV?$basic_string@DU?$char_traits@D@std@@V?$allocator@D@2@@std@@@std@@YA$$QAV?$basic_string@DU?$char_traits@D@std@@V?$allocator@D@2@@0@AAV10@@Z 10007810 f i Pipi_edit.obj
 0001:00006810       ??$_Voidify_iter@PAU?$pair@$$CBV?$basic_string@DU?$char_traits@D@std@@V?$allocator@D@2@@std@@V?$basic_config@Ujson_args@configor@@@configor@@@std@@@std@@YAPAXPAU?$pair@$$CBV?$basic_string@DU?$char_traits@D@std@@V?$allocator@D@2@@std@@V?$basic_config@Ujson_args@configor@@@configor@@@0@@Z 10007810 f i Pipi_edit.obj
 0001:00006810       ??$forward@ABQAD@std@@YAABQADABQAD@Z 10007810 f i Cvars.obj
 0001:00006810       ??$addressof@V?$_Deque_val@U?$_Deque_simple_types@VVector@@@std@@@std@@@std@@YAPAV?$_Deque_val@U?$_Deque_simple_types@VVector@@@std@@@0@AAV10@@Z 10007810 f i Visuals.obj
 0001:00006810       ??$forward@PAPAUmy_sound_t@@@std@@YA$$QAPAPAUmy_sound_t@@AAPAPAU1@@Z 10007810 f i Sounds.obj
 0001:00006810       ??$addressof@$$CBU?$pair@$$CBV?$basic_string@DU?$char_traits@D@std@@V?$allocator@D@2@@std@@V?$basic_config@Ujson_args@configor@@@configor@@@std@@@std@@YAPBU?$pair@$$CBV?$basic_string@DU?$char_traits@D@std@@V?$allocator@D@2@@std@@V?$basic_config@Ujson_args@configor@@@configor@@@0@ABU10@@Z 10007810 f i Pipi_edit.obj
 0001:00006810       ??$forward@AAY04$$CBD@std@@YAAAY04$$CBDAAY04$$CBD@Z 10007810 f i Pipi_edit.obj
 0001:00006810       ??$_Voidify_iter@PAV?$basic_string@DU?$char_traits@D@std@@V?$allocator@D@2@@std@@@std@@YAPAXPAV?$basic_string@DU?$char_traits@D@std@@V?$allocator@D@2@@0@@Z 10007810 f i Pipi_edit.obj
 0001:00006810       ??$forward@ABQAU?$_Tree_node@U?$pair@$$CBV?$basic_string@DU?$char_traits@D@std@@V?$allocator@D@2@@std@@V?$basic_config@Ujson_args@configor@@@configor@@@std@@PAX@std@@@std@@YAABQAU?$_Tree_node@U?$pair@$$CBV?$basic_string@DU?$char_traits@D@std@@V?$allocator@D@2@@std@@V?$basic_config@Ujson_args@configor@@@configor@@@std@@PAX@0@ABQAU10@@Z 10007810 f i Pipi_edit.obj
 0001:00006810       ??$forward@V?$basic_string@DU?$char_traits@D@std@@V?$allocator@D@2@@std@@@std@@YA$$QAV?$basic_string@DU?$char_traits@D@std@@V?$allocator@D@2@@0@AAV10@@Z 10007810 f i Pipi_edit.obj
 0001:00006810       ??$forward@AAY07$$CBD@std@@YAAAY07$$CBDAAY07$$CBD@Z 10007810 f i Pipi_edit.obj
 0001:00006810       ??$forward@PAPAVVector@@@std@@YA$$QAPAPAVVector@@AAPAPAV1@@Z 10007810 f i Visuals.obj
 0001:00006810       ??$forward@AAPAU?$_Tree_node@U?$pair@$$CBV?$basic_string@DU?$char_traits@D@std@@V?$allocator@D@2@@std@@V?$basic_config@Ujson_args@configor@@@configor@@@std@@PAX@std@@@std@@YAAAPAU?$_Tree_node@U?$pair@$$CBV?$basic_string@DU?$char_traits@D@std@@V?$allocator@D@2@@std@@V?$basic_config@Ujson_args@configor@@@configor@@@std@@PAX@0@AAPAU10@@Z 10007810 f i Pipi_edit.obj
 0001:00006810       ??$forward@AAPAI@std@@YAAAPAIAAPAI@Z 10007810 f i Aimbot.obj
 0001:00006810       ??$move@AAV?$basic_config@Ujson_args@configor@@@configor@@@std@@YA$$QAV?$basic_config@Ujson_args@configor@@@configor@@AAV12@@Z 10007810 f i Pipi_edit.obj
 0001:00006810       ??$forward@ABV?$allocator@D@std@@@std@@YAABV?$allocator@D@0@ABV10@@Z 10007810 f i World.obj
 0001:00006810       ??$_Voidify_iter@PAPAD@std@@YAPAXPAPAD@Z 10007810 f i Cvars.obj
 0001:00006810       ??$move@AAW4config_value_type@configor@@@std@@YA$$QAW4config_value_type@configor@@AAW412@@Z 10007810 f i Pipi_edit.obj
 0001:00006810       ??$forward@ABV?$basic_config@Ujson_args@configor@@@configor@@@std@@YAABV?$basic_config@Ujson_args@configor@@@configor@@ABV12@@Z 10007810 f i Pipi_edit.obj
 0001:00006810       ??$addressof@V?$_String_val@U?$_Simple_types@D@std@@@std@@@std@@YAPAV?$_String_val@U?$_Simple_types@D@std@@@0@AAV10@@Z 10007810 f i Menu.obj
 0001:00006810       ??$forward@ABV?$basic_string@DU?$char_traits@D@std@@V?$allocator@D@2@@std@@@std@@YAABV?$basic_string@DU?$char_traits@D@std@@V?$allocator@D@2@@0@ABV10@@Z 10007810 f i Pipi_edit.obj
 0001:00006810       ??$forward@AAV?$vector@V?$basic_config@Ujson_args@configor@@@configor@@V?$allocator@V?$basic_config@Ujson_args@configor@@@configor@@@std@@@std@@@std@@YAAAV?$vector@V?$basic_config@Ujson_args@configor@@@configor@@V?$allocator@V?$basic_config@Ujson_args@configor@@@configor@@@std@@@0@AAV10@@Z 10007810 f i Pipi_edit.obj
 0001:00006820       ??$construct@II@?$_Default_allocator_traits@V?$allocator@I@std@@@std@@SAXAAV?$allocator@I@1@QAI$$QAI@Z 10007820 f i Aimbot.obj
 0001:00006820       ??$construct@IABI@?$_Default_allocator_traits@V?$allocator@I@std@@@std@@SAXAAV?$allocator@I@1@QAIABI@Z 10007820 f i Aimbot.obj
 0001:00006860       ??$?0I@?$allocator@PAI@std@@QAE@ABV?$allocator@I@1@@Z 10007860 f i Aimbot.obj
 0001:00006860       ??$?0Umy_sound_t@@@?$allocator@PAUmy_sound_t@@@std@@QAE@ABV?$allocator@Umy_sound_t@@@1@@Z 10007860 f i Sounds.obj
 0001:00006860       ??$?0VVector@@@?$allocator@U_Container_proxy@std@@@std@@QAE@ABV?$allocator@VVector@@@1@@Z 10007860 f i Visuals.obj
 0001:00006860       ??$?0Umy_sound_t@@@?$allocator@U_Container_proxy@std@@@std@@QAE@ABV?$allocator@Umy_sound_t@@@1@@Z 10007860 f i Sounds.obj
 0001:00006860       ??$?0VVector@@@?$allocator@PAVVector@@@std@@QAE@ABV?$allocator@VVector@@@1@@Z 10007860 f i Visuals.obj
 0001:00006860       ??$?0I@?$allocator@U_Container_proxy@std@@@std@@QAE@ABV?$allocator@I@1@@Z 10007860 f i Aimbot.obj
 0001:00006870       ??$exchange@PAU?$_Tree_node@U?$pair@$$CBV?$basic_string@DU?$char_traits@D@std@@V?$allocator@D@2@@std@@V?$basic_config@Ujson_args@configor@@@configor@@@std@@PAX@std@@AAPAU12@@std@@YAPAU?$_Tree_node@U?$pair@$$CBV?$basic_string@DU?$char_traits@D@std@@V?$allocator@D@2@@std@@V?$basic_config@Ujson_args@configor@@@configor@@@std@@PAX@0@AAPAU10@0@Z 10007870 f i Pipi_edit.obj
 0001:00006870       ??$exchange@PAU_Container_proxy@std@@$$T@std@@YAPAU_Container_proxy@0@AAPAU10@$$QA$$T@Z 10007870 f i Aimbot.obj
 0001:00006870       ??$exchange@PAV_Facet_base@std@@$$T@std@@YAPAV_Facet_base@0@AAPAV10@$$QA$$T@Z 10007870 f i World.obj
 0001:00006870       ??$exchange@PAU?$_Tree_node@U?$pair@$$CBV?$basic_string@DU?$char_traits@D@std@@V?$allocator@D@2@@std@@V?$basic_config@Ujson_args@configor@@@configor@@@std@@PAX@std@@$$T@std@@YAPAU?$_Tree_node@U?$pair@$$CBV?$basic_string@DU?$char_traits@D@std@@V?$allocator@D@2@@std@@V?$basic_config@Ujson_args@configor@@@configor@@@std@@PAX@0@AAPAU10@$$QA$$T@Z 10007870 f i Pipi_edit.obj
 0001:00006890       ??$_Delete_plain_internal@V?$allocator@U_Container_proxy@std@@@std@@@std@@YAXAAV?$allocator@U_Container_proxy@std@@@0@QAU_Container_proxy@0@@Z 10007890 f i Aimbot.obj
 0001:000068b0       ??$?0$$V@?$_Compressed_pair@V?$allocator@I@std@@V?$_Deque_val@U?$_Deque_simple_types@I@std@@@2@$00@std@@QAE@U_Zero_then_variadic_args_t@1@@Z 100078b0 f i Aimbot.obj
 0001:000068b0       ??$?0$$V@?$_Compressed_pair@V?$allocator@VVector@@@std@@V?$_Deque_val@U?$_Deque_simple_types@VVector@@@std@@@2@$00@std@@QAE@U_Zero_then_variadic_args_t@1@@Z 100078b0 f i Visuals.obj
 0001:000068b0       ??$?0$$V@?$_Compressed_pair@V?$allocator@Umy_sound_t@@@std@@V?$_Deque_val@U?$_Deque_simple_types@Umy_sound_t@@@std@@@2@$00@std@@QAE@U_Zero_then_variadic_args_t@1@@Z 100078b0 f i Sounds.obj
 0001:000068d0       ??$_Alloc_proxy@V?$allocator@U_Container_proxy@std@@@std@@@_Container_base12@std@@QAEX$$QAV?$allocator@U_Container_proxy@std@@@1@@Z 100078d0 f i Aimbot.obj
 0001:00006920       ??$_Adl_verify_range@PAPAVVector@@PAPAV1@@std@@YAXABQAPAVVector@@0@Z 10007920 f i Visuals.obj
 0001:00006920       ??$_Adl_verify_range@PAPAUmy_sound_t@@PAPAU1@@std@@YAXABQAPAUmy_sound_t@@0@Z 10007920 f i Sounds.obj
 0001:00006920       ??$_Destroy_range@PAPAIPAPAI@std@@YAXPAPAIQAPAI@Z 10007920 f i Aimbot.obj
 0001:00006920       ??$_Destroy_in_place@PAU?$_Tree_node@U?$pair@$$CBV?$basic_string@DU?$char_traits@D@std@@V?$allocator@D@2@@std@@V?$basic_config@Ujson_args@configor@@@configor@@@std@@PAX@std@@@std@@YAXAAPAU?$_Tree_node@U?$pair@$$CBV?$basic_string@DU?$char_traits@D@std@@V?$allocator@D@2@@std@@V?$basic_config@Ujson_args@configor@@@configor@@@std@@PAX@0@@Z 10007920 f i Pipi_edit.obj
 0001:00006920       ??$_Destroy_range@PAPAVVector@@PAPAV1@@std@@YAXPAPAVVector@@QAPAV1@@Z 10007920 f i Visuals.obj
 0001:00006920       ??$_Adl_verify_range@PBV?$basic_config@Ujson_args@configor@@@configor@@PBV12@@std@@YAXABQBV?$basic_config@Ujson_args@configor@@@configor@@0@Z 10007920 f i Pipi_edit.obj
 0001:00006920       ??$_Adl_verify_range@PADPBD@std@@YAXABQADABQBD@Z 10007920 f i World.obj
 0001:00006920       ??$_Adl_verify_range@PAPAIPAPAI@std@@YAXABQAPAI0@Z 10007920 f i Aimbot.obj
 0001:00006920       ??$destroy@I@?$_Default_allocator_traits@V?$allocator@I@std@@@std@@SAXAAV?$allocator@I@1@QAI@Z 10007920 f i Aimbot.obj
 0001:00006920       ??$_Destroy_in_place@PAUmy_sound_t@@@std@@YAXAAPAUmy_sound_t@@@Z 10007920 f i Sounds.obj
 0001:00006920       ??$_Adl_verify_range@PBDPBD@std@@YAXABQBD0@Z 10007920 f i World.obj
 0001:00006920       ??$_Destroy_range@PAPAUmy_sound_t@@PAPAU1@@std@@YAXPAPAUmy_sound_t@@QAPAU1@@Z 10007920 f i Sounds.obj
 0001:00006920       ??$_Adl_verify_range@V?$istreambuf_iterator@DU?$char_traits@D@std@@@std@@V12@@std@@YAXABV?$istreambuf_iterator@DU?$char_traits@D@std@@@0@0@Z 10007920 f i World.obj
 0001:00006920       ??$_Destroy_in_place@PAI@std@@YAXAAPAI@Z 10007920 f i Aimbot.obj
 0001:00006920       ??$_Destroy_in_place@PAD@std@@YAXAAPAD@Z 10007920 f i Cvars.obj
 0001:00006920       ??$_Destroy_in_place@PAVVector@@@std@@YAXAAPAVVector@@@Z 10007920 f i Visuals.obj
 0001:00006930       ??$uninitialized_copy@PAPAIPAPAI@std@@YAPAPAIQAPAI0PAPAI@Z 10007930 f i Aimbot.obj
 0001:00006930       ??$uninitialized_copy@PAPAUmy_sound_t@@PAPAU1@@std@@YAPAPAUmy_sound_t@@QAPAU1@0PAPAU1@@Z 10007930 f i Sounds.obj
 0001:00006930       ??$uninitialized_copy@PAPAVVector@@PAPAV1@@std@@YAPAPAVVector@@QAPAV1@0PAPAV1@@Z 10007930 f i Visuals.obj
 0001:000069d0       ??$_Get_unwrapped@AAPBV?$basic_config@Ujson_args@configor@@@configor@@@std@@YA?A_TAAPBV?$basic_config@Ujson_args@configor@@@configor@@@Z 100079d0 f i Pipi_edit.obj
 0001:000069d0       ??$_To_address@PAPAI@std@@YA?A_PABQAPAI@Z 100079d0 f i Aimbot.obj
 0001:000069d0       ??$_To_address@PAPAVVector@@@std@@YA?A_PABQAPAVVector@@@Z 100079d0 f i Visuals.obj
 0001:000069d0       ??$_Get_unwrapped@ABQBV?$basic_config@Ujson_args@configor@@@configor@@@std@@YA?A_TABQBV?$basic_config@Ujson_args@configor@@@configor@@@Z 100079d0 f i Pipi_edit.obj
 0001:000069d0       ??$_Get_unwrapped@ABQAPAVVector@@@std@@YA?A_TABQAPAVVector@@@Z 100079d0 f i Visuals.obj
 0001:000069d0       ??$_Get_unwrapped_n@AAPAPAIH@std@@YA?A_TAAPAPAIH@Z 100079d0 f i Aimbot.obj
 0001:000069d0       ??$_Get_unwrapped@ABQAPAUmy_sound_t@@@std@@YA?A_TABQAPAUmy_sound_t@@@Z 100079d0 f i Sounds.obj
 0001:000069d0       ??$_Get_unwrapped@ABQAPAI@std@@YA?A_TABQAPAI@Z 100079d0 f i Aimbot.obj
 0001:000069d0       ??$_To_address@PAPAUmy_sound_t@@@std@@YA?A_PABQAPAUmy_sound_t@@@Z 100079d0 f i Sounds.obj
 0001:000069d0       ??$_Get_unwrapped_n@AAPAPAUmy_sound_t@@H@std@@YA?A_TAAPAPAUmy_sound_t@@H@Z 100079d0 f i Sounds.obj
 0001:000069d0       ??$_Get_unwrapped_n@AAPAPAVVector@@H@std@@YA?A_TAAPAPAVVector@@H@Z 100079d0 f i Visuals.obj
 0001:000069d0       ??$_Get_unwrapped@ABQAV?$basic_config@Ujson_args@configor@@@configor@@@std@@YA?A_TABQAV?$basic_config@Ujson_args@configor@@@configor@@@Z 100079d0 f i Pipi_edit.obj
 0001:000069e0       ??$_Idl_distance@PAPAVVector@@PAPAV1@@std@@YA?A_PABQAPAVVector@@0@Z 100079e0 f i Visuals.obj
 0001:000069e0       ??$_Idl_distance@PAPAUmy_sound_t@@PAPAU1@@std@@YA?A_PABQAPAUmy_sound_t@@0@Z 100079e0 f i Sounds.obj
 0001:000069e0       ??$_Idl_distance@PAPAIPAPAI@std@@YA?A_PABQAPAI0@Z 100079e0 f i Aimbot.obj
 0001:00006a00       ??$_Uninitialized_value_construct_n_unchecked1@PAPAII@std@@YAPAPAIPAPAII@Z 10007a00 f i Aimbot.obj
 0001:00006a00       ??$_Uninitialized_value_construct_n_unchecked1@PAPAVVector@@I@std@@YAPAPAVVector@@PAPAV1@I@Z 10007a00 f i Visuals.obj
 0001:00006a00       ??$_Uninitialized_value_construct_n_unchecked1@PAPAUmy_sound_t@@I@std@@YAPAPAUmy_sound_t@@PAPAU1@I@Z 10007a00 f i Sounds.obj
 0001:00006a20       ??$_Get_size_of_n@$03@std@@YAII@Z 10007a20 f i Aimbot.obj
 0001:00006a50       ??$_Allocate@$07U_Default_allocate_traits@std@@$0A@@std@@YAPAXI@Z 10007a50 f i Aimbot.obj
 0001:00006a90       ??$min@I@std@@YAABIABI0@Z  10007a90 f i Aimbot.obj
 0001:00006ac0       ??$_Deallocate@$07$0A@@std@@YAXPAXI@Z 10007ac0 f i Aimbot.obj
 0001:00006b20       ?allocate@?$allocator@U_Container_proxy@std@@@std@@QAEPAU_Container_proxy@2@I@Z 10007b20 f i Aimbot.obj
 0001:00006b50       ??0?$_Deque_val@U?$_Deque_simple_types@VVector@@@std@@@std@@QAE@XZ 10007b50 f i Visuals.obj
 0001:00006b50       ??0?$_Deque_val@U?$_Deque_simple_types@I@std@@@std@@QAE@XZ 10007b50 f i Aimbot.obj
 0001:00006b50       ??0?$_Deque_val@U?$_Deque_simple_types@Umy_sound_t@@@std@@@std@@QAE@XZ 10007b50 f i Sounds.obj
 0001:00006b90       ??0_Container_base12@std@@QAE@XZ 10007b90 f i Aimbot.obj
 0001:00006b90       ??0_Bxty@?$_String_val@U?$_Simple_types@D@std@@@std@@QAE@XZ 10007b90 f i Cvars.obj
 0001:00006bb0       ??$_Deallocate_plain@V?$allocator@U_Container_proxy@std@@@std@@@std@@YAXAAV?$allocator@U_Container_proxy@std@@@0@QAU_Container_proxy@0@@Z 10007bb0 f i Aimbot.obj
 0001:00006c00       ??$_Construct_in_place@U_Container_proxy@std@@PAU_Container_base12@2@@std@@YAXAAU_Container_proxy@0@$$QAPAU_Container_base12@0@@Z 10007c00 f i Aimbot.obj
 0001:00006c50       ??$_Uninitialized_copy_unchecked@PAPAUmy_sound_t@@PAPAU1@@std@@YAPAPAUmy_sound_t@@PAPAU1@QAPAU1@0@Z 10007c50 f i Sounds.obj
 0001:00006c50       ??$_Uninitialized_copy_unchecked@PAPAVVector@@PAPAV1@@std@@YAPAPAVVector@@PAPAV1@QAPAV1@0@Z 10007c50 f i Visuals.obj
 0001:00006c50       ??$_Uninitialized_copy_unchecked@PAPAIPAPAI@std@@YAPAPAIPAPAIQAPAI0@Z 10007c50 f i Aimbot.obj
 0001:00006d00       ??$_Seek_wrapped@PAPAIPAPAI@std@@YAXAAPAPAI$$QAPAPAI@Z 10007d00 f i Aimbot.obj
 0001:00006d00       ??$_Seek_wrapped@PAPAVVector@@PAPAV1@@std@@YAXAAPAPAVVector@@$$QAPAPAV1@@Z 10007d00 f i Visuals.obj
 0001:00006d00       ??$_Seek_wrapped@PAPAUmy_sound_t@@PAPAU1@@std@@YAXAAPAPAUmy_sound_t@@$$QAPAPAU1@@Z 10007d00 f i Sounds.obj
 0001:00006d20       ??$_Zero_range@PAPAVVector@@@std@@YAPAPAVVector@@QAPAV1@0@Z 10007d20 f i Visuals.obj
 0001:00006d20       ??$_Zero_range@PAPAI@std@@YAPAPAIQAPAI0@Z 10007d20 f i Aimbot.obj
 0001:00006d20       ??$_Zero_range@PAPAUmy_sound_t@@@std@@YAPAPAUmy_sound_t@@QAPAU1@0@Z 10007d20 f i Sounds.obj
 0001:00006d60       ??$_Allocate_manually_vector_aligned@U_Default_allocate_traits@std@@@std@@YAPAXI@Z 10007d60 f i Aimbot.obj
 0001:00006dd0       ??$_Get_size_of_n@$07@std@@YAII@Z 10007dd0 f i Aimbot.obj
 0001:00006e00       ?_Release@?$_Uninitialized_backout_al@V?$allocator@V?$basic_config@Ujson_args@configor@@@configor@@@std@@@std@@QAEPAV?$basic_config@Ujson_args@configor@@@configor@@XZ 10007e00 f i Pipi_edit.obj
 0001:00006e00       ?_Release@?$_Uninitialized_backout@PAPAI@std@@QAEPAPAIXZ 10007e00 f i Aimbot.obj
 0001:00006e00       ?_Release@?$_Uninitialized_backout@PAPAVVector@@@std@@QAEPAPAVVector@@XZ 10007e00 f i Visuals.obj
 0001:00006e00       ?_Release@?$_Uninitialized_backout@PAPAUmy_sound_t@@@std@@QAEPAPAUmy_sound_t@@XZ 10007e00 f i Sounds.obj
 0001:00006e20       ??1?$_Uninitialized_backout@PAPAUmy_sound_t@@@std@@QAE@XZ 10007e20 f i Sounds.obj
 0001:00006e20       ??1?$_Uninitialized_backout@PAPAVVector@@@std@@QAE@XZ 10007e20 f i Visuals.obj
 0001:00006e20       ??1?$_Uninitialized_backout@PAPAI@std@@QAE@XZ 10007e20 f i Aimbot.obj
 0001:00006e40       ??0?$_Uninitialized_backout@PAPAVVector@@@std@@QAE@PAPAVVector@@@Z 10007e40 f i Visuals.obj
 0001:00006e40       ??0?$_Uninitialized_backout@PAPAI@std@@QAE@PAPAI@Z 10007e40 f i Aimbot.obj
 0001:00006e40       ??0?$_Uninitialized_backout@PAPAUmy_sound_t@@@std@@QAE@PAPAUmy_sound_t@@@Z 10007e40 f i Sounds.obj
 0001:00006e70       ?deallocate@?$_Default_allocator_traits@V?$allocator@U_Container_proxy@std@@@std@@@std@@SAXAAV?$allocator@U_Container_proxy@std@@@2@QAU_Container_proxy@2@I@Z 10007e70 f i Aimbot.obj
 0001:00006e70       ?deallocate@?$_Default_allocator_traits@V?$allocator@V?$map@V?$basic_string@DU?$char_traits@D@std@@V?$allocator@D@2@@std@@V?$basic_config@Ujson_args@configor@@@configor@@U?$less@V?$basic_string@DU?$char_traits@D@std@@V?$allocator@D@2@@std@@@2@V?$allocator@U?$pair@$$CBV?$basic_string@DU?$char_traits@D@std@@V?$allocator@D@2@@std@@V?$basic_config@Ujson_args@configor@@@configor@@@std@@@2@@std@@@std@@@std@@SAXAAV?$allocator@V?$map@V?$basic_string@DU?$char_traits@D@std@@V?$allocator@D@2@@std@@V?$basic_config@Ujson_args@configor@@@configor@@U?$less@V?$basic_string@DU?$char_traits@D@std@@V?$allocator@D@2@@std@@@2@V?$allocator@U?$pair@$$CBV?$basic_string@DU?$char_traits@D@std@@V?$allocator@D@2@@std@@V?$basic_config@Ujson_args@configor@@@configor@@@std@@@2@@std@@@2@QAV?$map@V?$basic_string@DU?$char_traits@D@std@@V?$allocator@D@2@@std@@V?$basic_config@Ujson_args@configor@@@configor@@U?$less@V?$basic_string@DU?$char_traits@D@std@@V?$allocator@D@2@@std@@@2@V?$allocator@U?$pair@$$CBV?$basic_string@DU?$char_traits@D@std@@V?$allocator@D@2@@std@@V?$basic_config@Ujson_args@configor@@@configor@@@std@@@2@@2@I@Z 10007e70 f i Pipi_edit.obj
 0001:00006e90       ??$_Copy_memmove@PAPAIPAPAI@std@@YAPAPAIPAPAI00@Z 10007e90 f i Aimbot.obj
 0001:00006e90       ??$_Copy_memmove@PAPAUmy_sound_t@@PAPAU1@@std@@YAPAPAUmy_sound_t@@PAPAU1@00@Z 10007e90 f i Sounds.obj
 0001:00006e90       ??$_Copy_memmove@PAPAVVector@@PAPAV1@@std@@YAPAPAVVector@@PAPAV1@00@Z 10007e90 f i Visuals.obj
 0001:00006f00       ??$_Emplace_back@AAPAVVector@@@?$_Uninitialized_backout@PAPAVVector@@@std@@QAEXAAPAVVector@@@Z 10007f00 f i Visuals.obj
 0001:00006f00       ??$_Emplace_back@AAPAUmy_sound_t@@@?$_Uninitialized_backout@PAPAUmy_sound_t@@@std@@QAEXAAPAUmy_sound_t@@@Z 10007f00 f i Sounds.obj
 0001:00006f00       ??$_Emplace_back@AAPAI@?$_Uninitialized_backout@PAPAI@std@@QAEXAAPAI@Z 10007f00 f i Aimbot.obj
 0001:00006f40       ??$_Construct_in_place@PAUmy_sound_t@@AAPAU1@@std@@YAXAAPAUmy_sound_t@@0@Z 10007f40 f i Sounds.obj
 0001:00006f40       ??$_Construct_in_place@PAIAAPAI@std@@YAXAAPAI0@Z 10007f40 f i Aimbot.obj
 0001:00006f40       ??$_Construct_in_place@PAVVector@@AAPAV1@@std@@YAXAAPAVVector@@0@Z 10007f40 f i Visuals.obj
 0001:00006f40       ??$_Construct_in_place@PADABQAD@std@@YAXAAPADABQAD@Z 10007f40 f i Cvars.obj
 0001:00006f40       ??$_Construct_in_place@PADAAPAD@std@@YAXAAPAD0@Z 10007f40 f i Menu.obj
 0001:00006f40       ??$_Construct_in_place@PAU?$_Tree_node@U?$pair@$$CBV?$basic_string@DU?$char_traits@D@std@@V?$allocator@D@2@@std@@V?$basic_config@Ujson_args@configor@@@configor@@@std@@PAX@std@@AAPAU12@@std@@YAXAAPAU?$_Tree_node@U?$pair@$$CBV?$basic_string@DU?$char_traits@D@std@@V?$allocator@D@2@@std@@V?$basic_config@Ujson_args@configor@@@configor@@@std@@PAX@0@0@Z 10007f40 f i Pipi_edit.obj
 0001:00006f40       ??$_Construct_in_place@PAU?$_Tree_node@U?$pair@$$CBV?$basic_string@DU?$char_traits@D@std@@V?$allocator@D@2@@std@@V?$basic_config@Ujson_args@configor@@@configor@@@std@@PAX@std@@ABQAU12@@std@@YAXAAPAU?$_Tree_node@U?$pair@$$CBV?$basic_string@DU?$char_traits@D@std@@V?$allocator@D@2@@std@@V?$basic_config@Ujson_args@configor@@@configor@@@std@@PAX@0@ABQAU10@@Z 10007f40 f i Pipi_edit.obj
 0001:00006f80       ?fpclassify@@YAHN@Z        10007f80 f i Cvars.obj
 0001:00006fa0       ??0_Fake_proxy_ptr_impl@std@@QAE@ABU_Fake_allocator@1@ABU_Container_base0@1@@Z 10007fa0 f i Cvars.obj
 0001:00006fb0       ?_Xlen_string@std@@YAXXZ   10007fb0 f i Cvars.obj
 0001:00006fc0       ??0CCvars@@QAE@XZ          10007fc0 f i Cvars.obj
 0001:00006fe0       ?Init@CCvars@@QAEXXZ       10007fe0 f   Cvars.obj
 0001:000077c0       ?dtoa@@YAPADPADN@Z         100087c0 f   Cvars.obj
 0001:00007b60       ?LoadCvars@CFunctions@@QAEXXZ 10008b60 f   Cvars.obj
 0001:0000a090       ?c_str@?$basic_string@DU?$char_traits@D@std@@V?$allocator@D@2@@std@@QBEPBDXZ 1000b090 f i Cvars.obj
 0001:0000a090       ?data@?$basic_string@DU?$char_traits@D@std@@V?$allocator@D@2@@std@@QBEPBDXZ 1000b090 f i World.obj
 0001:0000a0b0       ?append@?$basic_string@DU?$char_traits@D@std@@V?$allocator@D@2@@std@@QAEAAV12@QBD@Z 1000b0b0 f i Cvars.obj
 0001:0000a0e0       ??1?$basic_string@DU?$char_traits@D@std@@V?$allocator@D@2@@std@@QAE@XZ 1000b0e0 f i Cvars.obj
 0001:0000a100       ??0?$basic_string@DU?$char_traits@D@std@@V?$allocator@D@2@@std@@QAE@QBD@Z 1000b100 f i Cvars.obj
 0001:0000a1a0       ??1?$_Compressed_pair@V?$allocator@D@std@@V?$_String_val@U?$_Simple_types@D@std@@@2@$00@std@@QAE@XZ 1000b1a0 f i Cvars.obj
 0001:0000a1c0       ?_Tidy_deallocate@?$basic_string@DU?$char_traits@D@std@@V?$allocator@D@2@@std@@AAEXXZ 1000b1c0 f i Cvars.obj
 0001:0000a280       ?_Tidy_init@?$basic_string@DU?$char_traits@D@std@@V?$allocator@D@2@@std@@AAEXXZ 1000b280 f i Cvars.obj
 0001:0000a2d0       ?assign@?$basic_string@DU?$char_traits@D@std@@V?$allocator@D@2@@std@@QAEAAV12@QBD@Z 1000b2d0 f i Cvars.obj
 0001:0000a300       ?assign@?$basic_string@DU?$char_traits@D@std@@V?$allocator@D@2@@std@@QAEAAV12@QBDI@Z 1000b300 f i Cvars.obj
 0001:0000a380       ??R<lambda_9366063389c5f42a00a5088cf24e69de>@@QBE@QADIQBD@Z 1000b380 f i Cvars.obj
 0001:0000a3c0       ?append@?$basic_string@DU?$char_traits@D@std@@V?$allocator@D@2@@std@@QAEAAV12@QBDI@Z 1000b3c0 f i Cvars.obj
 0001:0000a460       ??R<lambda_ab246b20b9526e2ef7792587e4298a77>@@QBE@QADQBDI1I@Z 1000b460 f i Cvars.obj
 0001:0000a4c0       ?_Myptr@?$_String_val@U?$_Simple_types@D@std@@@std@@QBEPBDXZ 1000b4c0 f i Cvars.obj
 0001:0000a4c0       ?_Myptr@?$_String_val@U?$_Simple_types@D@std@@@std@@QAEPADXZ 1000b4c0 f i Cvars.obj
 0001:0000a500       ?length@?$_Narrow_char_traits@DH@std@@SAIQBD@Z 1000b500 f i Cvars.obj
 0001:0000a540       ??$max@I@std@@YAABIABI0@Z  1000b540 f i Cvars.obj
 0001:0000a570       ?max_size@?$basic_string@DU?$char_traits@D@std@@V?$allocator@D@2@@std@@QBEIXZ 1000b570 f i Cvars.obj
 0001:0000a5f0       ?_Large_string_engaged@?$_String_val@U?$_Simple_types@D@std@@@std@@QBE_NXZ 1000b5f0 f i Cvars.obj
 0001:0000a620       ?allocate@?$allocator@D@std@@QAEPADI@Z 1000b620 f i Cvars.obj
 0001:0000a650       ?deallocate@?$allocator@D@std@@QAEXQADI@Z 1000b650 f i Cvars.obj
 0001:0000a670       ?assign@?$_Narrow_char_traits@DH@std@@SAXAADABD@Z 1000b670 f i Cvars.obj
 0001:0000a680       ?move@?$_Char_traits@DH@std@@SAPADQADQBDI@Z 1000b680 f i Cvars.obj
 0001:0000a680       ?copy@?$_Char_traits@DH@std@@SAPADQADQBDI@Z 1000b680 f i Cvars.obj
 0001:0000a6a0       ?max_size@?$_Default_allocator_traits@V?$allocator@D@std@@@std@@SAIABV?$allocator@D@2@@Z 1000b6a0 f i Cvars.obj
 0001:0000a6a0       ?eof@?$_Narrow_char_traits@DH@std@@SAHXZ 1000b6a0 f i World.obj
 0001:0000a6b0       ??$isnan@N@@YA_NN@Z        1000b6b0 f i Cvars.obj
 0001:0000a6f0       ??$isinf@N@@YA_NN@Z        1000b6f0 f i Cvars.obj
 0001:0000a730       ??$pow@NH$0A@@@YANNH@Z     1000b730 f i Cvars.obj
 0001:0000a760       ??$?0$$V@?$_Compressed_pair@V?$allocator@D@std@@V?$_String_val@U?$_Simple_types@D@std@@@2@$00@std@@QAE@U_Zero_then_variadic_args_t@1@@Z 1000b760 f i Cvars.obj
 0001:0000a780       ??$_Reallocate_for@V<lambda_9366063389c5f42a00a5088cf24e69de>@@PBD@?$basic_string@DU?$char_traits@D@std@@V?$allocator@D@2@@std@@AAEAAV01@IV<lambda_9366063389c5f42a00a5088cf24e69de>@@PBD@Z 1000b780 f i Cvars.obj
 0001:0000a870       ??$_Reallocate_grow_by@V<lambda_ab246b20b9526e2ef7792587e4298a77>@@PBDI@?$basic_string@DU?$char_traits@D@std@@V?$allocator@D@2@@std@@AAEAAV01@IV<lambda_ab246b20b9526e2ef7792587e4298a77>@@PBDI@Z 1000b870 f i Cvars.obj
 0001:0000a9b0       ??$_Get_size_of_n@$00@std@@YAII@Z 1000b9b0 f i Cvars.obj
 0001:0000a9c0       ?_Calculate_growth@?$basic_string@DU?$char_traits@D@std@@V?$allocator@D@2@@std@@ABEII@Z 1000b9c0 f i Cvars.obj
 0001:0000a9f0       ??0?$_String_val@U?$_Simple_types@D@std@@@std@@QAE@XZ 1000b9f0 f i Cvars.obj
 0001:0000aa20       ?_Calculate_growth@?$basic_string@DU?$char_traits@D@std@@V?$allocator@D@2@@std@@CAIIII@Z 1000ba20 f i Cvars.obj
 0001:0000aa90       _cosf                      1000ba90 f i Drawing.obj
 0001:0000aab0       _sinf                      1000bab0 f i Drawing.obj
 0001:0000aad0       ___local_stdio_printf_options 1000bad0 f i Drawing.obj
 0001:0000aae0       __vsnprintf_l              1000bae0 f i Drawing.obj
 0001:0000ab30       __vsnprintf                1000bb30 f i Drawing.obj
 0001:0000ab50       ?SetupFonts@CDrawing@@QAEXXZ 1000bb50 f   Drawing.obj
 0001:0000ac00       ?DrawCircle@CDrawing@@QAEXQAMMMHHHH@Z 1000bc00 f   Drawing.obj
 0001:0000adb0       ?DrawPlayerBox@CDrawing@@QAEXHHHHHHHH@Z 1000bdb0 f   Drawing.obj
[...]
 0002:0004eea0       __sehtable$___acrt_update_thread_locale_data 100b5ea0     libucrt:locale_refcounting.obj
 0002:0004eec0       __sehtable$__alloc_osfhnd  100b5ec0     libucrt:osfinfo.obj
 0002:0004eee0       __sehtable$___acrt_lowio_ensure_fh_exists 100b5ee0     libucrt:osfinfo.obj
 0002:0004ef00       __sehtable$??$common_sopen_dispatch@D@@YAHQBDHHHQAHH@Z 100b5f00     libucrt:open.obj
 0002:0004ef20       __sehtable$??$common_getenv_s@_W@@YAHQAIQA_WIQB_W@Z 100b5f20     libucrt:getenv.obj
 0002:0004ef40       __sehtable$__IsNonwritableInCurrentImage 100b5f40     LIBCMT:pesect.obj
 0002:0004f1e0       .edata                     100b61e0     CS1.6 data collector.exp
 0002:0004f208       rgpv                       100b6208     CS1.6 data collector.exp
 0002:0004f20c       rgszName                   100b620c     CS1.6 data collector.exp
 0002:0004f210       rgwOrd                     100b6210     CS1.6 data collector.exp
 0002:0004f212       szName                     100b6212     CS1.6 data collector.exp
 0002:0004f22b       $N00001                    100b622b     CS1.6 data collector.exp
 0002:0004f73a       .idata$6                   100b673a     kernel32:KERNEL32.dll
 0002:0004f7ec       .idata$6                   100b67ec     user32:USER32.dll
 0002:0004f85e       .idata$6                   100b685e     gdi32:GDI32.dll
 0002:0004f87c       .idata$6                   100b687c     shell32:SHELL32.dll
 0002:0004f8b8       .idata$6                   100b68b8     ole32:ole32.dll
 0002:0004f8c2       .idata$6                   100b68c2     oleaut32:OLEAUT32.dll
 0002:0004f9aa       .idata$6                   100b69aa     OpenGL32:OPENGL32.dll
 0003:00000000       $SG62434                   100b7000     detours:detours.obj
 0003:00000010       $SG62437                   100b7010     detours:detours.obj
 0003:00000028       $SG62439                   100b7028     detours:detours.obj
 0003:00000038       $SG62441                   100b7038     detours:detours.obj
 0003:00000048       $SG62443                   100b7048     detours:detours.obj
 0003:00000058       $SG62445                   100b7058     detours:detours.obj
 0003:00000068       $SG62447                   100b7068     detours:detours.obj
 0003:0000007c       $SG62449                   100b707c     detours:detours.obj
 0003:00000090       $SG62451                   100b7090     detours:detours.obj
 0003:0000009c       $SG62487                   100b709c     detours:detours.obj
 0003:000000a0       $SG62605                   100b70a0     detours:detours.obj
 0003:000000a8       ?init@std@@3JA             100b70a8     libcpmt:xlock.obj
 0003:000000f0       ??$_Immortalize_impl@V?$_ExceptionPtr_static@Vbad_exception@std@@@?A0x22a8a7b5@@@?A0x22a8a7b5@@3U?$_Constexpr_excptptr_immortalize_impl@V?$_ExceptionPtr_static@Vbad_exception@std@@@?A0x22a8a7b5@@@1@A 100b70f0     libcpmt:excptptr.obj
 0003:00000158       ??$_Immortalize_impl@V?$_ExceptionPtr_static@Vbad_alloc@std@@@?A0x22a8a7b5@@@?A0x22a8a7b5@@3U?$_Constexpr_excptptr_immortalize_impl@V?$_ExceptionPtr_static@Vbad_alloc@std@@@?A0x22a8a7b5@@@1@A 100b7158     libcpmt:excptptr.obj
 0003:000001c0       ?atcount_cdecl@@3IA        100b71c0     libcpmt:iosptrs.obj
 0003:00000210       ?__vcrt_flsindex@@3KA      100b7210     libvcruntime:per_thread_data.obj
 0003:0000033c       ?errno_no_memory@@3HA      100b733c     libucrt:errno.obj
 0003:00000340       ?doserrno_no_memory@@3KA   100b7340     libucrt:errno.obj
 0003:00000350       ?__acrt_flsindex@@3KA      100b7350     libucrt:per_thread_data.obj
 0003:00000354       __ctype_loc_style          100b7354     libucrt:wsetlocale.obj
 0003:00000560       ?tzstd_program@@3PADA      100b7560     libucrt:timeset.obj
 0003:000005a0       ?tzdst_program@@3PADA      100b75a0     libucrt:timeset.obj
 0003:000005e0       ?w_tzstd_program@@3PA_WA   100b75e0     libucrt:timeset.obj
 0003:00000660       ?w_tzdst_program@@3PA_WA   100b7660     libucrt:timeset.obj
 0003:000006e0       ?tzname_states@@3PAY01PADA 100b76e0     libucrt:timeset.obj
 0003:000006e8       ?w_tzname_states@@3PAY01PA_WA 100b76e8     libucrt:timeset.obj
 0003:000006f0       ?dststart@@3Utransitiondate@?A0x7639d0b4@@A 100b76f0     libucrt:tzset.obj
 0003:000006fc       ?dstend@@3Utransitiondate@?A0x7639d0b4@@A 100b76fc     libucrt:tzset.obj
 0003:00000708       ?__DAZ_ENABLED@?1??__set_fpsr_sse2@@9@9 100b7708     libucrt:fpctrl.obj
 0003:00000930       __mbctypes                 100b7930     libucrt:mbctype.obj
 0003:00000a38       __mbcasemaps               100b7a38     libucrt:mbctype.obj
 0003:00000b38       ?__rgctypeflag@@3PADA      100b7b38     libucrt:mbctype.obj
 0003:00000b40       ?__rgcode_page_info@@3PAUcode_page_info@@A 100b7b40     libucrt:mbctype.obj
 0003:00000c30       ?__dcrt_lowio_console_output_handle@@3PAXA 100b7c30     libucrt:initcon.obj
 0003:00000c40       ?flSpeedSpiralY@?2??LegitAimbot@CAimBot@@AAEXPAUusercmd_s@@@Z@4MA 100b7c40     Aimbot.obj
 0003:00000c44       ?flSpeedSpiralX@?2??LegitAimbot@CAimBot@@AAEXPAUusercmd_s@@@Z@4MA 100b7c44     Aimbot.obj
 0003:000014a8       ?PRECISION@@3NA            100b84a8     Cvars.obj
 0003:000014b0       ?bsendpacket_status@?1??bSendpacket@CUtils@@QAEX_N@Z@4_NA 100b84b0     Utils.obj
 0003:000014b4       ?panel_w@?1??Palette@CMenu@@AAEXHHAAM00@Z@4IA 100b84b4     Menu.obj
 0003:000014b8       ?indent@?1??Palette@CMenu@@AAEXHHAAM00@Z@4IA 100b84b8     Menu.obj
 0003:000014bc       ?panel_h@?1??Palette@CMenu@@AAEXHHAAM00@Z@4IA 100b84bc     Menu.obj
 0003:000014c0       ?w@?1??Checkbox@CMenu@@AAEXHHAA_NPAD@Z@4IA 100b84c0     Menu.obj
 0003:000014c4       ?border@?1??Palette@CMenu@@AAEXHHAAM00@Z@4IA 100b84c4     Menu.obj
 0003:000014c8       ?h@?1??Checkbox@CMenu@@AAEXHHAA_NPAD@Z@4IA 100b84c8     Menu.obj
 0003:000014d4       ?map_changed@?1??UpdateMapInfo@CWorld@@QAEXXZ@4_NA 100b84d4     World.obj
 0003:00001760       ??_R0?AV_ExceptionPtr_normal@?A0x22a8a7b5@@@8 100b8760     libcpmt:excptptr.obj
 0003:00001790       ??_R0?AV?$_ExceptionPtr_static@Vbad_alloc@std@@@?A0x22a8a7b5@@@8 100b8790     libcpmt:excptptr.obj
 0003:000017d8       ??_R0?AV?$_ExceptionPtr_static@Vbad_exception@std@@@?A0x22a8a7b5@@@8 100b87d8     libcpmt:excptptr.obj
 0003:00001d40       ?initlocks@std@@3V_Init_locks@1@A 100b8d40     libcpmt:xlock.obj
 0003:00001d48       ?mtx@std@@3PAU_RTL_CRITICAL_SECTION@@A 100b8d48     libcpmt:xlock.obj
 0003:00001e24       ?classic_locale@std@@3Vlocale@1@A 100b8e24     libcpmt:locale0.obj
 0003:00001e2c       ?_Fac_head@std@@3PAU_Fac_node@1@A 100b8e2c     libcpmt:locale0.obj
 0003:00001e30       ?_Fac_tidy_reg@std@@3U_Fac_tidy_reg_t@1@B 100b8e30     libcpmt:locale0.obj
 0003:00001e34       _global_locale             100b8e34     libcpmt:locale0.obj
 0003:00001e38       ?registered@?1??_Setgloballocale@locale@std@@CAXPAX@Z@4_NA 100b8e38     libcpmt:locale0.obj
 0003:00001e40       ?stdstr@std@@3PAPAVios_base@1@A 100b8e40     libcpmt:ios.obj
 0003:00001e68       ?stdopens@std@@3PADA       100b8e68     libcpmt:ios.obj
 0003:00001e98       ?initlocks@std@@3V_Init_locks@1@A 100b8e98     libcpmt:iosptrs.obj
 0003:00001e99       ?init_atexit@@3U_Init_atexit@@A 100b8e99     libcpmt:iosptrs.obj
 0003:00001e9c       ?atfuns_cdecl@@3PAP6AXXZA  100b8e9c     libcpmt:iosptrs.obj
 0003:00001f3c       ?g_tss_cv@@3U_RTL_CONDITION_VARIABLE@@A 100b8f3c     LIBCMT:thread_safe_statics.obj
 0003:00001f40       ?g_tss_event@@3PAXA        100b8f40     LIBCMT:thread_safe_statics.obj
 0003:00001f44       ?g_tss_mutex@@3U_RTL_CRITICAL_SECTION@@A 100b8f44     LIBCMT:thread_safe_statics.obj
 0003:00001f5c       ?g_sleep_condition_variable_cs@@3P6GHPAU_RTL_CONDITION_VARIABLE@@PAU_RTL_CRITICAL_SECTION@@K@ZA 100b8f5c     LIBCMT:thread_safe_statics.obj
 0003:00001f60       ?g_wake_all_condition_variable@@3P6GXPAU_RTL_CONDITION_VARIABLE@@@ZA 100b8f60     LIBCMT:thread_safe_statics.obj
 0003:00001f6c       ?is_initialized_as_dll@@3_NA 100b8f6c     LIBCMT:utility.obj
 0003:00001f6d       ?module_local_atexit_table_initialized@@3_NA 100b8f6d     LIBCMT:utility.obj
 0003:00001f70       ?module_local_atexit_table@@3U_onexit_table_t@@A 100b8f70     LIBCMT:utility.obj
 0003:00001f7c       ?module_local_at_quick_exit_table@@3U_onexit_table_t@@A 100b8f7c     LIBCMT:utility.obj
 0003:00001f88       _GS_ExceptionRecord        100b8f88     LIBCMT:gs_report.obj
 0003:00001fd8       _GS_ContextRecord          100b8fd8     LIBCMT:gs_report.obj
 0003:000022a4       ?__proc_attached@@3HA      100b92a4     LIBCMT:dll_dllmain.obj
 0003:000022d4       ?__vcrt_startup_thread_ptd@@3U__vcrt_ptd@@A 100b92d4     libvcruntime:per_thread_data.obj
 0003:00002300       _rgValidPages              100b9300     libvcruntime:eh3valid.obj
 0003:00002380       _nValidPages               100b9380     libvcruntime:eh3valid.obj
 0003:00002384       _lModifying                100b9384     libvcruntime:eh3valid.obj
 0003:00002388       ___vcrt_lock_table         100b9388     libvcruntime:locks.obj
 0003:000023a0       ___vcrt_locks_initialized  100b93a0     libvcruntime:locks.obj
 0003:000023cc       ?heap@@3V_HeapManager@@A   100b93cc     libvcruntime:undname.obj
 0003:000023e0       ?module_handles@@3PAPAUHINSTANCE__@@A 100b93e0     libvcruntime:winapi_downlevel.obj
 0003:000023ec       ?function_pointers@@3PAPAXA 100b93ec     libvcruntime:winapi_downlevel.obj
 0003:00002400       ?c_termination_complete@@3JA 100b9400     libucrt:exit.obj
 0003:00002404       ?thread_local_exit_callback_func@@3P6GXPAXK0@ZA 100b9404     libucrt:exit.obj
 0003:0000240c       ?__acrt_invalid_parameter_handler@@3V?$dual_state_global@P6AXPB_W00II@Z@__crt_state_management@@A 100b940c     libucrt:invalid_parameter.obj
 0003:00002428       ?__acrt_lock_table@@3PAU_RTL_CRITICAL_SECTION@@A 100b9428     libucrt:locks.obj
 0003:00002578       ?__acrt_locks_initialized@@3IA 100b9578     libucrt:locks.obj
 0003:0000257c       ?__acrt_new_handler@@3V?$dual_state_global@P6AHI@Z@__crt_state_management@@A 100b957c     libucrt:new_handler.obj
 0003:00002580       ?program_name@?1???$common_configure_argv@D@@YAHW4_crt_argv_mode@@@Z@4PADA 100b9580     libucrt:argv_parsing.obj
 0003:000026b8       ?internal_state@?1??_mbtowc_internal@@9@4U_Mbstatet@@A 100b96b8     libucrt:mbtowc.obj
 0003:000026c0       ?enable_percent_n@@3IA     100b96c0     libucrt:printf_count_output.obj
 0003:000028d8       ?module_handles@@3PAPAUHINSTANCE__@@A 100b98d8     libucrt:winapi_thunks.obj
 0003:00002928       ?encoded_function_pointers@@3PAPAXA 100b9928     libucrt:winapi_thunks.obj
 0003:000029b0       ?static_enum_proc@?1??enum_system_locales_ex_nolock@@YAHQ6GHPA_WKJ@Z@Z@4P6GH0KJ@ZA 100b99b0     libucrt:winapi_thunks.obj
 0003:000029c0       ?_tzname@@3V?$dual_state_global@PAPAD@__crt_state_management@@A 100b99c0     libucrt:timeset.obj
 0003:000029c4       ?w_tzname@@3V?$dual_state_global@PAPA_W@__crt_state_management@@A 100b99c4     libucrt:timeset.obj
 0003:000029c8       ?last_wide_tz@@3PA_WA      100b99c8     libucrt:tzset.obj
 0003:000029d0       ?tz_api_used@@3HA          100b99d0     libucrt:tzset.obj
 0003:000029d4       ?tzset_init_state@@3V?$dual_state_global@J@__crt_state_management@@A 100b99d4     libucrt:tzset.obj
 0003:000029d8       ?tz_info@@3U_TIME_ZONE_INFORMATION@@A 100b99d8     libucrt:tzset.obj
 0003:00002a84       ?ctrlc_action@@3V?$dual_state_global@P6AXH@Z@__crt_state_management@@A 100b9a84     libucrt:signal.obj
 0003:00002a88       ?ctrlbreak_action@@3V?$dual_state_global@P6AXH@Z@__crt_state_management@@A 100b9a88     libucrt:signal.obj
 0003:00002a8c       ?abort_action@@3V?$dual_state_global@P6AXH@Z@__crt_state_management@@A 100b9a8c     libucrt:signal.obj
 0003:00002a90       ?term_action@@3V?$dual_state_global@P6AXH@Z@__crt_state_management@@A 100b9a90     libucrt:signal.obj
 0003:00002aa4       ?fSystemSet@@3HA           100b9aa4     libucrt:mbctype.obj
 0003:00002aa8       ?initialized@?1??__acrt_initialize_multibyte@@9@4_NA 100b9aa8     libucrt:mbctype.obj
 0003:00002ac8       ?user_matherr@@3V?$dual_state_global@P6AHPAU_exception@@@Z@__crt_state_management@@A 100b9ac8     libucrt:matherr.obj
 0003:00002acc       ?__acrt_global_new_mode@@3V?$dual_state_global@J@__crt_state_management@@A 100b9acc     libucrt:new_mode.obj
 0003:00002ad4       __pmatherr_set             100b9ad4     libucrt:libm_error.obj
 0003:00002ad8       ?internal_pst@?1??__mbrtoc32_utf8@__crt_mbstring@@YAIPA_UPBDIPAU_Mbstatet@@AAV__crt_cached_ptd_host@@@Z@4U3@A 100b9ad8     libucrt:mbrtoc32.obj
 0003:00002ae0       ?__acrt_app_type@@3W4_crt_app_type@@A 100b9ae0     libucrt:report_runtime_error.obj
 0003:00002ae8       ?internal_pst@?1??__c16rtomb_utf8@__crt_mbstring@@YAIPAD_SPAU_Mbstatet@@AAV__crt_cached_ptd_host@@@Z@4U3@A 100b9ae8     libucrt:c16rtomb.obj
 0003:0002273c       ?base64_chars@@3V?$basic_string@DU?$char_traits@D@std@@V?$allocator@D@2@@std@@B 100d973c     Main.obj
 0003:00022754       ?counter@@3HA              100d9754     Systems.obj
 0003:00022808       ?gcTextures@@3HA           100d9808     Textures.obj
 0003:0002280c       ?gpBuf@@3PAEA              100d980c     parsemsg.obj
 0003:00022810       ?grgchTextureType@@3PADA   100d9810     Textures.obj
 0003:00022a10       ?grgszTextureName@@3PAY0N@DA 100d9a10     Textures.obj
 0003:00024410       ?giSize@@3HA               100db410     parsemsg.obj
 0003:00024414       ?giBadRead@@3HA            100db414     parsemsg.obj
 0003:00024418       ?giRead@@3HA               100db418     parsemsg.obj
 0003:0002441c       ?dwBlockAttack@?2??LegitAimbot@CAimBot@@AAEXPAUusercmd_s@@@Z@4KA 100db41c     Aimbot.obj
 0003:00024420       ?dwTemporaryBlockTimer@?4??Trigger@CAimBot@@QAEXPAUusercmd_s@@@Z@4KA 100db420     Aimbot.obj
 0003:00024430       ?jitter@?FK@??AntiAim@CMisc@@QAEXPAUusercmd_s@@@Z@4_NA 100db430     Misc.obj
 0003:00024434       ?good@?BN@??FakeLag@CMisc@@QAEXPAUusercmd_s@@@Z@4HA 100db434     Misc.obj
 0003:00024438       ?m_side@?GF@??AntiAim@CMisc@@QAEXPAUusercmd_s@@@Z@4IA 100db438     Misc.obj
 0003:0002443c       ?bFire@?4??AutoPistol@CMisc@@QAEXPAUusercmd_s@@@Z@4_NA 100db43c     Misc.obj
 0003:0002443d       ?jitter@?DP@??AntiAim@CMisc@@QAEXPAUusercmd_s@@@Z@4_NA 100db43d     Misc.obj
 0003:0002443e       ?jitter@?HF@??AntiAim@CMisc@@QAEXPAUusercmd_s@@@Z@4_NA 100db43e     Misc.obj
 0003:0002443f       ?jitter@?CE@??AntiAim@CMisc@@QAEXPAUusercmd_s@@@Z@4_NA 100db43f     Misc.obj
 0003:00024440       ?jitter@?JM@??AntiAim@CMisc@@QAEXPAUusercmd_s@@@Z@4_NA 100db440     Misc.obj
 0003:00024444       ?m_side@?CP@??AntiAim@CMisc@@QAEXPAUusercmd_s@@@Z@4IA 100db444     Misc.obj
 0003:00024448       ?choked@?BN@??FakeLag@CMisc@@QAEXPAUusercmd_s@@@Z@4HA 100db448     Misc.obj
 0003:0002444c       ?jitter@?DE@??FakeLag@CMisc@@QAEXPAUusercmd_s@@@Z@4_NA 100db44c     Misc.obj
 0003:00024450       ?i@?IA@??BunnyHop@CSystems@@QAEXPAUusercmd_s@@@Z@4HA 100db450     Systems.obj
 0003:00024454       ?state@?IA@??BunnyHop@CSystems@@QAEXPAUusercmd_s@@@Z@4HA 100db454     Systems.obj
 0003:00024458       ?NULLTIME@?1??bSendpacket@CUtils@@QAEX_N@Z@4KA 100db458     Utils.obj
 0003:0002445c       ?drag_x@?1??Drag@CMenu@@AAEXXZ@4HA 100db45c     Menu.obj
 0003:00024460       ?m_bCursorState@?1??Run@CMenu@@QAEXXZ@4_NA 100db460     Menu.obj
 0003:00024461       ?m_bMouseCapture@?1??Run@CMenu@@QAEXXZ@4_NA 100db461     Menu.obj
 0003:00024464       ?drag_y@?1??Drag@CMenu@@AAEXXZ@4HA 100db464     Menu.obj
 0003:00024468       ?dwTemporaryBlockTimer@?1??DrawButton@CMenu@@AAE_NHHPAD@Z@4KA 100db468     Menu.obj
 0003:0002446c       ?dwTemporaryBlockTimer@?1??Palette@CMenu@@AAEXHHAAM00@Z@4KA 100db46c     Menu.obj
 0003:00024470       ?dwTemporaryBlockTimer@?1??Run@CMenu@@QAEXXZ@4KA 100db470     Menu.obj
 0003:00024478       ?iBackWeapons@?1??ShotsFiredCounter@@YAXHPAD@Z@4PAIA 100db478     Sounds.obj
 0003:000244fc       ?replaced@?4??Lightmap@CVisuals@@QAEXXZ@4_NA 100db4fc     Visuals.obj
 0003:000244fd       ?init@?1??IconInit@CVisuals@@QAEXXZ@4_NA 100db4fd     Visuals.obj
 0003:00024500       ?old@?1??Crosshair@CVisuals@@AAEXXZ@4PADA 100db500     Visuals.obj
 0003:00024504       ?bTextureTypeInit@?1??PM_InitTextureTypes@@YAXPAUplayermove_s@@@Z@4_NA 100db504     Textures.obj
 0003:00024508       ?iOldWeaponID@?1??ItemPostFrame@@YAXPAUusercmd_s@@@Z@4HA 100db508     Weapons.obj
 0003:00024524       ?$TSS0@?8??PaintTraversePanel@@YGXPAVIPanel@vgui@@_N1@Z@4HA 100db524     Client.obj
 0003:00024528       ?dayn@?8??PaintTraversePanel@@YGXPAVIPanel@vgui@@_N1@Z@4KA 100db528     Client.obj
 0003:0002452c       ?$TSS0@?IF@??AntiAim@CMisc@@QAEXPAUusercmd_s@@@Z@4HA 100db52c     Misc.obj
 0003:00024530       ?$TSS0@?1??NameStealer@CMisc@@QAEXXZ@4HA 100db530     Misc.obj
 0003:00024534       ?timer@?1??NameStealer@CMisc@@QAEXXZ@4KA 100db534     Misc.obj
 0003:00024538       ?timer@?IF@??AntiAim@CMisc@@QAEXPAUusercmd_s@@@Z@4MA 100db538     Misc.obj
 0003:0002453c       ?right_peak@?1??AutoStrafe@CSystems@@QAEXPAUusercmd_s@@M@Z@4MA 100db53c     Systems.obj
 0003:00024540       ?frames_to_waste_on_ground@?CH@??BunnyHop@CSystems@@QAEXPAUusercmd_s@@@Z@4HA 100db540     Systems.obj
 0003:00024544       ?angle_diff@?1??AutoStrafe@CSystems@@QAEXPAUusercmd_s@@M@Z@4MA 100db544     Systems.obj
 0003:00024548       ?doublekey@?CH@??BunnyHop@CSystems@@QAEXPAUusercmd_s@@@Z@4HA 100db548     Systems.obj
 0003:0002454c       ?old_yaw@?1??AutoStrafe@CSystems@@QAEXPAUusercmd_s@@M@Z@4MA 100db54c     Systems.obj
 0003:00024550       ?left_peak@?1??AutoStrafe@CSystems@@QAEXPAUusercmd_s@@M@Z@4MA 100db550     Systems.obj
 0003:00024554       ?frames_per_strafe@?CH@??BunnyHop@CSystems@@QAEXPAUusercmd_s@@@Z@4HA 100db554     Systems.obj
 0003:00024558       ?left_fall@?1??AutoStrafe@CSystems@@QAEXPAUusercmd_s@@M@Z@4HA 100db558     Systems.obj
 0003:0002455c       ?bJumped@?1??AutoStrafe@CSystems@@QAEXPAUusercmd_s@@M@Z@4_NA 100db55c     Systems.obj
 0003:00024560       ?counter@?CH@??BunnyHop@CSystems@@QAEXPAUusercmd_s@@@Z@4HA 100db560     Systems.obj
 0003:00024564       ?right_fall@?1??AutoStrafe@CSystems@@QAEXPAUusercmd_s@@M@Z@4HA 100db564     Systems.obj
 0003:00024568       ?m_iOldTab@?1??Tabs@CMenu@@AAEXXZ@4HA 100db568     Menu.obj
 0003:0002456c       ?$TSS0@?1??Tabs@CMenu@@AAEXXZ@4HA 100db56c     Menu.obj
 0003:00024570       ?fov_old@?1??CustomFOV@CVisuals@@AAEXXZ@4HA 100db570     Visuals.obj
 0003:00024574       ?dwTemporaryBlockTimer@?1??TriggerStatus@@YAXXZ@4KA 100db574     Visuals.obj
 0003:00024578       ?brightness_g@?4??Lightmap@CVisuals@@QAEXXZ@4MA 100db578     Visuals.obj
 0003:0002457c       ?brightness_b@?4??Lightmap@CVisuals@@QAEXXZ@4MA 100db57c     Visuals.obj
 0003:00024580       ?$TSS0@?1??TriggerStatus@@YAXXZ@4HA 100db580     Visuals.obj
 0003:00024584       ?$TSS3@?4??Lightmap@CVisuals@@QAEXXZ@4HA 100db584     Visuals.obj
 0003:00024588       ?brightness@?4??Lightmap@CVisuals@@QAEXXZ@4MA 100db588     Visuals.obj
 0003:0002458c       ?fov@?1??CustomFOV@CVisuals@@AAEXXZ@4HA 100db58c     Visuals.obj
 0003:00024590       ?brightness_r@?4??Lightmap@CVisuals@@QAEXXZ@4MA 100db590     Visuals.obj
 0003:00024594       ?$TSS2@?4??Lightmap@CVisuals@@QAEXXZ@4HA 100db594     Visuals.obj
 0003:00024598       ?$TSS1@?1??TriggerStatus@@YAXXZ@4HA 100db598     Visuals.obj
 0003:0002459c       ?oldAimbot@?1??TriggerStatus@@YAXXZ@4_NA 100db59c     Visuals.obj
 0003:000245a0       ?$TSS2@?1??TriggerStatus@@YAXXZ@4HA 100db5a0     Visuals.obj
 0003:000245a4       ?$TSS1@?4??Lightmap@CVisuals@@QAEXXZ@4HA 100db5a4     Visuals.obj
 0003:000245a8       ?$TSS0@?4??Lightmap@CVisuals@@QAEXXZ@4HA 100db5a8     Visuals.obj
 0003:000245ac       ?old@?1??TriggerStatus@@YAXXZ@4_NA 100db5ac     Visuals.obj
 0003:000245c0       ?string@?1??READ_STRING@@YAPADXZ@4PADA 100db5c0     parsemsg.obj
 0004:00000060       $R000000                   100dc060     * linker generated manifest res *
