 ev0lution

 Timestamp is 4e315603 (Thu Jul 28 20:28:51 2011)

 Preferred load address is 10000000

 Start         Length     Name                   Class
 0001:00000000 00000c50H .text                   CODE
 0001:00000c50 00000350H .text$di                CODE
 0001:00000fa0 0006b940H .text$mn                CODE
 0001:0006c8e0 00002c70H .text$x                 CODE
 0001:0006f550 00000107H .text$yd                CODE
 0002:00000000 00000260H .idata$5                DATA
 0002:00000260 00000004H .00cfg                  DATA
 0002:00000264 00000004H .CRT$XCA                DATA
 0002:00000268 0000000cH .CRT$XCC                DATA
 0002:00000274 00000008H .CRT$XCL                DATA
 0002:0000027c 00000044H .CRT$XCU                DATA
 0002:000002c0 00000004H .CRT$XCZ                DATA
 0002:000002c4 00000004H .CRT$XIA                DATA
 0002:000002c8 00000018H .CRT$XIC                DATA
 0002:000002e0 00000004H .CRT$XIZ                DATA
 0002:000002e4 00000004H .CRT$XLA                DATA
 0002:000002e8 00000004H .CRT$XLZ                DATA
 0002:000002ec 00000004H .CRT$XPA                DATA
 0002:000002f0 00000008H .CRT$XPX                DATA
 0002:000002f8 00000004H .CRT$XPXA               DATA
 0002:000002fc 00000004H .CRT$XPZ                DATA
 0002:00000300 00000004H .CRT$XTA                DATA
 0002:00000304 0000000cH .CRT$XTZ                DATA
 0002:00000308 00000000H .gfids$y                DATA
 0002:00000310 0004b4f0H .rdata                  DATA
 0002:0004b800 00000000H .rdata$CastGuardVftablesA DATA
 0002:0004b800 00000000H .rdata$CastGuardVftablesC DATA
 0002:0004b800 00000018H .rdata$T                DATA
 0002:0004b818 00000f60H .rdata$r                DATA
 0002:0004c778 00000400H .rdata$zzzdbg           DATA
 0002:0004cb78 00000004H .rtc$IAA                DATA
 0002:0004cb7c 00000004H .rtc$IZZ                DATA
 0002:0004cb80 00000004H .rtc$TAA                DATA
 0002:0004cb84 00000004H .rtc$TZZ                DATA
 0002:0004cb88 00000004H .tls                    DATA
 0002:0004cb8c 00000004H .tls$                   DATA
 0002:0004cb90 00000008H .tls$ZZZ                DATA
 0002:0004cb98 00003218H .xdata$x                DATA
 0002:0004fdb0 00000054H .edata                  DATA
 0002:0004fe04 0000008cH .idata$2                DATA
 0002:0004fe90 00000014H .idata$3                DATA
 0002:0004fea4 00000260H .idata$4                DATA
 0002:00050104 00000a52H .idata$6                DATA
 0003:00000000 00001530H .data                   DATA
 0003:00001530 00000238H .data$r                 DATA
 0003:00001768 00000680H .data$rs                DATA
 0003:00001de8 00023098H .bss                    DATA
 0004:00000000 00000060H .rsrc$01                DATA
 0004:00000060 00000180H .rsrc$02                DATA

  Address         Publics by Value              Rva+Base       Lib:Object

 0000:00000000       ___volatile_metadata       00000000     <absolute>
 0000:00000000       ___arm64x_redirection_metadata 00000000     <absolute>
 0000:00000000       ___guard_longjmp_table     00000000     <absolute>
 0000:00000000       ___guard_eh_cont_count     00000000     <absolute>
 0000:00000000       ___arm64x_native_entrypoint 00000000     <absolute>
 0000:00000000       ___safe_se_handler_table   00000000     <absolute>
 0000:00000000       ___guard_fids_count        00000000     <absolute>
 0000:00000000       ___hybrid_code_map_count   00000000     <absolute>
 0000:00000000       ___guard_eh_cont_table     00000000     <absolute>
 0000:00000000       ___x64_code_ranges_to_entry_points 00000000     <absolute>
 0000:00000000       ___guard_iat_count         00000000     <absolute>
 0000:00000000       __except_list              00000000     <absolute>
 0000:00000000       ___x64_code_ranges_to_entry_points_count 00000000     <absolute>
 0000:00000000       ___arm64x_extra_rfe_table  00000000     <absolute>
 0000:00000000       ___hybrid_code_map         00000000     <absolute>
 0000:00000000       ___guard_iat_table         00000000     <absolute>
 0000:00000000       ___arm64x_extra_rfe_table_size 00000000     <absolute>
 0000:00000000       ___safe_se_handler_count   00000000     <absolute>
 0000:00000000       ___guard_longjmp_count     00000000     <absolute>
 0000:00000000       ___guard_check_icall_a64n_fptr 00000000     <absolute>
 0000:00000000       ___arm64x_redirection_metadata_count 00000000     <absolute>
 0000:00000000       ___hybrid_auxiliary_iat    00000000     <absolute>
 0000:00000000       ___dynamic_value_reloc_table 00000000     <absolute>
 0000:00000000       ___AbsoluteZero            00000000     <absolute>
 0000:00000000       ___enclave_config          00000000     <absolute>
 0000:00000000       ___guard_fids_table        00000000     <absolute>
 0000:00000000       ___hybrid_auxiliary_iat_copy 00000000     <absolute>
 0000:0000002c       __tls_array                0000002c     <absolute>
 0000:00000100       ___guard_flags             00000100     <absolute>
 0000:00000000       ___ImageBase               10000000     <linker-defined>
 0001:00000000       ??0CDetourEnableWriteOnCodePage@@QAE@PAEJ@Z 10001000 f i detours:detours.obj
 0001:00000080       ??1CDetourEnableWriteOnCodePage@@QAE@XZ 10001080 f i detours:detours.obj
 0001:000000f0       _DetourFunction@8          100010f0 f   detours:detours.obj
 0001:000003e0       ?SetPermission@CDetourEnableWriteOnCodePage@@QAEHK@Z 100013e0 f i detours:detours.obj
 0001:00000420       ?IsValid@CDetourEnableWriteOnCodePage@@QAEHXZ 10001420 f i detours:detours.obj
 0001:000004c0       ?DetourGenJmp@@YAPAEPAE00@Z 100014c0 f i detours:detours.obj
 0001:00000500       ?DetourGenBreak@@YAPAEPAE@Z 10001500 f i detours:detours.obj
 0001:00000520       _DetourGetFinalCode@8      10001520 f   detours:detours.obj
 0001:00000590       _DetourCopyInstruction@12  10001590 f   detours:disasm.obj
 0001:000005c0       ??0CDetourDis@@QAE@PAPAEPAJ@Z 100015c0 f   detours:disasm.obj
 0001:00000640       ?Set16BitOperand@CDetourDis@@IAEXXZ 10001640 f   detours:disasm.obj
 0001:00000660       ?Set32BitOperand@CDetourDis@@IAEXXZ 10001660 f   detours:disasm.obj
 0001:00000680       ?Set16BitAddress@CDetourDis@@IAEXXZ 10001680 f   detours:disasm.obj
 0001:000006a0       ?CopyInstruction@CDetourDis@@QAEPAEPAE0@Z 100016a0 f   detours:disasm.obj
 0001:00000700       ?CopyBytes@CDetourDis@@IAEPAEPBUCOPYENTRY@1@PAE1@Z 10001700 f   detours:disasm.obj
 0001:000008e0       ?CopyBytesPrefix@CDetourDis@@IAEPAEPBUCOPYENTRY@1@PAE1@Z 100018e0 f   detours:disasm.obj
 0001:00000930       ?AdjustTarget@CDetourDis@@IAEPAEPAE0JJ@Z 10001930 f   detours:disasm.obj
 0001:00000a10       ?Invalid@CDetourDis@@IAEPAEPBUCOPYENTRY@1@PAE1@Z 10001a10 f   detours:disasm.obj
 0001:00000a30       ?Copy0F@CDetourDis@@IAEPAEPBUCOPYENTRY@1@PAE1@Z 10001a30 f   detours:disasm.obj
 0001:00000a80       ?Copy66@CDetourDis@@IAEPAEPBUCOPYENTRY@1@PAE1@Z 10001a80 f   detours:disasm.obj
 0001:00000ab0       ?Copy67@CDetourDis@@IAEPAEPBUCOPYENTRY@1@PAE1@Z 10001ab0 f   detours:disasm.obj
 0001:00000ae0       ?CopyF6@CDetourDis@@IAEPAEPBUCOPYENTRY@1@PAE1@Z 10001ae0 f   detours:disasm.obj
 0001:00000b40       ?CopyF7@CDetourDis@@IAEPAEPBUCOPYENTRY@1@PAE1@Z 10001b40 f   detours:disasm.obj
 0001:00000ba0       ?CopyFF@CDetourDis@@IAEPAEPBUCOPYENTRY@1@PAE1@Z 10001ba0 f   detours:disasm.obj
 0001:00000fa0       ??0Vector@@QAE@XZ          10001fa0 f i Client.obj
 0001:00000fa0       ??0QAngle@@QAE@XZ          10001fa0 f i Aimbot.obj
 0001:00000fd0       ??0Vector@@QAE@MMM@Z       10001fd0 f i Client.obj
 0001:00000fd0       ??0QAngle@@QAE@MMM@Z       10001fd0 f i Aimbot.obj
 0001:00001010       ??4Vector@@QAEAAV0@ABV0@@Z 10002010 f i Client.obj
 0001:00001010       ??4QAngle@@QAEAAV0@ABV0@@Z 10002010 f i Aimbot.obj
 0001:00001010       ??0Vector@@QAE@ABV0@@Z     10002010 f i Client.obj
 0001:00001050       ?_Lock@?$basic_streambuf@DU?$char_traits@D@std@@@std@@UAEXXZ 10002050 f i World.obj
 0001:00001050       ??1error_category@std@@UAE@XZ 10002050 f i Menu.obj
 0001:00001050       ??1QAngle@@QAE@XZ          10002050 f i Aimbot.obj
 0001:00001050       ?_Orphan_all@_Container_base12@std@@QAEXXZ 10002050 f i Aimbot.obj
 0001:00001050       ?_Release@_Fake_proxy_ptr_impl@std@@QAEXXZ 10002050 f i Cvars.obj
 0001:00001050       ?_Unlock@?$basic_streambuf@DU?$char_traits@D@std@@@std@@UAEXXZ 10002050 f i World.obj
 0001:00001050       ??1_Bxty@?$_String_val@U?$_Simple_types@D@std@@@std@@QAE@XZ 10002050 f i Cvars.obj
 0001:00001050       ?_Orphan_all@_Container_base0@std@@QAEXXZ 10002050 f i Cvars.obj
 0001:00001050       ?Init@CFunctions@@QAEXXZ   10002050 f i Cvars.obj
 0001:00001050       ??1Vector@@QAE@XZ          10002050 f i Client.obj
 0001:00001060       ?_Get_first@?$_Compressed_pair@V?$allocator@VVector@@@std@@V?$_Deque_val@U?$_Deque_simple_types@VVector@@@std@@@2@$00@std@@QAEAAV?$allocator@VVector@@@2@XZ 10002060 f i Visuals.obj
 0001:00001060       ?_Get_data@?$deque@IV?$allocator@I@std@@@std@@AAEAAV?$_Deque_val@U?$_Deque_simple_types@I@std@@@2@XZ 10002060 f i Aimbot.obj
 0001:00001060       ?_Get_data@?$deque@VVector@@V?$allocator@VVector@@@std@@@std@@AAEAAV?$_Deque_val@U?$_Deque_simple_types@VVector@@@std@@@2@XZ 10002060 f i Visuals.obj
 0001:00001060       ?raw_value@?$basic_config@Ujson_args@configor@@@configor@@QBEABU?$config_value@V?$basic_config@Ujson_args@configor@@@configor@@@detail@2@XZ 10002060 f i Pipi_edit.obj
 0001:00001060       ?_Get_first@?$_Compressed_pair@V?$allocator@D@std@@V?$_String_val@U?$_Simple_types@D@std@@@2@$00@std@@QAEAAV?$allocator@D@2@XZ 10002060 f i Cvars.obj
 0001:00001060       ?_Get_first@?$_Compressed_pair@V?$allocator@Umy_sound_t@@@std@@V?$_Deque_val@U?$_Deque_simple_types@Umy_sound_t@@@std@@@2@$00@std@@QBEABV?$allocator@Umy_sound_t@@@2@XZ 10002060 f i Sounds.obj
 0001:00001060       ?_Get_data@?$deque@IV?$allocator@I@std@@@std@@ABEABV?$_Deque_val@U?$_Deque_simple_types@I@std@@@2@XZ 10002060 f i Aimbot.obj
 0001:00001060       ??0?$allocator@V?$vector@V?$basic_config@Ujson_args@configor@@@configor@@V?$allocator@V?$basic_config@Ujson_args@configor@@@configor@@@std@@@std@@@std@@QAE@XZ 10002060 f i Pipi_edit.obj
 0001:00001060       ??0?$allocator@U?$_Tree_node@U?$pair@$$CBV?$basic_string@DU?$char_traits@D@std@@V?$allocator@D@2@@std@@V?$basic_config@Ujson_args@configor@@@configor@@@std@@PAX@std@@@std@@QAE@XZ 10002060 f i Pipi_edit.obj
 0001:00001060       ?_Get_data@?$deque@VVector@@V?$allocator@VVector@@@std@@@std@@ABEABV?$_Deque_val@U?$_Deque_simple_types@VVector@@@std@@@2@XZ 10002060 f i Visuals.obj
 0001:00001060       ?_Get_first@?$_Compressed_pair@V?$allocator@I@std@@V?$_Deque_val@U?$_Deque_simple_types@I@std@@@2@$00@std@@QBEABV?$allocator@I@2@XZ 10002060 f i Aimbot.obj
 0001:00001060       ??0?$allocator@D@std@@QAE@XZ 10002060 f i Cvars.obj
 0001:00001060       ??0?$allocator@Umy_sound_t@@@std@@QAE@XZ 10002060 f i Sounds.obj
 0001:00001060       ?_Get_data@?$deque@Umy_sound_t@@V?$allocator@Umy_sound_t@@@std@@@std@@AAEAAV?$_Deque_val@U?$_Deque_simple_types@Umy_sound_t@@@std@@@2@XZ 10002060 f i Sounds.obj
 0001:00001060       ??0?$allocator@V?$map@V?$basic_string@DU?$char_traits@D@std@@V?$allocator@D@2@@std@@V?$basic_config@Ujson_args@configor@@@configor@@U?$less@V?$basic_string@DU?$char_traits@D@std@@V?$allocator@D@2@@std@@@2@V?$allocator@U?$pair@$$CBV?$basic_string@DU?$char_traits@D@std@@V?$allocator@D@2@@std@@V?$basic_config@Ujson_args@configor@@@configor@@@std@@@2@@std@@@std@@QAE@XZ 10002060 f i Pipi_edit.obj
 0001:00001060       ?_Get_first@?$_Compressed_pair@U?$default_delete@V_Facet_base@std@@@std@@PAV_Facet_base@2@$00@std@@QAEAAU?$default_delete@V_Facet_base@std@@@2@XZ 10002060 f i World.obj
 0001:00001060       ?_Get_first@?$_Compressed_pair@U?$less@V?$basic_string@DU?$char_traits@D@std@@V?$allocator@D@2@@std@@@std@@V?$_Compressed_pair@V?$allocator@U?$_Tree_node@U?$pair@$$CBV?$basic_string@DU?$char_traits@D@std@@V?$allocator@D@2@@std@@V?$basic_config@Ujson_args@configor@@@configor@@@std@@PAX@std@@@std@@V?$_Tree_val@U?$_Tree_simple_types@U?$pair@$$CBV?$basic_string@DU?$char_traits@D@std@@V?$allocator@D@2@@std@@V?$basic_config@Ujson_args@configor@@@configor@@@std@@@std@@@2@$00@2@$00@std@@QBEABU?$less@V?$basic_string@DU?$char_traits@D@std@@V?$allocator@D@2@@std@@@2@XZ 10002060 f i Pipi_edit.obj
 0001:00001060       ?_Get_first@?$_Compressed_pair@V?$allocator@VVector@@@std@@V?$_Deque_val@U?$_Deque_simple_types@VVector@@@std@@@2@$00@std@@QBEABV?$allocator@VVector@@@2@XZ 10002060 f i Visuals.obj
 0001:00001060       ??0?$allocator@V?$basic_string@DU?$char_traits@D@std@@V?$allocator@D@2@@std@@@std@@QAE@XZ 10002060 f i Pipi_edit.obj
 0001:00001060       ??BQAngle@@QAEPAMXZ        10002060 f i Aimbot.obj
 0001:00001060       ??BVector@@QAEPAMXZ        10002060 f i Client.obj
 0001:00001060       ?_Get_first@?$_Compressed_pair@V?$allocator@D@std@@V?$_String_val@U?$_Simple_types@D@std@@@2@$00@std@@QBEABV?$allocator@D@2@XZ 10002060 f i Cvars.obj
 0001:00001060       ?_Get_data@?$deque@Umy_sound_t@@V?$allocator@Umy_sound_t@@@std@@@std@@ABEABV?$_Deque_val@U?$_Deque_simple_types@Umy_sound_t@@@std@@@2@XZ 10002060 f i Sounds.obj
 0001:00001060       ??0?$allocator@V?$basic_config@Ujson_args@configor@@@configor@@@std@@QAE@XZ 10002060 f i Pipi_edit.obj
 0001:00001060       ?_Get_first@?$_Compressed_pair@V?$allocator@Umy_sound_t@@@std@@V?$_Deque_val@U?$_Deque_simple_types@Umy_sound_t@@@std@@@2@$00@std@@QAEAAV?$allocator@Umy_sound_t@@@2@XZ 10002060 f i Sounds.obj
 0001:00001060       ?_Get_first@?$_Compressed_pair@V?$allocator@U?$_Tree_node@U?$pair@$$CBV?$basic_string@DU?$char_traits@D@std@@V?$allocator@D@2@@std@@V?$basic_config@Ujson_args@configor@@@configor@@@std@@PAX@std@@@std@@V?$_Tree_val@U?$_Tree_simple_types@U?$pair@$$CBV?$basic_string@DU?$char_traits@D@std@@V?$allocator@D@2@@std@@V?$basic_config@Ujson_args@configor@@@configor@@@std@@@std@@@2@$00@std@@QAEAAV?$allocator@U?$_Tree_node@U?$pair@$$CBV?$basic_string@DU?$char_traits@D@std@@V?$allocator@D@2@@std@@V?$basic_config@Ujson_args@configor@@@configor@@@std@@PAX@std@@@2@XZ 10002060 f i Pipi_edit.obj
 0001:00001060       ??D?$ostreambuf_iterator@DU?$char_traits@D@std@@@std@@QAEAAV01@XZ 10002060 f i Pipi_edit.obj
 0001:00001060       ?_Get_first@?$_Compressed_pair@V?$allocator@V?$basic_config@Ujson_args@configor@@@configor@@@std@@V?$_Vector_val@U?$_Simple_types@V?$basic_config@Ujson_args@configor@@@configor@@@std@@@2@$00@std@@QBEABV?$allocator@V?$basic_config@Ujson_args@configor@@@configor@@@2@XZ 10002060 f i Pipi_edit.obj
 0001:00001060       ??E?$ostreambuf_iterator@DU?$char_traits@D@std@@@std@@QAEAAV01@XZ 10002060 f i Pipi_edit.obj
 0001:00001060       ??0?$allocator@I@std@@QAE@XZ 10002060 f i Aimbot.obj
 0001:00001060       ??0?$allocator@VVector@@@std@@QAE@XZ 10002060 f i Visuals.obj
 0001:00001060       ?_Get_first@?$_Compressed_pair@V?$allocator@U?$_Tree_node@U?$pair@$$CBV?$basic_string@DU?$char_traits@D@std@@V?$allocator@D@2@@std@@V?$basic_config@Ujson_args@configor@@@configor@@@std@@PAX@std@@@std@@V?$_Tree_val@U?$_Tree_simple_types@U?$pair@$$CBV?$basic_string@DU?$char_traits@D@std@@V?$allocator@D@2@@std@@V?$basic_config@Ujson_args@configor@@@configor@@@std@@@std@@@2@$00@std@@QBEABV?$allocator@U?$_Tree_node@U?$pair@$$CBV?$basic_string@DU?$char_traits@D@std@@V?$allocator@D@2@@std@@V?$basic_config@Ujson_args@configor@@@configor@@@std@@PAX@std@@@2@XZ 10002060 f i Pipi_edit.obj
 0001:00001060       ?_Get_first@?$_Compressed_pair@V?$allocator@V?$basic_config@Ujson_args@configor@@@configor@@@std@@V?$_Vector_val@U?$_Simple_types@V?$basic_config@Ujson_args@configor@@@configor@@@std@@@2@$00@std@@QAEAAV?$allocator@V?$basic_config@Ujson_args@configor@@@configor@@@2@XZ 10002060 f i Pipi_edit.obj
 0001:00001060       ?_Get_first@?$_Compressed_pair@V?$allocator@I@std@@V?$_Deque_val@U?$_Deque_simple_types@I@std@@@2@$00@std@@QAEAAV?$allocator@I@2@XZ 10002060 f i Aimbot.obj
 0001:00001070       ??4Vector@@QAEAAV0@PAM@Z   10002070 f i Client.obj
 0001:00001070       ??4QAngle@@QAEAAV0@PAM@Z   10002070 f i Aimbot.obj
 0001:000010f0       ??AVector@@QBEAAMH@Z       100020f0 f i Client.obj
 0001:000010f0       ??AQAngle@@QBEAAMH@Z       100020f0 f i Aimbot.obj
 0001:00001120       ??HVector@@QBE?AV0@ABV0@@Z 10002120 f i Client.obj
 0001:00001190       ??DVector@@QBE?AV0@M@Z     10002190 f i Client.obj
 0001:00001200       ?AntiSnapshot@@YAXXZ       10002200 f   Client.obj
 0001:00001210       ?AntiScreenshot@@YAXXZ     10002210 f   Client.obj
 0001:00001220       ?AntiScreen@@YAXXZ         10002220 f   Client.obj
 0001:00001290       ?PaintTraversePanel@@YGXPAVIPanel@vgui@@_N1@Z 10002290 f   Client.obj
 0001:00001510       ?CL_CreateMove@@YAXMPAUusercmd_s@@H@Z 10002510 f   Client.obj
 0001:00001880       ??0pmtrace_s@@QAE@XZ       10002880 f i Client.obj
 0001:000018f0       ??0pmplane_t@@QAE@XZ       100028f0 f i Client.obj
 0001:000018f0       ??0my_sound_t@@QAE@XZ      100028f0 f i Sounds.obj
 0001:000018f0       ??0CBomb@@QAE@XZ           100028f0 f i World.obj
 0001:00001910       ??1pmtrace_s@@QAE@XZ       10002910 f i Client.obj
 0001:00001940       ??1?$_String_val@U?$_Simple_types@D@std@@@std@@QAE@XZ 10002940 f i Cvars.obj
 0001:00001940       ??1_Iostream_error_category2@std@@UAE@XZ 10002940 f i World.obj
 0001:00001940       ??1my_sound_t@@QAE@XZ      10002940 f i Sounds.obj
 0001:00001940       ??1_Generic_error_category@std@@UAE@XZ 10002940 f i Menu.obj
 0001:00001940       ??1CBomb@@QAE@XZ           10002940 f i World.obj
 0001:00001940       ??1_System_error_category@std@@UAE@XZ 10002940 f i Menu.obj
 0001:00001940       ??1pmplane_t@@QAE@XZ       10002940 f i Client.obj
 0001:00001960       ?HUD_PostRunCmd@@YAXPAUlocal_state_s@@0PAUusercmd_s@@HNI@Z 10002960 f   Client.obj
 0001:000019c0       ?V_CalcRefdef@@YAXPAUref_params_s@@@Z 100029c0 f   Client.obj
 0001:00001a50       ?HUD_Frame@@YAXN@Z         10002a50 f   Client.obj
 0001:00001aa0       ?HUD_Frame_init@@YAXN@Z    10002aa0 f   Client.obj
 0001:00001c30       ?CL_IsThirdPerson@@YAHXZ   10002c30 f   Client.obj
 0001:00001c80       ?HUD_PlayerMoveInit@@YAXPAUplayermove_s@@@Z 10002c80 f   Client.obj
 0001:00001ca0       ?StudioCheckBBox@@YAHXZ    10002ca0 f   Client.obj
 0001:00001cb0       ?StudioSetRemapColors@@YAXHH@Z 10002cb0 f   Client.obj
 0001:00001ce0       ?pfnDrawUnicodeCharacter@@YAHHHFHHHK@Z 10002ce0 f   Client.obj
 0001:00001d40       ?HUD_AddEntity@@YAHHPAUcl_entity_s@@PBD@Z 10002d40 f   Client.obj
 0001:000026d0       ?HookUserMessages@@YAXXZ   100036d0 f   Client.obj
 0001:00002790       ?HUD_GetHullBounds@@YAHHPAM0@Z 10003790 f   Client.obj
 0001:000027c0       ?CL_Move@@YAXXZ            100037c0 f   Client.obj
 0001:000027e0       ?HUD_ProcessPlayerState@@YAXPAUentity_state_s@@PBU1@@Z 100037e0 f   Client.obj
 0001:000028b0       ?HookClient@@YAXXZ         100038b0 f   Client.obj
 0001:000029d0       ??2@YAPAXIPAX@Z            100039d0 f i Aimbot.obj
 0001:000029e0       ?fpclassify@@YAHM@Z        100039e0 f i Aimbot.obj
 0001:00002a00       _acosf                     10003a00 f i Aimbot.obj
 0001:00002a20       _sqrtf                     10003a20 f i Aimbot.obj
 0001:00002a40       ?acos@@YAMM@Z              10003a40 f i Aimbot.obj
 0001:00002a60       ?sqrt@@YAMM@Z              10003a60 f i Aimbot.obj
 0001:00002a80       ??0exception@std@@QAE@QBDH@Z 10003a80 f i Aimbot.obj
 0001:00002ab0       ??0exception@std@@QAE@ABV01@@Z 10003ab0 f i Aimbot.obj
 0001:00002af0       ??1exception@std@@UAE@XZ   10003af0 f i Aimbot.obj
 0001:00002b20       ?what@exception@std@@UBEPBDXZ 10003b20 f i Aimbot.obj
 0001:00002b50       ??_Eexception@std@@UAEPAXI@Z 10003b50 f i * CIL library *:* CIL module *
 0001:00002b50       ??_Gexception@std@@UAEPAXI@Z 10003b50 f i Aimbot.obj
 0001:00002b80       ??0bad_alloc@std@@AAE@QBD@Z 10003b80 f i Aimbot.obj
 0001:00002bb0       ??_Gbad_cast@std@@UAEPAXI@Z 10003bb0 f i World.obj
 0001:00002bb0       ??_Elogic_error@std@@UAEPAXI@Z 10003bb0 f i * CIL library *:* CIL module *
 0001:00002bb0       ??_Glogic_error@std@@UAEPAXI@Z 10003bb0 f i Pipi_edit.obj
 0001:00002bb0       ??_Gruntime_error@std@@UAEPAXI@Z 10003bb0 f i Menu.obj
 0001:00002bb0       ??_Ebad_cast@std@@UAEPAXI@Z 10003bb0 f i * CIL library *:* CIL module *
 0001:00002bb0       ??_Ebad_alloc@std@@UAEPAXI@Z 10003bb0 f i * CIL library *:* CIL module *
 0001:00002bb0       ??_Gbad_alloc@std@@UAEPAXI@Z 10003bb0 f i Aimbot.obj
 0001:00002bb0       ??_Eruntime_error@std@@UAEPAXI@Z 10003bb0 f i * CIL library *:* CIL module *
 0001:00002be0       ??1logic_error@std@@UAE@XZ 10003be0 f i Pipi_edit.obj
 0001:00002be0       ??1bad_alloc@std@@UAE@XZ   10003be0 f i Aimbot.obj
 0001:00002be0       ??1bad_cast@std@@UAE@XZ    10003be0 f i World.obj
 0001:00002be0       ??1runtime_error@std@@UAE@XZ 10003be0 f i Menu.obj
 0001:00002c00       ??0bad_array_new_length@std@@QAE@XZ 10003c00 f i Aimbot.obj
 0001:00002c30       ??_Gout_of_range@std@@UAEPAXI@Z 10003c30 f i Pipi_edit.obj
 0001:00002c30       ??_Econfigor_exception@configor@@UAEPAXI@Z 10003c30 f i * CIL library *:* CIL module *
 0001:00002c30       ??_Eout_of_range@std@@UAEPAXI@Z 10003c30 f i * CIL library *:* CIL module *
 0001:00002c30       ??_Gbad_array_new_length@std@@UAEPAXI@Z 10003c30 f i Aimbot.obj
 0001:00002c30       ??_Gconfigor_exception@configor@@UAEPAXI@Z 10003c30 f i Pipi_edit.obj
 0001:00002c30       ??_Ebad_array_new_length@std@@UAEPAXI@Z 10003c30 f i * CIL library *:* CIL module *
 0001:00002c60       ??1out_of_range@std@@UAE@XZ 10003c60 f i Pipi_edit.obj
 0001:00002c60       ??1configor_exception@configor@@UAE@XZ 10003c60 f i Pipi_edit.obj
 0001:00002c60       ??1bad_array_new_length@std@@UAE@XZ 10003c60 f i Aimbot.obj
 0001:00002c60       ??1_System_error@std@@UAE@XZ 10003c60 f i Menu.obj
 0001:00002c80       ?_Throw_bad_array_new_length@std@@YAXXZ 10003c80 f i Aimbot.obj
 0001:00002ca0       ??0bad_array_new_length@std@@QAE@ABV01@@Z 10003ca0 f i Aimbot.obj
 0001:00002cd0       ??0bad_alloc@std@@QAE@ABV01@@Z 10003cd0 f i Aimbot.obj
 0001:00002d00       ?max@?$numeric_limits@H@std@@SAHXZ 10003d00 f i Aimbot.obj
 0001:00002d10       ?_Allocate@_Default_allocate_traits@std@@SAPAXI@Z 10003d10 f i Aimbot.obj
 0001:00002d30       ?_Adjust_manually_vector_aligned@std@@YAXAAPAXAAI@Z 10003d30 f i Aimbot.obj
 0001:00002da0       ??0?$_Alloc_construct_ptr@V?$allocator@U?$_Tree_node@U?$pair@$$CBV?$basic_string@DU?$char_traits@D@std@@V?$allocator@D@2@@std@@V?$basic_config@Ujson_args@configor@@@configor@@@std@@PAX@std@@@std@@@std@@QAE@AAV?$allocator@U?$_Tree_node@U?$pair@$$CBV?$basic_string@DU?$char_traits@D@std@@V?$allocator@D@2@@std@@V?$basic_config@Ujson_args@configor@@@configor@@@std@@PAX@std@@@1@@Z 10003da0 f i Pipi_edit.obj
 0001:00002da0       ??0_Container_proxy@std@@QAE@PAU_Container_base12@1@@Z 10003da0 f i Aimbot.obj
 0001:00002dd0       ??0Vector@@QAE@PAM@Z       10003dd0 f i Aimbot.obj
 0001:00002dd0       ?Init@QAngle@@QAEAAV1@PAM@Z 10003dd0 f i NoSpread.obj
 0001:00002dd0       ??0QAngle@@QAE@PAM@Z       10003dd0 f i Aimbot.obj
 0001:00002df0       ?IsZero@Vector@@QBE_NXZ    10003df0 f i Aimbot.obj
 0001:00002e50       ?IsZero2D@Vector@@QAE_NXZ  10003e50 f i Aimbot.obj
 0001:00002ea0       ?Dot@Vector@@QAEMABV1@@Z   10003ea0 f i Aimbot.obj
 0001:00002ef0       ?Length@Vector@@QAEMXZ     10003ef0 f i Aimbot.obj
 0001:00002f20       ?LengthSqr@Vector@@QAEMXZ  10003f20 f i Aimbot.obj
 0001:00002f70       ?Normalize@Vector@@QAEMXZ  10003f70 f i Aimbot.obj
 0001:00002ff0       ?AngleBetween@Vector@@QAEMAAV1@@Z 10003ff0 f i Aimbot.obj
 0001:00003060       ??YVector@@QAEAAV0@ABV0@@Z 10004060 f i Aimbot.obj
 0001:000030c0       ??_0Vector@@QAEAAV0@M@Z    100040c0 f i Aimbot.obj
 0001:00003120       ??GVector@@QBE?AV0@ABV0@@Z 10004120 f i Aimbot.obj
 0001:00003190       ??0QAngle@@QAE@AAV0@@Z     10004190 f i Aimbot.obj
 0001:000031b0       ?Normalize@QAngle@@QAEAAV1@XZ 100041b0 f i Aimbot.obj
 0001:00003250       ??YQAngle@@QAEAAV0@PAM@Z   10004250 f i Aimbot.obj
 0001:000032c0       ??HQAngle@@QBE?AV0@PAM@Z   100042c0 f i Aimbot.obj
 0001:000033a0       ??GQAngle@@QBE?AV0@ABV0@@Z 100043a0 f i Aimbot.obj
 0001:00003470       ?SmoothAimAngles@@YAXVQAngle@@0AAV1@M_NMM@Z 10004470 f   Aimbot.obj
 0001:00003670       ?Run@CAimBot@@QAEXPAUusercmd_s@@@Z 10004670 f   Aimbot.obj
 0001:000036b0       ?Trigger@CAimBot@@QAEXPAUusercmd_s@@@Z 100046b0 f   Aimbot.obj
 0001:00003d50       ?__autoclassinit2@?$_Deque_unchecked_iterator@V?$_Deque_val@U?$_Deque_simple_types@Umy_sound_t@@@std@@@std@@@std@@QAEXI@Z 10004d50 f i Visuals.obj
 0001:00003d50       ?__autoclassinit2@locale@std@@QAEXI@Z 10004d50 f i World.obj
 0001:00003d50       ?__autoclassinit2@?$basic_istream@DU?$char_traits@D@std@@@std@@QAEXI@Z 10004d50 f i Pipi_edit.obj
 0001:00003d50       ?__autoclassinit2@?$json_serializer@V?$basic_config@Ujson_args@configor@@@configor@@@detail@configor@@QAEXI@Z 10004d50 f i Pipi_edit.obj
 0001:00003d50       ?__autoclassinit2@?$deque@Umy_sound_t@@V?$allocator@Umy_sound_t@@@std@@@std@@QAEXI@Z 10004d50 f i Sounds.obj
 0001:00003d50       ?__autoclassinit2@?$deque@IV?$allocator@I@std@@@std@@QAEXI@Z 10004d50 f i Aimbot.obj
 0001:00003d50       ?__autoclassinit2@?$_Uninitialized_backout_al@V?$allocator@V?$basic_config@Ujson_args@configor@@@configor@@@std@@@std@@QAEXI@Z 10004d50 f i Pipi_edit.obj
 0001:00003d50       ?__autoclassinit2@?$fast_string_istreambuf@D@detail@configor@@QAEXI@Z 10004d50 f i Pipi_edit.obj
 0001:00003d50       ?__autoclassinit2@?$basic_ifstream@DU?$char_traits@D@std@@@std@@QAEXI@Z 10004d50 f i World.obj
 0001:00003d50       ?__autoclassinit2@?$_Deque_unchecked_iterator@V?$_Deque_val@U?$_Deque_simple_types@I@std@@@std@@@std@@QAEXI@Z 10004d50 f i Aimbot.obj
 0001:00003d50       ?__autoclassinit2@CCvars@@QAEXI@Z 10004d50 f i Cvars.obj
 0001:00003d50       ?__autoclassinit2@?$numpunct@D@std@@QAEXI@Z 10004d50 f i Pipi_edit.obj
 0001:00003d50       ?__autoclassinit2@?$_Deque_unchecked_iterator@V?$_Deque_val@U?$_Deque_simple_types@VVector@@@std@@@std@@@std@@QAEXI@Z 10004d50 f i Visuals.obj
 0001:00003d50       ?__autoclassinit2@?$basic_ofstream@DU?$char_traits@D@std@@@std@@QAEXI@Z 10004d50 f i Pipi_edit.obj
 0001:00003d50       ?__autoclassinit2@?$fast_basic_ostringstream@D@detail@configor@@QAEXI@Z 10004d50 f i Pipi_edit.obj
 0001:00003d50       ?__autoclassinit2@?$_Tree_const_iterator@V?$_Tree_val@U?$_Tree_simple_types@U?$pair@$$CBV?$basic_string@DU?$char_traits@D@std@@V?$allocator@D@2@@std@@V?$basic_config@Ujson_args@configor@@@configor@@@std@@@std@@@std@@@std@@QAEXI@Z 10004d50 f i Pipi_edit.obj
 0001:00003d50       ?__autoclassinit2@exception_ptr@std@@QAEXI@Z 10004d50 f i Pipi_edit.obj
 0001:00003d50       ?__autoclassinit2@?$unique_ptr@V_Facet_base@std@@U?$default_delete@V_Facet_base@std@@@2@@std@@QAEXI@Z 10004d50 f i World.obj
 0001:00003d70       ?LegitAimbot@CAimBot@@AAEXPAUusercmd_s@@@Z 10004d70 f   Aimbot.obj
 0001:00005140       ?RageAimbot@CAimBot@@AAEXPAUusercmd_s@@@Z 10006140 f   Aimbot.obj
 0001:00005aa0       ??E?$_Deque_unchecked_iterator@V?$_Deque_val@U?$_Deque_simple_types@Umy_sound_t@@@std@@@std@@@std@@QAEAAV01@XZ 10006aa0 f i Visuals.obj
 0001:00005aa0       ??E?$_Deque_unchecked_iterator@V?$_Deque_val@U?$_Deque_simple_types@I@std@@@std@@@std@@QAEAAV01@XZ 10006aa0 f i Aimbot.obj
 0001:00005ac0       ??D?$_Deque_unchecked_iterator@V?$_Deque_val@U?$_Deque_simple_types@I@std@@@std@@@std@@QBEAAIXZ 10006ac0 f i Aimbot.obj
 0001:00005ae0       ??9?$_Deque_unchecked_const_iterator@V?$_Deque_val@U?$_Deque_simple_types@Umy_sound_t@@@std@@@std@@@std@@QBE_NABV01@@Z 10006ae0 f i Visuals.obj
 0001:00005ae0       ??9?$_Deque_unchecked_const_iterator@V?$_Deque_val@U?$_Deque_simple_types@I@std@@@std@@@std@@QBE_NABV01@@Z 10006ae0 f i Aimbot.obj
 0001:00005b20       ?push_back@?$deque@IV?$allocator@I@std@@@std@@QAEXABI@Z 10006b20 f i Aimbot.obj
 0001:00005b50       ?push_front@?$deque@IV?$allocator@I@std@@@std@@QAEXABI@Z 10006b50 f i Aimbot.obj
 0001:00005b70       ??$emplace_front@ABI@?$deque@IV?$allocator@I@std@@@std@@QAE?A_TABI@Z 10006b70 f i Aimbot.obj
 0001:00005ce0       ??A?$deque@IV?$allocator@I@std@@@std@@QAEAAII@Z 10006ce0 f i Aimbot.obj
 0001:00005d20       ?empty@?$deque@Umy_sound_t@@V?$allocator@Umy_sound_t@@@std@@@std@@QBE_NXZ 10006d20 f i Sounds.obj
 0001:00005d20       ?empty@?$deque@IV?$allocator@I@std@@@std@@QBE_NXZ 10006d20 f i Aimbot.obj
 0001:00005d20       ?empty@?$deque@VVector@@V?$allocator@VVector@@@std@@@std@@QBE_NXZ 10006d20 f i Visuals.obj
 0001:00005d50       ?size@?$deque@IV?$allocator@I@std@@@std@@QBEIXZ 10006d50 f i Aimbot.obj
 0001:00005d50       ?size@?$deque@VVector@@V?$allocator@VVector@@@std@@@std@@QBEIXZ 10006d50 f i Visuals.obj
 0001:00005d50       ?size@?$deque@Umy_sound_t@@V?$allocator@Umy_sound_t@@@std@@@std@@QBEIXZ 10006d50 f i Visuals.obj
 0001:00005d70       ?_Unchecked_end@?$deque@Umy_sound_t@@V?$allocator@Umy_sound_t@@@std@@@std@@QAE?AV?$_Deque_unchecked_iterator@V?$_Deque_val@U?$_Deque_simple_types@Umy_sound_t@@@std@@@std@@@2@XZ 10006d70 f i Visuals.obj
 0001:00005d70       ?_Unchecked_end@?$deque@IV?$allocator@I@std@@@std@@QAE?AV?$_Deque_unchecked_iterator@V?$_Deque_val@U?$_Deque_simple_types@I@std@@@std@@@2@XZ 10006d70 f i Aimbot.obj
 0001:00005dc0       ?_Unchecked_begin@?$deque@IV?$allocator@I@std@@@std@@QAE?AV?$_Deque_unchecked_iterator@V?$_Deque_val@U?$_Deque_simple_types@I@std@@@std@@@2@XZ 10006dc0 f i Aimbot.obj
 0001:00005dc0       ?_Unchecked_begin@?$deque@VVector@@V?$allocator@VVector@@@std@@@std@@QAE?AV?$_Deque_unchecked_iterator@V?$_Deque_val@U?$_Deque_simple_types@VVector@@@std@@@std@@@2@XZ 10006dc0 f i Visuals.obj
 0001:00005dc0       ?_Unchecked_begin@?$deque@Umy_sound_t@@V?$allocator@Umy_sound_t@@@std@@@std@@QAE?AV?$_Deque_unchecked_iterator@V?$_Deque_val@U?$_Deque_simple_types@Umy_sound_t@@@std@@@std@@@2@XZ 10006dc0 f i Visuals.obj
 0001:00005e00       ??1?$deque@IV?$allocator@I@std@@@std@@QAE@XZ 10006e00 f i Aimbot.obj
 0001:00005e70       ?push_back@?$deque@IV?$allocator@I@std@@@std@@QAEX$$QAI@Z 10006e70 f i Aimbot.obj
 0001:00005ea0       ??0?$deque@Umy_sound_t@@V?$allocator@Umy_sound_t@@@std@@@std@@QAE@XZ 10006ea0 f i Sounds.obj
 0001:00005ea0       ??0?$deque@VVector@@V?$allocator@VVector@@@std@@@std@@QAE@XZ 10006ea0 f i Visuals.obj
 0001:00005ea0       ??0?$deque@IV?$allocator@I@std@@@std@@QAE@XZ 10006ea0 f i Aimbot.obj
 0001:00005ee0       ??0?$_Deque_unchecked_iterator@V?$_Deque_val@U?$_Deque_simple_types@Umy_sound_t@@@std@@@std@@@std@@QAE@IPBU_Container_base12@1@@Z 10006ee0 f i Visuals.obj
 0001:00005ee0       ??0?$_Deque_unchecked_iterator@V?$_Deque_val@U?$_Deque_simple_types@I@std@@@std@@@std@@QAE@IPBU_Container_base12@1@@Z 10006ee0 f i Aimbot.obj
 0001:00005ee0       ??0?$_Deque_unchecked_iterator@V?$_Deque_val@U?$_Deque_simple_types@VVector@@@std@@@std@@@std@@QAE@IPBU_Container_base12@1@@Z 10006ee0 f i Visuals.obj
 0001:00005f00       ??H?$_Deque_unchecked_iterator@V?$_Deque_val@U?$_Deque_simple_types@VVector@@@std@@@std@@@std@@QBE?AV01@H@Z 10006f00 f i Visuals.obj
 0001:00005f00       ??H?$_Deque_unchecked_iterator@V?$_Deque_val@U?$_Deque_simple_types@I@std@@@std@@@std@@QBE?AV01@H@Z 10006f00 f i Aimbot.obj
 0001:00005f60       ??8?$_Deque_unchecked_const_iterator@V?$_Deque_val@U?$_Deque_simple_types@I@std@@@std@@@std@@QBE_NABV01@@Z 10006f60 f i Aimbot.obj
 0001:00005f60       ??8?$_Deque_unchecked_const_iterator@V?$_Deque_val@U?$_Deque_simple_types@Umy_sound_t@@@std@@@std@@@std@@QBE_NABV01@@Z 10006f60 f i Visuals.obj
 0001:00005f60       ??8error_category@std@@QBE_NABV01@@Z 10006f60 f i Menu.obj
 0001:00005f90       ??E?$_Deque_unchecked_const_iterator@V?$_Deque_val@U?$_Deque_simple_types@Umy_sound_t@@@std@@@std@@@std@@QAEAAV01@XZ 10006f90 f i Visuals.obj
 0001:00005f90       ??E?$_Deque_unchecked_const_iterator@V?$_Deque_val@U?$_Deque_simple_types@I@std@@@std@@@std@@QAEAAV01@XZ 10006f90 f i Aimbot.obj
 0001:00005fb0       ??D?$_Deque_unchecked_const_iterator@V?$_Deque_val@U?$_Deque_simple_types@I@std@@@std@@@std@@QBEABIXZ 10006fb0 f i Aimbot.obj
 0001:00006000       ??0?$_Deque_unchecked_const_iterator@V?$_Deque_val@U?$_Deque_simple_types@Umy_sound_t@@@std@@@std@@@std@@QAE@IPBU_Container_base12@1@@Z 10007000 f i Visuals.obj
 0001:00006000       ??0?$_Deque_unchecked_const_iterator@V?$_Deque_val@U?$_Deque_simple_types@VVector@@@std@@@std@@@std@@QAE@IPBU_Container_base12@1@@Z 10007000 f i Visuals.obj
 0001:00006000       ??0?$_Deque_unchecked_const_iterator@V?$_Deque_val@U?$_Deque_simple_types@I@std@@@std@@@std@@QAE@IPBU_Container_base12@1@@Z 10007000 f i Aimbot.obj
 0001:00006030       ?_Mysize@?$deque@IV?$allocator@I@std@@@std@@AAEAAIXZ 10007030 f i Aimbot.obj
 0001:00006030       ?_Mysize@?$deque@Umy_sound_t@@V?$allocator@Umy_sound_t@@@std@@@std@@ABEABIXZ 10007030 f i Sounds.obj
 0001:00006030       ?_Mysize@?$deque@VVector@@V?$allocator@VVector@@@std@@@std@@AAEAAIXZ 10007030 f i Visuals.obj
 0001:00006030       ?_Mysize@?$deque@VVector@@V?$allocator@VVector@@@std@@@std@@ABEABIXZ 10007030 f i Visuals.obj
 0001:00006030       ?_Mysize@?$deque@IV?$allocator@I@std@@@std@@ABEABIXZ 10007030 f i Aimbot.obj
 0001:00006030       ?_Mysize@?$deque@Umy_sound_t@@V?$allocator@Umy_sound_t@@@std@@@std@@AAEAAIXZ 10007030 f i Sounds.obj
 0001:00006050       ?_Myoff@?$deque@VVector@@V?$allocator@VVector@@@std@@@std@@AAEAAIXZ 10007050 f i Visuals.obj
 0001:00006050       ?_Myoff@?$deque@IV?$allocator@I@std@@@std@@AAEAAIXZ 10007050 f i Aimbot.obj
 0001:00006050       ?_Myoff@?$deque@Umy_sound_t@@V?$allocator@Umy_sound_t@@@std@@@std@@AAEAAIXZ 10007050 f i Sounds.obj
 0001:00006070       ?_Mapsize@?$deque@IV?$allocator@I@std@@@std@@AAEAAIXZ 10007070 f i Aimbot.obj
 0001:00006070       ?_Mapsize@?$deque@Umy_sound_t@@V?$allocator@Umy_sound_t@@@std@@@std@@AAEAAIXZ 10007070 f i Sounds.obj
 0001:00006070       ?_Mapsize@?$deque@VVector@@V?$allocator@VVector@@@std@@@std@@AAEAAIXZ 10007070 f i Visuals.obj
 0001:00006090       ?_Map@?$deque@Umy_sound_t@@V?$allocator@Umy_sound_t@@@std@@@std@@AAEAAPAPAUmy_sound_t@@XZ 10007090 f i Sounds.obj
 0001:00006090       ?_Map@?$deque@IV?$allocator@I@std@@@std@@AAEAAPAPAIXZ 10007090 f i Aimbot.obj
 0001:00006090       ?_Map@?$deque@VVector@@V?$allocator@VVector@@@std@@@std@@AAEAAPAPAVVector@@XZ 10007090 f i Visuals.obj
 0001:000060b0       ?_Getal@?$deque@VVector@@V?$allocator@VVector@@@std@@@std@@AAEAAV?$allocator@VVector@@@2@XZ 100070b0 f i Visuals.obj
 0001:000060b0       ?_Getal@?$deque@VVector@@V?$allocator@VVector@@@std@@@std@@ABEABV?$allocator@VVector@@@2@XZ 100070b0 f i Visuals.obj
 0001:000060b0       ?_Getal@?$deque@Umy_sound_t@@V?$allocator@Umy_sound_t@@@std@@@std@@ABEABV?$allocator@Umy_sound_t@@@2@XZ 100070b0 f i Sounds.obj
 0001:000060b0       ?_Getal@?$_Tree@V?$_Tmap_traits@V?$basic_string@DU?$char_traits@D@std@@V?$allocator@D@2@@std@@V?$basic_config@Ujson_args@configor@@@configor@@U?$less@V?$basic_string@DU?$char_traits@D@std@@V?$allocator@D@2@@std@@@2@V?$allocator@U?$pair@$$CBV?$basic_string@DU?$char_traits@D@std@@V?$allocator@D@2@@std@@V?$basic_config@Ujson_args@configor@@@configor@@@std@@@2@$0A@@std@@@std@@IBEABV?$allocator@U?$_Tree_node@U?$pair@$$CBV?$basic_string@DU?$char_traits@D@std@@V?$allocator@D@2@@std@@V?$basic_config@Ujson_args@configor@@@configor@@@std@@PAX@std@@@2@XZ 100070b0 f i Pipi_edit.obj
 0001:000060b0       ?_Getal@?$basic_string@DU?$char_traits@D@std@@V?$allocator@D@2@@std@@ABEABV?$allocator@D@2@XZ 100070b0 f i Cvars.obj
 0001:000060b0       ?_Getal@?$_Tree@V?$_Tmap_traits@V?$basic_string@DU?$char_traits@D@std@@V?$allocator@D@2@@std@@V?$basic_config@Ujson_args@configor@@@configor@@U?$less@V?$basic_string@DU?$char_traits@D@std@@V?$allocator@D@2@@std@@@2@V?$allocator@U?$pair@$$CBV?$basic_string@DU?$char_traits@D@std@@V?$allocator@D@2@@std@@V?$basic_config@Ujson_args@configor@@@configor@@@std@@@2@$0A@@std@@@std@@IAEAAV?$allocator@U?$_Tree_node@U?$pair@$$CBV?$basic_string@DU?$char_traits@D@std@@V?$allocator@D@2@@std@@V?$basic_config@Ujson_args@configor@@@configor@@@std@@PAX@std@@@2@XZ 100070b0 f i Pipi_edit.obj
 0001:000060b0       ?_Getcomp@?$_Tree@V?$_Tmap_traits@V?$basic_string@DU?$char_traits@D@std@@V?$allocator@D@2@@std@@V?$basic_config@Ujson_args@configor@@@configor@@U?$less@V?$basic_string@DU?$char_traits@D@std@@V?$allocator@D@2@@std@@@2@V?$allocator@U?$pair@$$CBV?$basic_string@DU?$char_traits@D@std@@V?$allocator@D@2@@std@@V?$basic_config@Ujson_args@configor@@@configor@@@std@@@2@$0A@@std@@@std@@IBEABU?$less@V?$basic_string@DU?$char_traits@D@std@@V?$allocator@D@2@@std@@@2@XZ 100070b0 f i Pipi_edit.obj
 0001:000060b0       ?_Getal@?$deque@Umy_sound_t@@V?$allocator@Umy_sound_t@@@std@@@std@@AAEAAV?$allocator@Umy_sound_t@@@2@XZ 100070b0 f i Sounds.obj
 0001:000060b0       ?_Getal@?$deque@IV?$allocator@I@std@@@std@@AAEAAV?$allocator@I@2@XZ 100070b0 f i Aimbot.obj
 0001:000060b0       ?_Getal@?$basic_string@DU?$char_traits@D@std@@V?$allocator@D@2@@std@@AAEAAV?$allocator@D@2@XZ 100070b0 f i Cvars.obj
 0001:000060b0       ?_Getal@?$vector@V?$basic_config@Ujson_args@configor@@@configor@@V?$allocator@V?$basic_config@Ujson_args@configor@@@configor@@@std@@@std@@ABEABV?$allocator@V?$basic_config@Ujson_args@configor@@@configor@@@2@XZ 100070b0 f i Pipi_edit.obj
 0001:000060b0       ?_Getal@?$vector@V?$basic_config@Ujson_args@configor@@@configor@@V?$allocator@V?$basic_config@Ujson_args@configor@@@configor@@@std@@@std@@AAEAAV?$allocator@V?$basic_config@Ujson_args@configor@@@configor@@@2@XZ 100070b0 f i Pipi_edit.obj
 0001:000060b0       ?_Getal@?$deque@IV?$allocator@I@std@@@std@@ABEABV?$allocator@I@2@XZ 100070b0 f i Aimbot.obj
 0001:000060d0       ?_Orphan_all@?$deque@VVector@@V?$allocator@VVector@@@std@@@std@@AAEXXZ 100070d0 f i Visuals.obj
 0001:000060d0       ?_Orphan_all@?$deque@IV?$allocator@I@std@@@std@@AAEXXZ 100070d0 f i Aimbot.obj
 0001:000060d0       ?_Orphan_all@?$deque@Umy_sound_t@@V?$allocator@Umy_sound_t@@@std@@@std@@AAEXXZ 100070d0 f i Sounds.obj
 0001:000060f0       ?_Getblock@?$deque@IV?$allocator@I@std@@@std@@ABEII@Z 100070f0 f i Aimbot.obj
 0001:00006110       ?_Tidy@?$deque@IV?$allocator@I@std@@@std@@AAEXXZ 10007110 f i Aimbot.obj
 0001:00006240       ?_Growmap@?$deque@IV?$allocator@I@std@@@std@@AAEXI@Z 10007240 f i Aimbot.obj
 0001:000064a0       ?allocate@?$allocator@PAUmy_sound_t@@@std@@QAEPAPAUmy_sound_t@@I@Z 100074a0 f i Sounds.obj
 0001:000064a0       ?allocate@?$allocator@PAI@std@@QAEPAPAII@Z 100074a0 f i Aimbot.obj
 0001:000064a0       ?allocate@?$allocator@I@std@@QAEPAII@Z 100074a0 f i Aimbot.obj
 0001:000064a0       ?allocate@?$allocator@PAVVector@@@std@@QAEPAPAVVector@@I@Z 100074a0 f i Visuals.obj
 0001:000064d0       ??Y?$_Deque_unchecked_iterator@V?$_Deque_val@U?$_Deque_simple_types@I@std@@@std@@@std@@QAEAAV01@H@Z 100074d0 f i Aimbot.obj
 0001:000064d0       ??Y?$_Deque_unchecked_iterator@V?$_Deque_val@U?$_Deque_simple_types@VVector@@@std@@@std@@@std@@QAEAAV01@H@Z 100074d0 f i Visuals.obj
 0001:000064f0       ?_Xlen@?$deque@VVector@@V?$allocator@VVector@@@std@@@std@@ABEXXZ 100074f0 f i Visuals.obj
 0001:000064f0       ?_Xlen@?$deque@IV?$allocator@I@std@@@std@@ABEXXZ 100074f0 f i Aimbot.obj
 0001:000064f0       ?_Xlen@?$deque@Umy_sound_t@@V?$allocator@Umy_sound_t@@@std@@@std@@ABEXXZ 100074f0 f i Sounds.obj
 0001:00006510       ?pop_back@?$deque@IV?$allocator@I@std@@@std@@QAEXXZ 10007510 f i Aimbot.obj
 0001:000065f0       ?max_size@?$deque@IV?$allocator@I@std@@@std@@QBEIXZ 100075f0 f i Aimbot.obj
 0001:00006630       ?_Getblock@?$_Deque_val@U?$_Deque_simple_types@I@std@@@std@@QBEII@Z 10007630 f i Aimbot.obj
 0001:00006650       ?deallocate@?$allocator@I@std@@QAEXQAII@Z 10007650 f i Aimbot.obj
 0001:00006650       ?deallocate@?$allocator@PAUmy_sound_t@@@std@@QAEXQAPAUmy_sound_t@@I@Z 10007650 f i Sounds.obj
 0001:00006650       ?deallocate@?$allocator@PAVVector@@@std@@QAEXQAPAVVector@@I@Z 10007650 f i Visuals.obj
 0001:00006650       ?deallocate@?$allocator@PAI@std@@QAEXQAPAII@Z 10007650 f i Aimbot.obj
 0001:00006670       ??Y?$_Deque_unchecked_const_iterator@V?$_Deque_val@U?$_Deque_simple_types@I@std@@@std@@@std@@QAEAAV01@H@Z 10007670 f i Aimbot.obj
 0001:00006670       ??Y?$_Deque_unchecked_const_iterator@V?$_Deque_val@U?$_Deque_simple_types@VVector@@@std@@@std@@@std@@QAEAAV01@H@Z 10007670 f i Visuals.obj
 0001:00006690       ?max_size@?$_Default_allocator_traits@V?$allocator@I@std@@@std@@SAIABV?$allocator@I@2@@Z 10007690 f i Aimbot.obj
 0001:000066a0       ??$isnan@M@@YA_NM@Z        100076a0 f i Aimbot.obj
 0001:000066e0       ??$_Emplace_back_internal@I@?$deque@IV?$allocator@I@std@@@std@@AAEX$$QAI@Z 100076e0 f i Aimbot.obj
 0001:000066e0       ??$_Emplace_back_internal@ABI@?$deque@IV?$allocator@I@std@@@std@@AAEXABI@Z 100076e0 f i Aimbot.obj
 0001:00006830       ??$forward@U_One_then_variadic_args_t@std@@@std@@YA$$QAU_One_then_variadic_args_t@0@AAU10@@Z 10007830 f i Pipi_edit.obj
 0001:00006830       ??$addressof@PAUmy_sound_t@@@std@@YAPAPAUmy_sound_t@@AAPAU1@@Z 10007830 f i Sounds.obj
 0001:00006830       ??$addressof@U?$pair@$$CBV?$basic_string@DU?$char_traits@D@std@@V?$allocator@D@2@@std@@V?$basic_config@Ujson_args@configor@@@configor@@@std@@@std@@YAPAU?$pair@$$CBV?$basic_string@DU?$char_traits@D@std@@V?$allocator@D@2@@std@@V?$basic_config@Ujson_args@configor@@@configor@@@0@AAU10@@Z 10007830 f i Pipi_edit.obj
 0001:00006830       ??$move@AAI@std@@YA$$QAIAAI@Z 10007830 f i Aimbot.obj
 0001:00006830       ??$forward@AAV?$basic_config@Ujson_args@configor@@@configor@@@std@@YAAAV?$basic_config@Ujson_args@configor@@@configor@@AAV12@@Z 10007830 f i Pipi_edit.obj
 0001:00006830       ??$forward@PAPAUmy_sound_t@@@std@@YA$$QAPAPAUmy_sound_t@@AAPAPAU1@@Z 10007830 f i Sounds.obj
 0001:00006830       ??$move@AAV?$basic_string@DU?$char_traits@D@std@@V?$allocator@D@2@@std@@@std@@YA$$QAV?$basic_string@DU?$char_traits@D@std@@V?$allocator@D@2@@0@AAV10@@Z 10007830 f i Pipi_edit.obj
 0001:00006830       ??$move@AAU?$config_value@V?$basic_config@Ujson_args@configor@@@configor@@@detail@configor@@@std@@YA$$QAU?$config_value@V?$basic_config@Ujson_args@configor@@@configor@@@detail@configor@@AAU123@@Z 10007830 f i Pipi_edit.obj
 0001:00006830       ??$forward@ABU?$less@V?$basic_string@DU?$char_traits@D@std@@V?$allocator@D@2@@std@@@std@@@std@@YAABU?$less@V?$basic_string@DU?$char_traits@D@std@@V?$allocator@D@2@@std@@@0@ABU10@@Z 10007830 f i Pipi_edit.obj
 0001:00006830       ??$move@AAT<unnamed-type-data>@?$config_value@V?$basic_config@Ujson_args@configor@@@configor@@@detail@configor@@@std@@YA$$QAT<unnamed-type-data>@?$config_value@V?$basic_config@Ujson_args@configor@@@configor@@@detail@configor@@AAT1234@@Z 10007830 f i Pipi_edit.obj
 0001:00006830       ??$addressof@PAD@std@@YAPAPADAAPAD@Z 10007830 f i Cvars.obj
 0001:00006830       ??$forward@AAPAUmy_sound_t@@@std@@YAAAPAUmy_sound_t@@AAPAU1@@Z 10007830 f i Sounds.obj
 0001:00006830       ??$_Voidify_iter@PAV?$basic_config@Ujson_args@configor@@@configor@@@std@@YAPAXPAV?$basic_config@Ujson_args@configor@@@configor@@@Z 10007830 f i Pipi_edit.obj
 0001:00006830       ??$_Voidify_iter@PAPAUmy_sound_t@@@std@@YAPAXPAPAUmy_sound_t@@@Z 10007830 f i Sounds.obj
 0001:00006830       ??$addressof@$$CBV?$_Tree_val@U?$_Tree_simple_types@U?$pair@$$CBV?$basic_string@DU?$char_traits@D@std@@V?$allocator@D@2@@std@@V?$basic_config@Ujson_args@configor@@@configor@@@std@@@std@@@std@@@std@@YAPBV?$_Tree_val@U?$_Tree_simple_types@U?$pair@$$CBV?$basic_string@DU?$char_traits@D@std@@V?$allocator@D@2@@std@@V?$basic_config@Ujson_args@configor@@@configor@@@std@@@std@@@0@ABV10@@Z 10007830 f i Pipi_edit.obj
 0001:00006830       ??$forward@AAPAD@std@@YAAAPADAAPAD@Z 10007830 f i Menu.obj
 0001:00006830       ??$forward@AB_N@std@@YAAB_NAB_N@Z 10007830 f i Pipi_edit.obj
 0001:00006830       ??$addressof@U_Container_proxy@std@@@std@@YAPAU_Container_proxy@0@AAU10@@Z 10007830 f i Aimbot.obj
 0001:00006830       ??$_Voidify_iter@PAVVector@@@std@@YAPAXPAVVector@@@Z 10007830 f i Visuals.obj
 0001:00006830       ??$addressof@V?$_Deque_val@U?$_Deque_simple_types@Umy_sound_t@@@std@@@std@@@std@@YAPAV?$_Deque_val@U?$_Deque_simple_types@Umy_sound_t@@@std@@@0@AAV10@@Z 10007830 f i Visuals.obj
 0001:00006830       ??$forward@V?$basic_string@DU?$char_traits@D@std@@V?$allocator@D@2@@std@@@std@@YA$$QAV?$basic_string@DU?$char_traits@D@std@@V?$allocator@D@2@@0@AAV10@@Z 10007830 f i Pipi_edit.obj
 0001:00006830       ??$_Voidify_iter@PAI@std@@YAPAXPAI@Z 10007830 f i Aimbot.obj
 0001:00006830       ??$addressof@V?$_Tree_val@U?$_Tree_simple_types@U?$pair@$$CBV?$basic_string@DU?$char_traits@D@std@@V?$allocator@D@2@@std@@V?$basic_config@Ujson_args@configor@@@configor@@@std@@@std@@@std@@@std@@YAPAV?$_Tree_val@U?$_Tree_simple_types@U?$pair@$$CBV?$basic_string@DU?$char_traits@D@std@@V?$allocator@D@2@@std@@V?$basic_config@Ujson_args@configor@@@configor@@@std@@@std@@@0@AAV10@@Z 10007830 f i Pipi_edit.obj
 0001:00006830       ??$_Unfancy@I@std@@YAPAIPAI@Z 10007830 f i Aimbot.obj
 0001:00006830       ??$forward@U_Zero_then_variadic_args_t@std@@@std@@YA$$QAU_Zero_then_variadic_args_t@0@AAU10@@Z 10007830 f i Pipi_edit.obj
 0001:00006830       ??$_Voidify_iter@PAPAD@std@@YAPAXPAPAD@Z 10007830 f i Cvars.obj
 0001:00006830       ??$forward@AAPAU?$_Tree_node@U?$pair@$$CBV?$basic_string@DU?$char_traits@D@std@@V?$allocator@D@2@@std@@V?$basic_config@Ujson_args@configor@@@configor@@@std@@PAX@std@@@std@@YAAAPAU?$_Tree_node@U?$pair@$$CBV?$basic_string@DU?$char_traits@D@std@@V?$allocator@D@2@@std@@V?$basic_config@Ujson_args@configor@@@configor@@@std@@PAX@0@AAPAU10@@Z 10007830 f i Pipi_edit.obj
 0001:00006830       ??$forward@AAY04$$CBD@std@@YAAAY04$$CBDAAY04$$CBD@Z 10007830 f i Pipi_edit.obj
 0001:00006830       ??$forward@V?$allocator@D@std@@@std@@YA$$QAV?$allocator@D@0@AAV10@@Z 10007830 f i Menu.obj
 0001:00006830       ??$forward@AAV?$map@V?$basic_string@DU?$char_traits@D@std@@V?$allocator@D@2@@std@@V?$basic_config@Ujson_args@configor@@@configor@@U?$less@V?$basic_string@DU?$char_traits@D@std@@V?$allocator@D@2@@std@@@2@V?$allocator@U?$pair@$$CBV?$basic_string@DU?$char_traits@D@std@@V?$allocator@D@2@@std@@V?$basic_config@Ujson_args@configor@@@configor@@@std@@@2@@std@@@std@@YAAAV?$map@V?$basic_string@DU?$char_traits@D@std@@V?$allocator@D@2@@std@@V?$basic_config@Ujson_args@configor@@@configor@@U?$less@V?$basic_string@DU?$char_traits@D@std@@V?$allocator@D@2@@std@@@2@V?$allocator@U?$pair@$$CBV?$basic_string@DU?$char_traits@D@std@@V?$allocator@D@2@@std@@V?$basic_config@Ujson_args@configor@@@configor@@@std@@@2@@0@AAV10@@Z 10007830 f i Pipi_edit.obj
 0001:00006830       ??$forward@PAPAI@std@@YA$$QAPAPAIAAPAPAI@Z 10007830 f i Aimbot.obj
 0001:00006830       ??$forward@ABUmy_sound_t@@@std@@YAABUmy_sound_t@@ABU1@@Z 10007830 f i Sounds.obj
 0001:00006830       ??$forward@V?$allocator@U?$_Tree_node@U?$pair@$$CBV?$basic_string@DU?$char_traits@D@std@@V?$allocator@D@2@@std@@V?$basic_config@Ujson_args@configor@@@configor@@@std@@PAX@std@@@std@@@std@@YA$$QAV?$allocator@U?$_Tree_node@U?$pair@$$CBV?$basic_string@DU?$char_traits@D@std@@V?$allocator@D@2@@std@@V?$basic_config@Ujson_args@configor@@@configor@@@std@@PAX@std@@@0@AAV10@@Z 10007830 f i Pipi_edit.obj
 0001:00006830       ??$_Unfancy@V?$basic_config@Ujson_args@configor@@@configor@@@std@@YAPAV?$basic_config@Ujson_args@configor@@@configor@@PAV12@@Z 10007830 f i Pipi_edit.obj
 0001:00006830       ??$forward@ABV?$basic_config@Ujson_args@configor@@@configor@@@std@@YAABV?$basic_config@Ujson_args@configor@@@configor@@ABV12@@Z 10007830 f i Pipi_edit.obj
 0001:00006830       ??$addressof@V?$_Deque_val@U?$_Deque_simple_types@I@std@@@std@@@std@@YAPAV?$_Deque_val@U?$_Deque_simple_types@I@std@@@0@AAV10@@Z 10007830 f i Aimbot.obj
 0001:00006830       ??$_Voidify_iter@PAU?$pair@$$CBV?$basic_string@DU?$char_traits@D@std@@V?$allocator@D@2@@std@@V?$basic_config@Ujson_args@configor@@@configor@@@std@@@std@@YAPAXPAU?$pair@$$CBV?$basic_string@DU?$char_traits@D@std@@V?$allocator@D@2@@std@@V?$basic_config@Ujson_args@configor@@@configor@@@0@@Z 10007830 f i Pipi_edit.obj
 0001:00006830       ??$forward@ABQAU?$_Tree_node@U?$pair@$$CBV?$basic_string@DU?$char_traits@D@std@@V?$allocator@D@2@@std@@V?$basic_config@Ujson_args@configor@@@configor@@@std@@PAX@std@@@std@@YAABQAU?$_Tree_node@U?$pair@$$CBV?$basic_string@DU?$char_traits@D@std@@V?$allocator@D@2@@std@@V?$basic_config@Ujson_args@configor@@@configor@@@std@@PAX@0@ABQAU10@@Z 10007830 f i Pipi_edit.obj
 0001:00006830       ??$_Unfancy@U_Container_proxy@std@@@std@@YAPAU_Container_proxy@0@PAU10@@Z 10007830 f i Aimbot.obj
 0001:00006830       ?select_on_container_copy_construction@?$_Default_allocator_traits@V?$allocator@D@std@@@std@@SA?AV?$allocator@D@2@ABV32@@Z 10007830 f i Menu.obj
 0001:00006830       ??$forward@AAPAI@std@@YAAAPAIAAPAI@Z 10007830 f i Aimbot.obj
 0001:00006830       ??$move@AAH@std@@YA$$QAHAAH@Z 10007830 f i Drawing.obj
 0001:00006830       ??$addressof@$$CBU?$pair@$$CBV?$basic_string@DU?$char_traits@D@std@@V?$allocator@D@2@@std@@V?$basic_config@Ujson_args@configor@@@configor@@@std@@@std@@YAPBU?$pair@$$CBV?$basic_string@DU?$char_traits@D@std@@V?$allocator@D@2@@std@@V?$basic_config@Ujson_args@configor@@@configor@@@0@ABU10@@Z 10007830 f i Pipi_edit.obj
 0001:00006830       ??$addressof@$$CBV?$_String_val@U?$_Simple_types@D@std@@@std@@@std@@YAPBV?$_String_val@U?$_Simple_types@D@std@@@0@ABV10@@Z 10007830 f i Menu.obj
 0001:00006830       ??$_Unfancy@VVector@@@std@@YAPAVVector@@PAV1@@Z 10007830 f i Visuals.obj
 0001:00006830       ??$_Get_unwrapped@AAV?$istreambuf_iterator@DU?$char_traits@D@std@@@std@@@std@@YA?A_TAAV?$istreambuf_iterator@DU?$char_traits@D@std@@@0@@Z 10007830 f i World.obj
 0001:00006830       ??$forward@AAY07$$CBD@std@@YAAAY07$$CBDAAY07$$CBD@Z 10007830 f i Pipi_edit.obj
 0001:00006830       ??$_Voidify_iter@PAPAI@std@@YAPAXPAPAI@Z 10007830 f i Aimbot.obj
 0001:00006830       ??$forward@U?$less@V?$basic_string@DU?$char_traits@D@std@@V?$allocator@D@2@@std@@@std@@@std@@YA$$QAU?$less@V?$basic_string@DU?$char_traits@D@std@@V?$allocator@D@2@@std@@@0@AAU10@@Z 10007830 f i Pipi_edit.obj
 0001:00006830       ??$forward@AAPAV_Facet_base@std@@@std@@YAAAPAV_Facet_base@0@AAPAV10@@Z 10007830 f i World.obj
 0001:00006830       ??$_Voidify_iter@PAPAU?$_Tree_node@U?$pair@$$CBV?$basic_string@DU?$char_traits@D@std@@V?$allocator@D@2@@std@@V?$basic_config@Ujson_args@configor@@@configor@@@std@@PAX@std@@@std@@YAPAXPAPAU?$_Tree_node@U?$pair@$$CBV?$basic_string@DU?$char_traits@D@std@@V?$allocator@D@2@@std@@V?$basic_config@Ujson_args@configor@@@configor@@@std@@PAX@0@@Z 10007830 f i Pipi_edit.obj
 0001:00006830       ??$forward@V?$_Tree_iterator@V?$_Tree_val@U?$_Tree_simple_types@U?$pair@$$CBV?$basic_string@DU?$char_traits@D@std@@V?$allocator@D@2@@std@@V?$basic_config@Ujson_args@configor@@@configor@@@std@@@std@@@std@@@std@@@std@@YA$$QAV?$_Tree_iterator@V?$_Tree_val@U?$_Tree_simple_types@U?$pair@$$CBV?$basic_string@DU?$char_traits@D@std@@V?$allocator@D@2@@std@@V?$basic_config@Ujson_args@configor@@@configor@@@std@@@std@@@std@@@0@AAV10@@Z 10007830 f i Pipi_edit.obj
 0001:00006830       ??$addressof@V?$_String_val@U?$_Simple_types@D@std@@@std@@@std@@YAPAV?$_String_val@U?$_Simple_types@D@std@@@0@AAV10@@Z 10007830 f i Menu.obj
 0001:00006830       ??$_Unfancy@Umy_sound_t@@@std@@YAPAUmy_sound_t@@PAU1@@Z 10007830 f i Sounds.obj
 0001:00006830       ??$addressof@$$CBV?$codecvt@DDU_Mbstatet@@@std@@@std@@YAPBV?$codecvt@DDU_Mbstatet@@@0@ABV10@@Z 10007830 f i World.obj
 0001:00006830       ??$forward@AAV?$vector@V?$basic_config@Ujson_args@configor@@@configor@@V?$allocator@V?$basic_config@Ujson_args@configor@@@configor@@@std@@@std@@@std@@YAAAV?$vector@V?$basic_config@Ujson_args@configor@@@configor@@V?$allocator@V?$basic_config@Ujson_args@configor@@@configor@@@std@@@0@AAV10@@Z 10007830 f i Pipi_edit.obj
 0001:00006830       ??$_Voidify_iter@PAUmy_sound_t@@@std@@YAPAXPAUmy_sound_t@@@Z 10007830 f i Sounds.obj
 0001:00006830       ??$forward@_N@std@@YA$$QA_NAA_N@Z 10007830 f i Pipi_edit.obj
 0001:00006830       ??$forward@AAH@std@@YAAAHAAH@Z 10007830 f i Pipi_edit.obj
 0001:00006830       ??$addressof@PAVVector@@@std@@YAPAPAVVector@@AAPAV1@@Z 10007830 f i Visuals.obj
 0001:00006830       ??$forward@AAPAVVector@@@std@@YAAAPAVVector@@AAPAV1@@Z 10007830 f i Visuals.obj
 0001:00006830       ??$_Voidify_iter@PAV?$map@V?$basic_string@DU?$char_traits@D@std@@V?$allocator@D@2@@std@@V?$basic_config@Ujson_args@configor@@@configor@@U?$less@V?$basic_string@DU?$char_traits@D@std@@V?$allocator@D@2@@std@@@2@V?$allocator@U?$pair@$$CBV?$basic_string@DU?$char_traits@D@std@@V?$allocator@D@2@@std@@V?$basic_config@Ujson_args@configor@@@configor@@@std@@@2@@std@@@std@@YAPAXPAV?$map@V?$basic_string@DU?$char_traits@D@std@@V?$allocator@D@2@@std@@V?$basic_config@Ujson_args@configor@@@configor@@U?$less@V?$basic_string@DU?$char_traits@D@std@@V?$allocator@D@2@@std@@@2@V?$allocator@U?$pair@$$CBV?$basic_string@DU?$char_traits@D@std@@V?$allocator@D@2@@std@@V?$basic_config@Ujson_args@configor@@@configor@@@std@@@2@@0@@Z 10007830 f i Pipi_edit.obj
 0001:00006830       ??$forward@AAV?$basic_string@DU?$char_traits@D@std@@V?$allocator@D@2@@std@@@std@@YAAAV?$basic_string@DU?$char_traits@D@std@@V?$allocator@D@2@@0@AAV10@@Z 10007830 f i Pipi_edit.obj
 0001:00006830       ??$_Voidify_iter@PAPAVVector@@@std@@YAPAXPAPAVVector@@@Z 10007830 f i Visuals.obj
 0001:00006830       ??$addressof@V?$basic_filebuf@DU?$char_traits@D@std@@@std@@@std@@YAPAV?$basic_filebuf@DU?$char_traits@D@std@@@0@AAV10@@Z 10007830 f i World.obj
 0001:00006830       ??$move@AAW4config_value_type@configor@@@std@@YA$$QAW4config_value_type@configor@@AAW412@@Z 10007830 f i Pipi_edit.obj
 0001:00006830       ??$forward@PAU?$_Tree_node@U?$pair@$$CBV?$basic_string@DU?$char_traits@D@std@@V?$allocator@D@2@@std@@V?$basic_config@Ujson_args@configor@@@configor@@@std@@PAX@std@@@std@@YA$$QAPAU?$_Tree_node@U?$pair@$$CBV?$basic_string@DU?$char_traits@D@std@@V?$allocator@D@2@@std@@V?$basic_config@Ujson_args@configor@@@configor@@@std@@PAX@0@AAPAU10@@Z 10007830 f i Pipi_edit.obj
 0001:00006830       ?select_on_container_copy_construction@?$_Default_allocator_traits@V?$allocator@U?$_Tree_node@U?$pair@$$CBV?$basic_string@DU?$char_traits@D@std@@V?$allocator@D@2@@std@@V?$basic_config@Ujson_args@configor@@@configor@@@std@@PAX@std@@@std@@@std@@SA?AV?$allocator@U?$_Tree_node@U?$pair@$$CBV?$basic_string@DU?$char_traits@D@std@@V?$allocator@D@2@@std@@V?$basic_config@Ujson_args@configor@@@configor@@@std@@PAX@std@@@2@ABV32@@Z 10007830 f i Pipi_edit.obj
 0001:00006830       ?_Extract@?$_In_place_key_extract_map@V?$basic_string@DU?$char_traits@D@std@@V?$allocator@D@2@@std@@V12@V?$basic_config@Ujson_args@configor@@@configor@@@std@@SAABV?$basic_string@DU?$char_traits@D@std@@V?$allocator@D@2@@2@ABV32@ABV?$basic_config@Ujson_args@configor@@@configor@@@Z 10007830 f i Pipi_edit.obj
 0001:00006830       ??$forward@ABV?$basic_string@DU?$char_traits@D@std@@V?$allocator@D@2@@std@@@std@@YAABV?$basic_string@DU?$char_traits@D@std@@V?$allocator@D@2@@0@ABV10@@Z 10007830 f i Pipi_edit.obj
 0001:00006830       ??$addressof@PAU?$_Tree_node@U?$pair@$$CBV?$basic_string@DU?$char_traits@D@std@@V?$allocator@D@2@@std@@V?$basic_config@Ujson_args@configor@@@configor@@@std@@PAX@std@@@std@@YAPAPAU?$_Tree_node@U?$pair@$$CBV?$basic_string@DU?$char_traits@D@std@@V?$allocator@D@2@@std@@V?$basic_config@Ujson_args@configor@@@configor@@@std@@PAX@0@AAPAU10@@Z 10007830 f i Pipi_edit.obj
 0001:00006830       ??$forward@AAU?$pair@$$CBV?$basic_string@DU?$char_traits@D@std@@V?$allocator@D@2@@std@@V?$basic_config@Ujson_args@configor@@@configor@@@std@@@std@@YAAAU?$pair@$$CBV?$basic_string@DU?$char_traits@D@std@@V?$allocator@D@2@@std@@V?$basic_config@Ujson_args@configor@@@configor@@@0@AAU10@@Z 10007830 f i Pipi_edit.obj
 0001:00006830       ??$forward@ABV?$allocator@D@std@@@std@@YAABV?$allocator@D@0@ABV10@@Z 10007830 f i World.obj
 0001:00006830       ??$_Voidify_iter@PAV?$basic_string@DU?$char_traits@D@std@@V?$allocator@D@2@@std@@@std@@YAPAXPAV?$basic_string@DU?$char_traits@D@std@@V?$allocator@D@2@@0@@Z 10007830 f i Pipi_edit.obj
 0001:00006830       ??$forward@ABQAD@std@@YAABQADABQAD@Z 10007830 f i Cvars.obj
 0001:00006830       ??$addressof@V?$_Deque_val@U?$_Deque_simple_types@VVector@@@std@@@std@@@std@@YAPAV?$_Deque_val@U?$_Deque_simple_types@VVector@@@std@@@0@AAV10@@Z 10007830 f i Visuals.obj
 0001:00006830       ??$_Voidify_iter@PAU_Container_proxy@std@@@std@@YAPAXPAU_Container_proxy@0@@Z 10007830 f i Aimbot.obj
 0001:00006830       ??$_Voidify_iter@PAV?$vector@V?$basic_config@Ujson_args@configor@@@configor@@V?$allocator@V?$basic_config@Ujson_args@configor@@@configor@@@std@@@std@@@std@@YAPAXPAV?$vector@V?$basic_config@Ujson_args@configor@@@configor@@V?$allocator@V?$basic_config@Ujson_args@configor@@@configor@@@std@@@0@@Z 10007830 f i Pipi_edit.obj
 0001:00006830       ??$_Kfn@$$CBV?$basic_string@DU?$char_traits@D@std@@V?$allocator@D@2@@std@@V?$basic_config@Ujson_args@configor@@@configor@@@?$_Tmap_traits@V?$basic_string@DU?$char_traits@D@std@@V?$allocator@D@2@@std@@V?$basic_config@Ujson_args@configor@@@configor@@U?$less@V?$basic_string@DU?$char_traits@D@std@@V?$allocator@D@2@@std@@@2@V?$allocator@U?$pair@$$CBV?$basic_string@DU?$char_traits@D@std@@V?$allocator@D@2@@std@@V?$basic_config@Ujson_args@configor@@@configor@@@std@@@2@$0A@@std@@SAABV?$basic_string@DU?$char_traits@D@std@@V?$allocator@D@2@@1@ABU?$pair@$$CBV?$basic_string@DU?$char_traits@D@std@@V?$allocator@D@2@@std@@V?$basic_config@Ujson_args@configor@@@configor@@@1@@Z 10007830 f i Pipi_edit.obj
 0001:00006830       ??$_Unfancy@D@std@@YAPADPAD@Z 10007830 f i Cvars.obj
 0001:00006830       ??$_Convert_size@I@std@@YAII@Z 10007830 f i Cvars.obj
 0001:00006830       ??$move@AAV?$allocator@D@std@@@std@@YA$$QAV?$allocator@D@0@AAV10@@Z 10007830 f i Menu.obj
 0001:00006830       ??$addressof@PAI@std@@YAPAPAIAAPAI@Z 10007830 f i Aimbot.obj
 0001:00006830       ??$forward@ABI@std@@YAABIABI@Z 10007830 f i Aimbot.obj
 0001:00006830       ??$forward@V?$allocator@V?$basic_config@Ujson_args@configor@@@configor@@@std@@@std@@YA$$QAV?$allocator@V?$basic_config@Ujson_args@configor@@@configor@@@0@AAV10@@Z 10007830 f i Pipi_edit.obj
 0001:00006830       ??$forward@I@std@@YA$$QAIAAI@Z 10007830 f i Aimbot.obj
 0001:00006830       ??$forward@PAU_Container_base12@std@@@std@@YA$$QAPAU_Container_base12@0@AAPAU10@@Z 10007830 f i Aimbot.obj
 0001:00006830       ??$forward@ABVVector@@@std@@YAABVVector@@ABV1@@Z 10007830 f i Visuals.obj
 0001:00006830       ??$forward@PAPAVVector@@@std@@YA$$QAPAPAVVector@@AAPAPAV1@@Z 10007830 f i Visuals.obj
 0001:00006830       ??$addressof@V?$basic_string@DU?$char_traits@D@std@@V?$allocator@D@2@@std@@@std@@YAPAV?$basic_string@DU?$char_traits@D@std@@V?$allocator@D@2@@0@AAV10@@Z 10007830 f i Pipi_edit.obj
 0001:00006830       ??$move@AAV?$basic_config@Ujson_args@configor@@@configor@@@std@@YA$$QAV?$basic_config@Ujson_args@configor@@@configor@@AAV12@@Z 10007830 f i Pipi_edit.obj
 0001:00006830       ?select_on_container_copy_construction@?$_Default_allocator_traits@V?$allocator@V?$basic_config@Ujson_args@configor@@@configor@@@std@@@std@@SA?AV?$allocator@V?$basic_config@Ujson_args@configor@@@configor@@@2@ABV32@@Z 10007830 f i Pipi_edit.obj
 0001:00006830       ??$forward@V?$basic_config@Ujson_args@configor@@@configor@@@std@@YA$$QAV?$basic_config@Ujson_args@configor@@@configor@@AAV12@@Z 10007830 f i Pipi_edit.obj
 0001:00006840       ??$construct@IABI@?$_Default_allocator_traits@V?$allocator@I@std@@@std@@SAXAAV?$allocator@I@1@QAIABI@Z 10007840 f i Aimbot.obj
 0001:00006840       ??$construct@II@?$_Default_allocator_traits@V?$allocator@I@std@@@std@@SAXAAV?$allocator@I@1@QAI$$QAI@Z 10007840 f i Aimbot.obj
 0001:00006880       ??$?0I@?$allocator@PAI@std@@QAE@ABV?$allocator@I@1@@Z 10007880 f i Aimbot.obj
 0001:00006880       ??$?0VVector@@@?$allocator@U_Container_proxy@std@@@std@@QAE@ABV?$allocator@VVector@@@1@@Z 10007880 f i Visuals.obj
 0001:00006880       ??$?0VVector@@@?$allocator@PAVVector@@@std@@QAE@ABV?$allocator@VVector@@@1@@Z 10007880 f i Visuals.obj
 0001:00006880       ??$?0Umy_sound_t@@@?$allocator@PAUmy_sound_t@@@std@@QAE@ABV?$allocator@Umy_sound_t@@@1@@Z 10007880 f i Sounds.obj
 0001:00006880       ??$?0I@?$allocator@U_Container_proxy@std@@@std@@QAE@ABV?$allocator@I@1@@Z 10007880 f i Aimbot.obj
 0001:00006880       ??$?0Umy_sound_t@@@?$allocator@U_Container_proxy@std@@@std@@QAE@ABV?$allocator@Umy_sound_t@@@1@@Z 10007880 f i Sounds.obj
 0001:00006890       ??$exchange@PAV_Facet_base@std@@$$T@std@@YAPAV_Facet_base@0@AAPAV10@$$QA$$T@Z 10007890 f i World.obj
 0001:00006890       ??$exchange@PAU?$_Tree_node@U?$pair@$$CBV?$basic_string@DU?$char_traits@D@std@@V?$allocator@D@2@@std@@V?$basic_config@Ujson_args@configor@@@configor@@@std@@PAX@std@@$$T@std@@YAPAU?$_Tree_node@U?$pair@$$CBV?$basic_string@DU?$char_traits@D@std@@V?$allocator@D@2@@std@@V?$basic_config@Ujson_args@configor@@@configor@@@std@@PAX@0@AAPAU10@$$QA$$T@Z 10007890 f i Pipi_edit.obj
 0001:00006890       ??$exchange@PAU?$_Tree_node@U?$pair@$$CBV?$basic_string@DU?$char_traits@D@std@@V?$allocator@D@2@@std@@V?$basic_config@Ujson_args@configor@@@configor@@@std@@PAX@std@@AAPAU12@@std@@YAPAU?$_Tree_node@U?$pair@$$CBV?$basic_string@DU?$char_traits@D@std@@V?$allocator@D@2@@std@@V?$basic_config@Ujson_args@configor@@@configor@@@std@@PAX@0@AAPAU10@0@Z 10007890 f i Pipi_edit.obj
 0001:00006890       ??$exchange@PAU_Container_proxy@std@@$$T@std@@YAPAU_Container_proxy@0@AAPAU10@$$QA$$T@Z 10007890 f i Aimbot.obj
 0001:000068b0       ??$_Delete_plain_internal@V?$allocator@U_Container_proxy@std@@@std@@@std@@YAXAAV?$allocator@U_Container_proxy@std@@@0@QAU_Container_proxy@0@@Z 100078b0 f i Aimbot.obj
 0001:000068d0       ??$?0$$V@?$_Compressed_pair@V?$allocator@I@std@@V?$_Deque_val@U?$_Deque_simple_types@I@std@@@2@$00@std@@QAE@U_Zero_then_variadic_args_t@1@@Z 100078d0 f i Aimbot.obj
 0001:000068d0       ??$?0$$V@?$_Compressed_pair@V?$allocator@Umy_sound_t@@@std@@V?$_Deque_val@U?$_Deque_simple_types@Umy_sound_t@@@std@@@2@$00@std@@QAE@U_Zero_then_variadic_args_t@1@@Z 100078d0 f i Sounds.obj
 0001:000068d0       ??$?0$$V@?$_Compressed_pair@V?$allocator@VVector@@@std@@V?$_Deque_val@U?$_Deque_simple_types@VVector@@@std@@@2@$00@std@@QAE@U_Zero_then_variadic_args_t@1@@Z 100078d0 f i Visuals.obj
 0001:000068f0       ??$_Alloc_proxy@V?$allocator@U_Container_proxy@std@@@std@@@_Container_base12@std@@QAEX$$QAV?$allocator@U_Container_proxy@std@@@1@@Z 100078f0 f i Aimbot.obj
 0001:00006940       ??$_Adl_verify_range@PBDPBD@std@@YAXABQBD0@Z 10007940 f i World.obj
 0001:00006940       ??$_Adl_verify_range@PAPAUmy_sound_t@@PAPAU1@@std@@YAXABQAPAUmy_sound_t@@0@Z 10007940 f i Sounds.obj
 0001:00006940       ??$_Destroy_range@PAPAUmy_sound_t@@PAPAU1@@std@@YAXPAPAUmy_sound_t@@QAPAU1@@Z 10007940 f i Sounds.obj
 0001:00006940       ??$_Destroy_in_place@PAVVector@@@std@@YAXAAPAVVector@@@Z 10007940 f i Visuals.obj
 0001:00006940       ??$_Destroy_in_place@PAI@std@@YAXAAPAI@Z 10007940 f i Aimbot.obj
 0001:00006940       ??$_Adl_verify_range@V?$istreambuf_iterator@DU?$char_traits@D@std@@@std@@V12@@std@@YAXABV?$istreambuf_iterator@DU?$char_traits@D@std@@@0@0@Z 10007940 f i World.obj
 0001:00006940       ??$_Adl_verify_range@PAPAVVector@@PAPAV1@@std@@YAXABQAPAVVector@@0@Z 10007940 f i Visuals.obj
 0001:00006940       ??$_Destroy_in_place@PAD@std@@YAXAAPAD@Z 10007940 f i Cvars.obj
 0001:00006940       ??$_Adl_verify_range@PAPAIPAPAI@std@@YAXABQAPAI0@Z 10007940 f i Aimbot.obj
 0001:00006940       ??$_Destroy_range@PAPAIPAPAI@std@@YAXPAPAIQAPAI@Z 10007940 f i Aimbot.obj
 0001:00006940       ??$_Adl_verify_range@PADPBD@std@@YAXABQADABQBD@Z 10007940 f i World.obj
 0001:00006940       ??$_Destroy_in_place@PAU?$_Tree_node@U?$pair@$$CBV?$basic_string@DU?$char_traits@D@std@@V?$allocator@D@2@@std@@V?$basic_config@Ujson_args@configor@@@configor@@@std@@PAX@std@@@std@@YAXAAPAU?$_Tree_node@U?$pair@$$CBV?$basic_string@DU?$char_traits@D@std@@V?$allocator@D@2@@std@@V?$basic_config@Ujson_args@configor@@@configor@@@std@@PAX@0@@Z 10007940 f i Pipi_edit.obj
 0001:00006940       ??$destroy@I@?$_Default_allocator_traits@V?$allocator@I@std@@@std@@SAXAAV?$allocator@I@1@QAI@Z 10007940 f i Aimbot.obj
 0001:00006940       ??$_Destroy_range@PAPAVVector@@PAPAV1@@std@@YAXPAPAVVector@@QAPAV1@@Z 10007940 f i Visuals.obj
 0001:00006940       ??$_Adl_verify_range@PBV?$basic_config@Ujson_args@configor@@@configor@@PBV12@@std@@YAXABQBV?$basic_config@Ujson_args@configor@@@configor@@0@Z 10007940 f i Pipi_edit.obj
 0001:00006940       ??$_Destroy_in_place@PAUmy_sound_t@@@std@@YAXAAPAUmy_sound_t@@@Z 10007940 f i Sounds.obj
 0001:00006950       ??$uninitialized_copy@PAPAUmy_sound_t@@PAPAU1@@std@@YAPAPAUmy_sound_t@@QAPAU1@0PAPAU1@@Z 10007950 f i Sounds.obj
 0001:00006950       ??$uninitialized_copy@PAPAIPAPAI@std@@YAPAPAIQAPAI0PAPAI@Z 10007950 f i Aimbot.obj
 0001:00006950       ??$uninitialized_copy@PAPAVVector@@PAPAV1@@std@@YAPAPAVVector@@QAPAV1@0PAPAV1@@Z 10007950 f i Visuals.obj
 0001:000069f0       ??$_To_address@PAPAI@std@@YA?A_PABQAPAI@Z 100079f0 f i Aimbot.obj
 0001:000069f0       ??$_Get_unwrapped_n@AAPAPAVVector@@H@std@@YA?A_TAAPAPAVVector@@H@Z 100079f0 f i Visuals.obj
 0001:000069f0       ??$_Get_unwrapped@ABQAPAI@std@@YA?A_TABQAPAI@Z 100079f0 f i Aimbot.obj
 0001:000069f0       ??$_To_address@PAPAVVector@@@std@@YA?A_PABQAPAVVector@@@Z 100079f0 f i Visuals.obj
 0001:000069f0       ??$_Get_unwrapped@ABQAPAVVector@@@std@@YA?A_TABQAPAVVector@@@Z 100079f0 f i Visuals.obj
 0001:000069f0       ??$_Get_unwrapped@ABQAV?$basic_config@Ujson_args@configor@@@configor@@@std@@YA?A_TABQAV?$basic_config@Ujson_args@configor@@@configor@@@Z 100079f0 f i Pipi_edit.obj
 0001:000069f0       ??$_To_address@PAPAUmy_sound_t@@@std@@YA?A_PABQAPAUmy_sound_t@@@Z 100079f0 f i Sounds.obj
 0001:000069f0       ??$_Get_unwrapped@AAPBV?$basic_config@Ujson_args@configor@@@configor@@@std@@YA?A_TAAPBV?$basic_config@Ujson_args@configor@@@configor@@@Z 100079f0 f i Pipi_edit.obj
 0001:000069f0       ??$_Get_unwrapped_n@AAPAPAUmy_sound_t@@H@std@@YA?A_TAAPAPAUmy_sound_t@@H@Z 100079f0 f i Sounds.obj
 0001:000069f0       ??$_Get_unwrapped@ABQAPAUmy_sound_t@@@std@@YA?A_TABQAPAUmy_sound_t@@@Z 100079f0 f i Sounds.obj
 0001:000069f0       ??$_Get_unwrapped@ABQBV?$basic_config@Ujson_args@configor@@@configor@@@std@@YA?A_TABQBV?$basic_config@Ujson_args@configor@@@configor@@@Z 100079f0 f i Pipi_edit.obj
 0001:000069f0       ??$_Get_unwrapped_n@AAPAPAIH@std@@YA?A_TAAPAPAIH@Z 100079f0 f i Aimbot.obj
 0001:00006a00       ??$_Idl_distance@PAPAIPAPAI@std@@YA?A_PABQAPAI0@Z 10007a00 f i Aimbot.obj
 0001:00006a00       ??$_Idl_distance@PAPAUmy_sound_t@@PAPAU1@@std@@YA?A_PABQAPAUmy_sound_t@@0@Z 10007a00 f i Sounds.obj
 0001:00006a00       ??$_Idl_distance@PAPAVVector@@PAPAV1@@std@@YA?A_PABQAPAVVector@@0@Z 10007a00 f i Visuals.obj
 0001:00006a20       ??$_Uninitialized_value_construct_n_unchecked1@PAPAVVector@@I@std@@YAPAPAVVector@@PAPAV1@I@Z 10007a20 f i Visuals.obj
 0001:00006a20       ??$_Uninitialized_value_construct_n_unchecked1@PAPAII@std@@YAPAPAIPAPAII@Z 10007a20 f i Aimbot.obj
 0001:00006a20       ??$_Uninitialized_value_construct_n_unchecked1@PAPAUmy_sound_t@@I@std@@YAPAPAUmy_sound_t@@PAPAU1@I@Z 10007a20 f i Sounds.obj
 0001:00006a40       ??$_Get_size_of_n@$03@std@@YAII@Z 10007a40 f i Aimbot.obj
 0001:00006a70       ??$_Allocate@$07U_Default_allocate_traits@std@@$0A@@std@@YAPAXI@Z 10007a70 f i Aimbot.obj
 0001:00006ab0       ??$min@I@std@@YAABIABI0@Z  10007ab0 f i Aimbot.obj
 0001:00006ae0       ??$_Deallocate@$07$0A@@std@@YAXPAXI@Z 10007ae0 f i Aimbot.obj
 0001:00006b40       ?allocate@?$allocator@U_Container_proxy@std@@@std@@QAEPAU_Container_proxy@2@I@Z 10007b40 f i Aimbot.obj
 0001:00006b70       ??0?$_Deque_val@U?$_Deque_simple_types@I@std@@@std@@QAE@XZ 10007b70 f i Aimbot.obj
 0001:00006b70       ??0?$_Deque_val@U?$_Deque_simple_types@VVector@@@std@@@std@@QAE@XZ 10007b70 f i Visuals.obj
 0001:00006b70       ??0?$_Deque_val@U?$_Deque_simple_types@Umy_sound_t@@@std@@@std@@QAE@XZ 10007b70 f i Sounds.obj
 0001:00006bb0       ??0_Container_base12@std@@QAE@XZ 10007bb0 f i Aimbot.obj
 0001:00006bb0       ??0_Bxty@?$_String_val@U?$_Simple_types@D@std@@@std@@QAE@XZ 10007bb0 f i Cvars.obj
 0001:00006bd0       ??$_Deallocate_plain@V?$allocator@U_Container_proxy@std@@@std@@@std@@YAXAAV?$allocator@U_Container_proxy@std@@@0@QAU_Container_proxy@0@@Z 10007bd0 f i Aimbot.obj
 0001:00006c20       ??$_Construct_in_place@U_Container_proxy@std@@PAU_Container_base12@2@@std@@YAXAAU_Container_proxy@0@$$QAPAU_Container_base12@0@@Z 10007c20 f i Aimbot.obj
 0001:00006c70       ??$_Uninitialized_copy_unchecked@PAPAIPAPAI@std@@YAPAPAIPAPAIQAPAI0@Z 10007c70 f i Aimbot.obj
 0001:00006c70       ??$_Uninitialized_copy_unchecked@PAPAUmy_sound_t@@PAPAU1@@std@@YAPAPAUmy_sound_t@@PAPAU1@QAPAU1@0@Z 10007c70 f i Sounds.obj
 0001:00006c70       ??$_Uninitialized_copy_unchecked@PAPAVVector@@PAPAV1@@std@@YAPAPAVVector@@PAPAV1@QAPAV1@0@Z 10007c70 f i Visuals.obj
 0001:00006d20       ??$_Seek_wrapped@PAPAIPAPAI@std@@YAXAAPAPAI$$QAPAPAI@Z 10007d20 f i Aimbot.obj
 0001:00006d20       ??$_Seek_wrapped@PAPAVVector@@PAPAV1@@std@@YAXAAPAPAVVector@@$$QAPAPAV1@@Z 10007d20 f i Visuals.obj
 0001:00006d20       ??$_Seek_wrapped@PAPAUmy_sound_t@@PAPAU1@@std@@YAXAAPAPAUmy_sound_t@@$$QAPAPAU1@@Z 10007d20 f i Sounds.obj
 0001:00006d40       ??$_Zero_range@PAPAVVector@@@std@@YAPAPAVVector@@QAPAV1@0@Z 10007d40 f i Visuals.obj
 0001:00006d40       ??$_Zero_range@PAPAUmy_sound_t@@@std@@YAPAPAUmy_sound_t@@QAPAU1@0@Z 10007d40 f i Sounds.obj
 0001:00006d40       ??$_Zero_range@PAPAI@std@@YAPAPAIQAPAI0@Z 10007d40 f i Aimbot.obj
 0001:00006d80       ??$_Allocate_manually_vector_aligned@U_Default_allocate_traits@std@@@std@@YAPAXI@Z 10007d80 f i Aimbot.obj
 0001:00006df0       ??$_Get_size_of_n@$07@std@@YAII@Z 10007df0 f i Aimbot.obj
 0001:00006e20       ?_Release@?$_Uninitialized_backout@PAPAUmy_sound_t@@@std@@QAEPAPAUmy_sound_t@@XZ 10007e20 f i Sounds.obj
 0001:00006e20       ?_Release@?$_Uninitialized_backout_al@V?$allocator@V?$basic_config@Ujson_args@configor@@@configor@@@std@@@std@@QAEPAV?$basic_config@Ujson_args@configor@@@configor@@XZ 10007e20 f i Pipi_edit.obj
 0001:00006e20       ?_Release@?$_Uninitialized_backout@PAPAVVector@@@std@@QAEPAPAVVector@@XZ 10007e20 f i Visuals.obj
 0001:00006e20       ?_Release@?$_Uninitialized_backout@PAPAI@std@@QAEPAPAIXZ 10007e20 f i Aimbot.obj
 0001:00006e40       ??1?$_Uninitialized_backout@PAPAUmy_sound_t@@@std@@QAE@XZ 10007e40 f i Sounds.obj
 0001:00006e40       ??1?$_Uninitialized_backout@PAPAI@std@@QAE@XZ 10007e40 f i Aimbot.obj
 0001:00006e40       ??1?$_Uninitialized_backout@PAPAVVector@@@std@@QAE@XZ 10007e40 f i Visuals.obj
 0001:00006e60       ??0?$_Uninitialized_backout@PAPAVVector@@@std@@QAE@PAPAVVector@@@Z 10007e60 f i Visuals.obj
 0001:00006e60       ??0?$_Uninitialized_backout@PAPAI@std@@QAE@PAPAI@Z 10007e60 f i Aimbot.obj
 0001:00006e60       ??0?$_Uninitialized_backout@PAPAUmy_sound_t@@@std@@QAE@PAPAUmy_sound_t@@@Z 10007e60 f i Sounds.obj
 0001:00006e90       ?deallocate@?$_Default_allocator_traits@V?$allocator@V?$map@V?$basic_string@DU?$char_traits@D@std@@V?$allocator@D@2@@std@@V?$basic_config@Ujson_args@configor@@@configor@@U?$less@V?$basic_string@DU?$char_traits@D@std@@V?$allocator@D@2@@std@@@2@V?$allocator@U?$pair@$$CBV?$basic_string@DU?$char_traits@D@std@@V?$allocator@D@2@@std@@V?$basic_config@Ujson_args@configor@@@configor@@@std@@@2@@std@@@std@@@std@@SAXAAV?$allocator@V?$map@V?$basic_string@DU?$char_traits@D@std@@V?$allocator@D@2@@std@@V?$basic_config@Ujson_args@configor@@@configor@@U?$less@V?$basic_string@DU?$char_traits@D@std@@V?$allocator@D@2@@std@@@2@V?$allocator@U?$pair@$$CBV?$basic_string@DU?$char_traits@D@std@@V?$allocator@D@2@@std@@V?$basic_config@Ujson_args@configor@@@configor@@@std@@@2@@std@@@2@QAV?$map@V?$basic_string@DU?$char_traits@D@std@@V?$allocator@D@2@@std@@V?$basic_config@Ujson_args@configor@@@configor@@U?$less@V?$basic_string@DU?$char_traits@D@std@@V?$allocator@D@2@@std@@@2@V?$allocator@U?$pair@$$CBV?$basic_string@DU?$char_traits@D@std@@V?$allocator@D@2@@std@@V?$basic_config@Ujson_args@configor@@@configor@@@std@@@2@@2@I@Z 10007e90 f i Pipi_edit.obj
 0001:00006e90       ?deallocate@?$_Default_allocator_traits@V?$allocator@U_Container_proxy@std@@@std@@@std@@SAXAAV?$allocator@U_Container_proxy@std@@@2@QAU_Container_proxy@2@I@Z 10007e90 f i Aimbot.obj
 0001:00006eb0       ??$_Copy_memmove@PAPAIPAPAI@std@@YAPAPAIPAPAI00@Z 10007eb0 f i Aimbot.obj
 0001:00006eb0       ??$_Copy_memmove@PAPAUmy_sound_t@@PAPAU1@@std@@YAPAPAUmy_sound_t@@PAPAU1@00@Z 10007eb0 f i Sounds.obj
 0001:00006eb0       ??$_Copy_memmove@PAPAVVector@@PAPAV1@@std@@YAPAPAVVector@@PAPAV1@00@Z 10007eb0 f i Visuals.obj
 0001:00006f20       ??$_Emplace_back@AAPAVVector@@@?$_Uninitialized_backout@PAPAVVector@@@std@@QAEXAAPAVVector@@@Z 10007f20 f i Visuals.obj
 0001:00006f20       ??$_Emplace_back@AAPAI@?$_Uninitialized_backout@PAPAI@std@@QAEXAAPAI@Z 10007f20 f i Aimbot.obj
 0001:00006f20       ??$_Emplace_back@AAPAUmy_sound_t@@@?$_Uninitialized_backout@PAPAUmy_sound_t@@@std@@QAEXAAPAUmy_sound_t@@@Z 10007f20 f i Sounds.obj
 0001:00006f60       ??$_Construct_in_place@PAVVector@@AAPAV1@@std@@YAXAAPAVVector@@0@Z 10007f60 f i Visuals.obj
 0001:00006f60       ??$_Construct_in_place@PADABQAD@std@@YAXAAPADABQAD@Z 10007f60 f i Cvars.obj
 0001:00006f60       ??$_Construct_in_place@PAUmy_sound_t@@AAPAU1@@std@@YAXAAPAUmy_sound_t@@0@Z 10007f60 f i Sounds.obj
 0001:00006f60       ??$_Construct_in_place@PADAAPAD@std@@YAXAAPAD0@Z 10007f60 f i Menu.obj
 0001:00006f60       ??$_Construct_in_place@PAU?$_Tree_node@U?$pair@$$CBV?$basic_string@DU?$char_traits@D@std@@V?$allocator@D@2@@std@@V?$basic_config@Ujson_args@configor@@@configor@@@std@@PAX@std@@AAPAU12@@std@@YAXAAPAU?$_Tree_node@U?$pair@$$CBV?$basic_string@DU?$char_traits@D@std@@V?$allocator@D@2@@std@@V?$basic_config@Ujson_args@configor@@@configor@@@std@@PAX@0@0@Z 10007f60 f i Pipi_edit.obj
 0001:00006f60       ??$_Construct_in_place@PAU?$_Tree_node@U?$pair@$$CBV?$basic_string@DU?$char_traits@D@std@@V?$allocator@D@2@@std@@V?$basic_config@Ujson_args@configor@@@configor@@@std@@PAX@std@@ABQAU12@@std@@YAXAAPAU?$_Tree_node@U?$pair@$$CBV?$basic_string@DU?$char_traits@D@std@@V?$allocator@D@2@@std@@V?$basic_config@Ujson_args@configor@@@configor@@@std@@PAX@0@ABQAU10@@Z 10007f60 f i Pipi_edit.obj
 0001:00006f60       ??$_Construct_in_place@PAIAAPAI@std@@YAXAAPAI0@Z 10007f60 f i Aimbot.obj
 0001:00006fa0       ?fpclassify@@YAHN@Z        10007fa0 f i Cvars.obj
 0001:00006fc0       ??0_Fake_proxy_ptr_impl@std@@QAE@ABU_Fake_allocator@1@ABU_Container_base0@1@@Z 10007fc0 f i Cvars.obj
 0001:00006fd0       ?_Xlen_string@std@@YAXXZ   10007fd0 f i Cvars.obj
 0001:00006fe0       ??0CCvars@@QAE@XZ          10007fe0 f i Cvars.obj
 0001:00007000       ?Init@CCvars@@QAEXXZ       10008000 f   Cvars.obj
 0001:000077e0       ?dtoa@@YAPADPADN@Z         100087e0 f   Cvars.obj
 0001:00007b90       ?SaveCvars@CFunctions@@QAEXXZ 10008b90 f   Cvars.obj
 0001:0000a140       ?LoadCvars@CFunctions@@QAEXXZ 1000b140 f   Cvars.obj
 0001:0000c670       ?c_str@?$basic_string@DU?$char_traits@D@std@@V?$allocator@D@2@@std@@QBEPBDXZ 1000d670 f i Cvars.obj
 0001:0000c670       ?data@?$basic_string@DU?$char_traits@D@std@@V?$allocator@D@2@@std@@QBEPBDXZ 1000d670 f i World.obj
 0001:0000c690       ?append@?$basic_string@DU?$char_traits@D@std@@V?$allocator@D@2@@std@@QAEAAV12@QBD@Z 1000d690 f i Cvars.obj
 0001:0000c6c0       ??1?$basic_string@DU?$char_traits@D@std@@V?$allocator@D@2@@std@@QAE@XZ 1000d6c0 f i Cvars.obj
 0001:0000c6e0       ??0?$basic_string@DU?$char_traits@D@std@@V?$allocator@D@2@@std@@QAE@QBD@Z 1000d6e0 f i Cvars.obj
 0001:0000c780       ??1?$_Compressed_pair@V?$allocator@D@std@@V?$_String_val@U?$_Simple_types@D@std@@@2@$00@std@@QAE@XZ 1000d780 f i Cvars.obj
 0001:0000c7a0       ?_Tidy_deallocate@?$basic_string@DU?$char_traits@D@std@@V?$allocator@D@2@@std@@AAEXXZ 1000d7a0 f i Cvars.obj
 0001:0000c860       ?_Tidy_init@?$basic_string@DU?$char_traits@D@std@@V?$allocator@D@2@@std@@AAEXXZ 1000d860 f i Cvars.obj
 0001:0000c8b0       ?assign@?$basic_string@DU?$char_traits@D@std@@V?$allocator@D@2@@std@@QAEAAV12@QBD@Z 1000d8b0 f i Cvars.obj
 0001:0000c8e0       ?assign@?$basic_string@DU?$char_traits@D@std@@V?$allocator@D@2@@std@@QAEAAV12@QBDI@Z 1000d8e0 f i Cvars.obj
 0001:0000c960       ??R<lambda_9366063389c5f42a00a5088cf24e69de>@@QBE@QADIQBD@Z 1000d960 f i Cvars.obj
 0001:0000c9a0       ?append@?$basic_string@DU?$char_traits@D@std@@V?$allocator@D@2@@std@@QAEAAV12@QBDI@Z 1000d9a0 f i Cvars.obj
 0001:0000ca40       ??R<lambda_ab246b20b9526e2ef7792587e4298a77>@@QBE@QADQBDI1I@Z 1000da40 f i Cvars.obj
 0001:0000caa0       ?_Myptr@?$_String_val@U?$_Simple_types@D@std@@@std@@QBEPBDXZ 1000daa0 f i Cvars.obj
 0001:0000caa0       ?_Myptr@?$_String_val@U?$_Simple_types@D@std@@@std@@QAEPADXZ 1000daa0 f i Cvars.obj
 0001:0000cae0       ?length@?$_Narrow_char_traits@DH@std@@SAIQBD@Z 1000dae0 f i Cvars.obj
 0001:0000cb20       ??$max@I@std@@YAABIABI0@Z  1000db20 f i Cvars.obj
 0001:0000cb50       ?max_size@?$basic_string@DU?$char_traits@D@std@@V?$allocator@D@2@@std@@QBEIXZ 1000db50 f i Cvars.obj
 0001:0000cbd0       ?_Large_string_engaged@?$_String_val@U?$_Simple_types@D@std@@@std@@QBE_NXZ 1000dbd0 f i Cvars.obj
 0001:0000cc00       ?allocate@?$allocator@D@std@@QAEPADI@Z 1000dc00 f i Cvars.obj
 0001:0000cc30       ?deallocate@?$allocator@D@std@@QAEXQADI@Z 1000dc30 f i Cvars.obj
 0001:0000cc50       ?assign@?$_Narrow_char_traits@DH@std@@SAXAADABD@Z 1000dc50 f i Cvars.obj
 0001:0000cc60       ?move@?$_Char_traits@DH@std@@SAPADQADQBDI@Z 1000dc60 f i Cvars.obj
 0001:0000cc60       ?copy@?$_Char_traits@DH@std@@SAPADQADQBDI@Z 1000dc60 f i Cvars.obj
 0001:0000cc80       ?eof@?$_Narrow_char_traits@DH@std@@SAHXZ 1000dc80 f i World.obj
 0001:0000cc80       ?max_size@?$_Default_allocator_traits@V?$allocator@D@std@@@std@@SAIABV?$allocator@D@2@@Z 1000dc80 f i Cvars.obj
 0001:0000cc90       ??$isnan@N@@YA_NN@Z        1000dc90 f i Cvars.obj
 0001:0000ccd0       ??$isinf@N@@YA_NN@Z        1000dcd0 f i Cvars.obj
 0001:0000cd10       ??$pow@NH$0A@@@YANNH@Z     1000dd10 f i Cvars.obj
 0001:0000cd40       ??$?0$$V@?$_Compressed_pair@V?$allocator@D@std@@V?$_String_val@U?$_Simple_types@D@std@@@2@$00@std@@QAE@U_Zero_then_variadic_args_t@1@@Z 1000dd40 f i Cvars.obj
 0001:0000cd60       ??$_Reallocate_for@V<lambda_9366063389c5f42a00a5088cf24e69de>@@PBD@?$basic_string@DU?$char_traits@D@std@@V?$allocator@D@2@@std@@AAEAAV01@IV<lambda_9366063389c5f42a00a5088cf24e69de>@@PBD@Z 1000dd60 f i Cvars.obj
 0001:0000ce50       ??$_Reallocate_grow_by@V<lambda_ab246b20b9526e2ef7792587e4298a77>@@PBDI@?$basic_string@DU?$char_traits@D@std@@V?$allocator@D@2@@std@@AAEAAV01@IV<lambda_ab246b20b9526e2ef7792587e4298a77>@@PBDI@Z 1000de50 f i Cvars.obj
 0001:0000cf90       ??$_Get_size_of_n@$00@std@@YAII@Z 1000df90 f i Cvars.obj
 0001:0000cfa0       ?_Calculate_growth@?$basic_string@DU?$char_traits@D@std@@V?$allocator@D@2@@std@@ABEII@Z 1000dfa0 f i Cvars.obj
 0001:0000cfd0       ??0?$_String_val@U?$_Simple_types@D@std@@@std@@QAE@XZ 1000dfd0 f i Cvars.obj
 0001:0000d000       ?_Calculate_growth@?$basic_string@DU?$char_traits@D@std@@V?$allocator@D@2@@std@@CAIIII@Z 1000e000 f i Cvars.obj
 0001:0000d070       _cosf                      1000e070 f i Drawing.obj
 0001:0000d090       _sinf                      1000e090 f i Drawing.obj
 0001:0000d0b0       ___local_stdio_printf_options 1000e0b0 f i Drawing.obj
 0001:0000d0c0       __vsnprintf_l              1000e0c0 f i Drawing.obj
 0001:0000d110       __vsnprintf                1000e110 f i Drawing.obj
 0001:0000d130       ?SetupFonts@CDrawing@@QAEXXZ 1000e130 f   Drawing.obj
[...]
 0002:0004fde0       rgwOrd                     100c0de0     ev0lution.exp
 0002:0004fde2       szName                     100c0de2     ev0lution.exp
 0002:0004fdf0       $N00001                    100c0df0     ev0lution.exp
 0002:00050330       .idata$6                   100c1330     kernel32:KERNEL32.dll
 0002:00050406       .idata$6                   100c1406     user32:USER32.dll
 0002:00050478       .idata$6                   100c1478     gdi32:GDI32.dll
 0002:00050496       .idata$6                   100c1496     shell32:SHELL32.dll
 0002:000504d2       .idata$6                   100c14d2     ole32:ole32.dll
 0002:000504dc       .idata$6                   100c14dc     oleaut32:OLEAUT32.dll
 0002:000505c4       .idata$6                   100c15c4     OpenGL32:OPENGL32.dll
 0003:00000000       $SG62434                   100c2000     detours:detours.obj
 0003:00000010       $SG62437                   100c2010     detours:detours.obj
 0003:00000028       $SG62439                   100c2028     detours:detours.obj
 0003:00000038       $SG62441                   100c2038     detours:detours.obj
 0003:00000048       $SG62443                   100c2048     detours:detours.obj
 0003:00000058       $SG62445                   100c2058     detours:detours.obj
 0003:00000068       $SG62447                   100c2068     detours:detours.obj
 0003:0000007c       $SG62449                   100c207c     detours:detours.obj
 0003:00000090       $SG62451                   100c2090     detours:detours.obj
 0003:0000009c       $SG62487                   100c209c     detours:detours.obj
 0003:000000a0       $SG62605                   100c20a0     detours:detours.obj
 0003:000000a8       ?init@std@@3JA             100c20a8     libcpmt:xlock.obj
 0003:000000f0       ??$_Immortalize_impl@V?$_ExceptionPtr_static@Vbad_exception@std@@@?A0x22a8a7b5@@@?A0x22a8a7b5@@3U?$_Constexpr_excptptr_immortalize_impl@V?$_ExceptionPtr_static@Vbad_exception@std@@@?A0x22a8a7b5@@@1@A 100c20f0     libcpmt:excptptr.obj
 0003:00000158       ??$_Immortalize_impl@V?$_ExceptionPtr_static@Vbad_alloc@std@@@?A0x22a8a7b5@@@?A0x22a8a7b5@@3U?$_Constexpr_excptptr_immortalize_impl@V?$_ExceptionPtr_static@Vbad_alloc@std@@@?A0x22a8a7b5@@@1@A 100c2158     libcpmt:excptptr.obj
 0003:000001c0       ?atcount_cdecl@@3IA        100c21c0     libcpmt:iosptrs.obj
 0003:00000210       ?__vcrt_flsindex@@3KA      100c2210     libvcruntime:per_thread_data.obj
 0003:0000033c       ?errno_no_memory@@3HA      100c233c     libucrt:errno.obj
 0003:00000340       ?doserrno_no_memory@@3KA   100c2340     libucrt:errno.obj
 0003:00000350       ?__acrt_flsindex@@3KA      100c2350     libucrt:per_thread_data.obj
 0003:00000354       __ctype_loc_style          100c2354     libucrt:wsetlocale.obj
 0003:00000560       ?tzstd_program@@3PADA      100c2560     libucrt:timeset.obj
 0003:000005a0       ?tzdst_program@@3PADA      100c25a0     libucrt:timeset.obj
 0003:000005e0       ?w_tzstd_program@@3PA_WA   100c25e0     libucrt:timeset.obj
 0003:00000660       ?w_tzdst_program@@3PA_WA   100c2660     libucrt:timeset.obj
 0003:000006e0       ?tzname_states@@3PAY01PADA 100c26e0     libucrt:timeset.obj
 0003:000006e8       ?w_tzname_states@@3PAY01PA_WA 100c26e8     libucrt:timeset.obj
 0003:000006f0       ?dststart@@3Utransitiondate@?A0x7639d0b4@@A 100c26f0     libucrt:tzset.obj
 0003:000006fc       ?dstend@@3Utransitiondate@?A0x7639d0b4@@A 100c26fc     libucrt:tzset.obj
 0003:00000708       ?__DAZ_ENABLED@?1??__set_fpsr_sse2@@9@9 100c2708     libucrt:fpctrl.obj
 0003:00000930       __mbctypes                 100c2930     libucrt:mbctype.obj
 0003:00000a38       __mbcasemaps               100c2a38     libucrt:mbctype.obj
 0003:00000b38       ?__rgctypeflag@@3PADA      100c2b38     libucrt:mbctype.obj
 0003:00000b40       ?__rgcode_page_info@@3PAUcode_page_info@@A 100c2b40     libucrt:mbctype.obj
 0003:00000c30       ?__dcrt_lowio_console_output_handle@@3PAXA 100c2c30     libucrt:initcon.obj
 0003:00000c40       ?flSpeedSpiralY@?2??LegitAimbot@CAimBot@@AAEXPAUusercmd_s@@@Z@4MA 100c2c40     Aimbot.obj
 0003:00000c44       ?flSpeedSpiralX@?2??LegitAimbot@CAimBot@@AAEXPAUusercmd_s@@@Z@4MA 100c2c44     Aimbot.obj
 0003:000014a8       ?PRECISION@@3NA            100c34a8     Cvars.obj
 0003:000014b0       ?bsendpacket_status@?1??bSendpacket@CUtils@@QAEX_N@Z@4_NA 100c34b0     Utils.obj
 0003:000014b4       ?szTargetHitbox@?L@??Tabs@CMenu@@AAEXXZ@4PAPADA 100c34b4     Menu.obj
 0003:000014cc       ?panel_w@?1??Palette@CMenu@@AAEXHHAAM00@Z@4IA 100c34cc     Menu.obj
 0003:000014d0       ?indent@?1??Palette@CMenu@@AAEXHHAAM00@Z@4IA 100c34d0     Menu.obj
 0003:000014d4       ?typebox@?JK@??Tabs@CMenu@@AAEXXZ@4PAPADA 100c34d4     Menu.obj
 0003:000014e8       ?szMultipoint@?L@??Tabs@CMenu@@AAEXXZ@4PAPADA 100c34e8     Menu.obj
 0003:000014fc       ?panel_h@?1??Palette@CMenu@@AAEXHHAAM00@Z@4IA 100c34fc     Menu.obj
 0003:00001500       ?w@?1??Checkbox@CMenu@@AAEXHHAA_NPAD@Z@4IA 100c3500     Menu.obj
 0003:00001504       ?szTargetSelection@?L@??Tabs@CMenu@@AAEXXZ@4PAPADA 100c3504     Menu.obj
 0003:00001510       ?indent_y@?1??Tabs@CMenu@@AAEXXZ@4IA 100c3510     Menu.obj
 0003:00001514       ?border@?1??Palette@CMenu@@AAEXHHAAM00@Z@4IA 100c3514     Menu.obj
 0003:00001518       ?indent_x@?1??Tabs@CMenu@@AAEXXZ@4IA 100c3518     Menu.obj
 0003:0000151c       ?h@?1??Checkbox@CMenu@@AAEXHHAA_NPAD@Z@4IA 100c351c     Menu.obj
 0003:00001520       ?indent@?CF@??PlayerESP@CVisuals@@AAEXI@Z@4IA 100c3520     Visuals.obj
 0003:0000152c       ?map_changed@?1??UpdateMapInfo@CWorld@@QAEXXZ@4_NA 100c352c     World.obj
 0003:000017b0       ??_R0?AV_ExceptionPtr_normal@?A0x22a8a7b5@@@8 100c37b0     libcpmt:excptptr.obj
 0003:000017e0       ??_R0?AV?$_ExceptionPtr_static@Vbad_alloc@std@@@?A0x22a8a7b5@@@8 100c37e0     libcpmt:excptptr.obj
 0003:00001828       ??_R0?AV?$_ExceptionPtr_static@Vbad_exception@std@@@?A0x22a8a7b5@@@8 100c3828     libcpmt:excptptr.obj
 0003:00001de8       ?initlocks@std@@3V_Init_locks@1@A 100c3de8     libcpmt:xlock.obj
 0003:00001df0       ?mtx@std@@3PAU_RTL_CRITICAL_SECTION@@A 100c3df0     libcpmt:xlock.obj
 0003:00001ecc       ?classic_locale@std@@3Vlocale@1@A 100c3ecc     libcpmt:locale0.obj
 0003:00001ed4       ?_Fac_head@std@@3PAU_Fac_node@1@A 100c3ed4     libcpmt:locale0.obj
 0003:00001ed8       ?_Fac_tidy_reg@std@@3U_Fac_tidy_reg_t@1@B 100c3ed8     libcpmt:locale0.obj
 0003:00001edc       _global_locale             100c3edc     libcpmt:locale0.obj
 0003:00001ee0       ?registered@?1??_Setgloballocale@locale@std@@CAXPAX@Z@4_NA 100c3ee0     libcpmt:locale0.obj
 0003:00001ee8       ?stdstr@std@@3PAPAVios_base@1@A 100c3ee8     libcpmt:ios.obj
 0003:00001f10       ?stdopens@std@@3PADA       100c3f10     libcpmt:ios.obj
 0003:00001f40       ?initlocks@std@@3V_Init_locks@1@A 100c3f40     libcpmt:iosptrs.obj
 0003:00001f41       ?init_atexit@@3U_Init_atexit@@A 100c3f41     libcpmt:iosptrs.obj
 0003:00001f44       ?atfuns_cdecl@@3PAP6AXXZA  100c3f44     libcpmt:iosptrs.obj
 0003:00001fe4       ?g_tss_cv@@3U_RTL_CONDITION_VARIABLE@@A 100c3fe4     LIBCMT:thread_safe_statics.obj
 0003:00001fe8       ?g_tss_event@@3PAXA        100c3fe8     LIBCMT:thread_safe_statics.obj
 0003:00001fec       ?g_tss_mutex@@3U_RTL_CRITICAL_SECTION@@A 100c3fec     LIBCMT:thread_safe_statics.obj
 0003:00002004       ?g_sleep_condition_variable_cs@@3P6GHPAU_RTL_CONDITION_VARIABLE@@PAU_RTL_CRITICAL_SECTION@@K@ZA 100c4004     LIBCMT:thread_safe_statics.obj
 0003:00002008       ?g_wake_all_condition_variable@@3P6GXPAU_RTL_CONDITION_VARIABLE@@@ZA 100c4008     LIBCMT:thread_safe_statics.obj
 0003:00002014       ?is_initialized_as_dll@@3_NA 100c4014     LIBCMT:utility.obj
 0003:00002015       ?module_local_atexit_table_initialized@@3_NA 100c4015     LIBCMT:utility.obj
 0003:00002018       ?module_local_atexit_table@@3U_onexit_table_t@@A 100c4018     LIBCMT:utility.obj
 0003:00002024       ?module_local_at_quick_exit_table@@3U_onexit_table_t@@A 100c4024     LIBCMT:utility.obj
 0003:00002030       _GS_ExceptionRecord        100c4030     LIBCMT:gs_report.obj
 0003:00002080       _GS_ContextRecord          100c4080     LIBCMT:gs_report.obj
 0003:0000234c       ?__proc_attached@@3HA      100c434c     LIBCMT:dll_dllmain.obj
 0003:0000237c       ?__vcrt_startup_thread_ptd@@3U__vcrt_ptd@@A 100c437c     libvcruntime:per_thread_data.obj
 0003:000023a8       _rgValidPages              100c43a8     libvcruntime:eh3valid.obj
 0003:00002428       _nValidPages               100c4428     libvcruntime:eh3valid.obj
 0003:0000242c       _lModifying                100c442c     libvcruntime:eh3valid.obj
 0003:00002430       ___vcrt_lock_table         100c4430     libvcruntime:locks.obj
 0003:00002448       ___vcrt_locks_initialized  100c4448     libvcruntime:locks.obj
 0003:00002474       ?heap@@3V_HeapManager@@A   100c4474     libvcruntime:undname.obj
 0003:00002488       ?module_handles@@3PAPAUHINSTANCE__@@A 100c4488     libvcruntime:winapi_downlevel.obj
 0003:00002494       ?function_pointers@@3PAPAXA 100c4494     libvcruntime:winapi_downlevel.obj
 0003:000024a8       ?c_termination_complete@@3JA 100c44a8     libucrt:exit.obj
 0003:000024ac       ?thread_local_exit_callback_func@@3P6GXPAXK0@ZA 100c44ac     libucrt:exit.obj
 0003:000024b4       ?__acrt_invalid_parameter_handler@@3V?$dual_state_global@P6AXPB_W00II@Z@__crt_state_management@@A 100c44b4     libucrt:invalid_parameter.obj
 0003:000024d0       ?__acrt_lock_table@@3PAU_RTL_CRITICAL_SECTION@@A 100c44d0     libucrt:locks.obj
 0003:00002620       ?__acrt_locks_initialized@@3IA 100c4620     libucrt:locks.obj
 0003:00002624       ?__acrt_new_handler@@3V?$dual_state_global@P6AHI@Z@__crt_state_management@@A 100c4624     libucrt:new_handler.obj
 0003:00002628       ?program_name@?1???$common_configure_argv@D@@YAHW4_crt_argv_mode@@@Z@4PADA 100c4628     libucrt:argv_parsing.obj
 0003:00002760       ?internal_state@?1??_mbtowc_internal@@9@4U_Mbstatet@@A 100c4760     libucrt:mbtowc.obj
 0003:00002768       ?enable_percent_n@@3IA     100c4768     libucrt:printf_count_output.obj
 0003:00002980       ?module_handles@@3PAPAUHINSTANCE__@@A 100c4980     libucrt:winapi_thunks.obj
 0003:000029d0       ?encoded_function_pointers@@3PAPAXA 100c49d0     libucrt:winapi_thunks.obj
 0003:00002a58       ?static_enum_proc@?1??enum_system_locales_ex_nolock@@YAHQ6GHPA_WKJ@Z@Z@4P6GH0KJ@ZA 100c4a58     libucrt:winapi_thunks.obj
 0003:00002a68       ?_tzname@@3V?$dual_state_global@PAPAD@__crt_state_management@@A 100c4a68     libucrt:timeset.obj
 0003:00002a6c       ?w_tzname@@3V?$dual_state_global@PAPA_W@__crt_state_management@@A 100c4a6c     libucrt:timeset.obj
 0003:00002a70       ?last_wide_tz@@3PA_WA      100c4a70     libucrt:tzset.obj
 0003:00002a78       ?tz_api_used@@3HA          100c4a78     libucrt:tzset.obj
 0003:00002a7c       ?tzset_init_state@@3V?$dual_state_global@J@__crt_state_management@@A 100c4a7c     libucrt:tzset.obj
 0003:00002a80       ?tz_info@@3U_TIME_ZONE_INFORMATION@@A 100c4a80     libucrt:tzset.obj
 0003:00002b2c       ?ctrlc_action@@3V?$dual_state_global@P6AXH@Z@__crt_state_management@@A 100c4b2c     libucrt:signal.obj
 0003:00002b30       ?ctrlbreak_action@@3V?$dual_state_global@P6AXH@Z@__crt_state_management@@A 100c4b30     libucrt:signal.obj
 0003:00002b34       ?abort_action@@3V?$dual_state_global@P6AXH@Z@__crt_state_management@@A 100c4b34     libucrt:signal.obj
 0003:00002b38       ?term_action@@3V?$dual_state_global@P6AXH@Z@__crt_state_management@@A 100c4b38     libucrt:signal.obj
 0003:00002b4c       ?fSystemSet@@3HA           100c4b4c     libucrt:mbctype.obj
 0003:00002b50       ?initialized@?1??__acrt_initialize_multibyte@@9@4_NA 100c4b50     libucrt:mbctype.obj
 0003:00002b70       ?user_matherr@@3V?$dual_state_global@P6AHPAU_exception@@@Z@__crt_state_management@@A 100c4b70     libucrt:matherr.obj
 0003:00002b74       ?__acrt_global_new_mode@@3V?$dual_state_global@J@__crt_state_management@@A 100c4b74     libucrt:new_mode.obj
 0003:00002b7c       __pmatherr_set             100c4b7c     libucrt:libm_error.obj
 0003:00002b80       ?internal_pst@?1??__mbrtoc32_utf8@__crt_mbstring@@YAIPA_UPBDIPAU_Mbstatet@@AAV__crt_cached_ptd_host@@@Z@4U3@A 100c4b80     libucrt:mbrtoc32.obj
 0003:00002b88       ?__acrt_app_type@@3W4_crt_app_type@@A 100c4b88     libucrt:report_runtime_error.obj
 0003:00002b90       ?internal_pst@?1??__c16rtomb_utf8@__crt_mbstring@@YAIPAD_SPAU_Mbstatet@@AAV__crt_cached_ptd_host@@@Z@4U3@A 100c4b90     libucrt:c16rtomb.obj
 0003:000227e4       ?base64_chars@@3V?$basic_string@DU?$char_traits@D@std@@V?$allocator@D@2@@std@@B 100e47e4     Main.obj
 0003:000227fc       ?counter@@3HA              100e47fc     Systems.obj
 0003:000228b0       ?gcTextures@@3HA           100e48b0     Textures.obj
 0003:000228b4       ?gpBuf@@3PAEA              100e48b4     parsemsg.obj
 0003:000228b8       ?grgchTextureType@@3PADA   100e48b8     Textures.obj
 0003:00022ab8       ?grgszTextureName@@3PAY0N@DA 100e4ab8     Textures.obj
 0003:000244b8       ?giSize@@3HA               100e64b8     parsemsg.obj
 0003:000244bc       ?giBadRead@@3HA            100e64bc     parsemsg.obj
 0003:000244c0       ?giRead@@3HA               100e64c0     parsemsg.obj
 0003:000244c4       ?dwBlockAttack@?2??LegitAimbot@CAimBot@@AAEXPAUusercmd_s@@@Z@4KA 100e64c4     Aimbot.obj
 0003:000244c8       ?dwTemporaryBlockTimer@?4??Trigger@CAimBot@@QAEXPAUusercmd_s@@@Z@4KA 100e64c8     Aimbot.obj
 0003:000244d8       ?jitter@?FK@??AntiAim@CMisc@@QAEXPAUusercmd_s@@@Z@4_NA 100e64d8     Misc.obj
 0003:000244dc       ?good@?BN@??FakeLag@CMisc@@QAEXPAUusercmd_s@@@Z@4HA 100e64dc     Misc.obj
 0003:000244e0       ?m_side@?GF@??AntiAim@CMisc@@QAEXPAUusercmd_s@@@Z@4IA 100e64e0     Misc.obj
 0003:000244e4       ?bFire@?4??AutoPistol@CMisc@@QAEXPAUusercmd_s@@@Z@4_NA 100e64e4     Misc.obj
 0003:000244e5       ?jitter@?DP@??AntiAim@CMisc@@QAEXPAUusercmd_s@@@Z@4_NA 100e64e5     Misc.obj
 0003:000244e6       ?jitter@?HF@??AntiAim@CMisc@@QAEXPAUusercmd_s@@@Z@4_NA 100e64e6     Misc.obj
 0003:000244e7       ?jitter@?CE@??AntiAim@CMisc@@QAEXPAUusercmd_s@@@Z@4_NA 100e64e7     Misc.obj
 0003:000244e8       ?jitter@?JM@??AntiAim@CMisc@@QAEXPAUusercmd_s@@@Z@4_NA 100e64e8     Misc.obj
 0003:000244ec       ?m_side@?CP@??AntiAim@CMisc@@QAEXPAUusercmd_s@@@Z@4IA 100e64ec     Misc.obj
 0003:000244f0       ?choked@?BN@??FakeLag@CMisc@@QAEXPAUusercmd_s@@@Z@4HA 100e64f0     Misc.obj
 0003:000244f4       ?jitter@?DE@??FakeLag@CMisc@@QAEXPAUusercmd_s@@@Z@4_NA 100e64f4     Misc.obj
 0003:000244f8       ?i@?IA@??BunnyHop@CSystems@@QAEXPAUusercmd_s@@@Z@4HA 100e64f8     Systems.obj
 0003:000244fc       ?state@?IA@??BunnyHop@CSystems@@QAEXPAUusercmd_s@@@Z@4HA 100e64fc     Systems.obj
 0003:00024500       ?NULLTIME@?1??bSendpacket@CUtils@@QAEX_N@Z@4KA 100e6500     Utils.obj
 0003:00024504       ?drag_x@?1??Drag@CMenu@@AAEXXZ@4HA 100e6504     Menu.obj
 0003:00024508       ?m_bCursorState@?1??Run@CMenu@@QAEXXZ@4_NA 100e6508     Menu.obj
 0003:0002450c       ?dwTemporaryBlockTimer@?1??KeyBind@CMenu@@AAEXHHAAH@Z@4KA 100e650c     Menu.obj
 0003:00024510       ?m_bMouseCapture@?1??Run@CMenu@@QAEXXZ@4_NA 100e6510     Menu.obj
 0003:00024514       ?drag_y@?1??Drag@CMenu@@AAEXXZ@4HA 100e6514     Menu.obj
 0003:00024518       ?dwTemporaryBlockTimer@?1??DrawButton@CMenu@@AAE_NHHPAD@Z@4KA 100e6518     Menu.obj
 0003:0002451c       ?dwTemporaryBlockTimer@?1??Palette@CMenu@@AAEXHHAAM00@Z@4KA 100e651c     Menu.obj
 0003:00024520       ?dwTemporaryBlockTimer@?1??ListBox@CMenu@@AAEXHHHPADAAMPAPADH_N@Z@4KA 100e6520     Menu.obj
 0003:00024524       ?dwTemporaryBlockTimer@?1??Run@CMenu@@QAEXXZ@4KA 100e6524     Menu.obj
 0003:00024528       ?iBackWeapons@?1??ShotsFiredCounter@@YAXHPAD@Z@4PAIA 100e6528     Sounds.obj
 0003:000245ac       ?replaced@?4??Lightmap@CVisuals@@QAEXXZ@4_NA 100e65ac     Visuals.obj
 0003:000245ad       ?init@?1??IconInit@CVisuals@@QAEXXZ@4_NA 100e65ad     Visuals.obj
 0003:000245b0       ?old@?1??Crosshair@CVisuals@@AAEXXZ@4PADA 100e65b0     Visuals.obj
 0003:000245b4       ?bTextureTypeInit@?1??PM_InitTextureTypes@@YAXPAUplayermove_s@@@Z@4_NA 100e65b4     Textures.obj
 0003:000245b8       ?iOldWeaponID@?1??ItemPostFrame@@YAXPAUusercmd_s@@@Z@4HA 100e65b8     Weapons.obj
 0003:000245d4       ?$TSS0@?8??PaintTraversePanel@@YGXPAVIPanel@vgui@@_N1@Z@4HA 100e65d4     Client.obj
 0003:000245d8       ?dayn@?8??PaintTraversePanel@@YGXPAVIPanel@vgui@@_N1@Z@4KA 100e65d8     Client.obj
 0003:000245dc       ?$TSS0@?IF@??AntiAim@CMisc@@QAEXPAUusercmd_s@@@Z@4HA 100e65dc     Misc.obj
 0003:000245e0       ?$TSS0@?1??NameStealer@CMisc@@QAEXXZ@4HA 100e65e0     Misc.obj
 0003:000245e4       ?timer@?1??NameStealer@CMisc@@QAEXXZ@4KA 100e65e4     Misc.obj
 0003:000245e8       ?timer@?IF@??AntiAim@CMisc@@QAEXPAUusercmd_s@@@Z@4MA 100e65e8     Misc.obj
 0003:000245ec       ?right_peak@?1??AutoStrafe@CSystems@@QAEXPAUusercmd_s@@M@Z@4MA 100e65ec     Systems.obj
 0003:000245f0       ?frames_to_waste_on_ground@?CH@??BunnyHop@CSystems@@QAEXPAUusercmd_s@@@Z@4HA 100e65f0     Systems.obj
 0003:000245f4       ?angle_diff@?1??AutoStrafe@CSystems@@QAEXPAUusercmd_s@@M@Z@4MA 100e65f4     Systems.obj
 0003:000245f8       ?doublekey@?CH@??BunnyHop@CSystems@@QAEXPAUusercmd_s@@@Z@4HA 100e65f8     Systems.obj
 0003:000245fc       ?old_yaw@?1??AutoStrafe@CSystems@@QAEXPAUusercmd_s@@M@Z@4MA 100e65fc     Systems.obj
 0003:00024600       ?left_peak@?1??AutoStrafe@CSystems@@QAEXPAUusercmd_s@@M@Z@4MA 100e6600     Systems.obj
 0003:00024604       ?frames_per_strafe@?CH@??BunnyHop@CSystems@@QAEXPAUusercmd_s@@@Z@4HA 100e6604     Systems.obj
 0003:00024608       ?left_fall@?1??AutoStrafe@CSystems@@QAEXPAUusercmd_s@@M@Z@4HA 100e6608     Systems.obj
 0003:0002460c       ?bJumped@?1??AutoStrafe@CSystems@@QAEXPAUusercmd_s@@M@Z@4_NA 100e660c     Systems.obj
 0003:00024610       ?counter@?CH@??BunnyHop@CSystems@@QAEXPAUusercmd_s@@@Z@4HA 100e6610     Systems.obj
 0003:00024614       ?right_fall@?1??AutoStrafe@CSystems@@QAEXPAUusercmd_s@@M@Z@4HA 100e6614     Systems.obj
 0003:00024618       ?m_iOldTab@?1??Tabs@CMenu@@AAEXXZ@4HA 100e6618     Menu.obj
 0003:0002461c       ?$TSS0@?1??Tabs@CMenu@@AAEXXZ@4HA 100e661c     Menu.obj
 0003:00024620       ?fov_old@?1??CustomFOV@CVisuals@@AAEXXZ@4HA 100e6620     Visuals.obj
 0003:00024624       ?dwTemporaryBlockTimer@?1??TriggerStatus@@YAXXZ@4KA 100e6624     Visuals.obj
 0003:00024628       ?brightness_g@?4??Lightmap@CVisuals@@QAEXXZ@4MA 100e6628     Visuals.obj
 0003:0002462c       ?brightness_b@?4??Lightmap@CVisuals@@QAEXXZ@4MA 100e662c     Visuals.obj
 0003:00024630       ?$TSS0@?1??TriggerStatus@@YAXXZ@4HA 100e6630     Visuals.obj
 0003:00024634       ?$TSS3@?4??Lightmap@CVisuals@@QAEXXZ@4HA 100e6634     Visuals.obj
 0003:00024638       ?brightness@?4??Lightmap@CVisuals@@QAEXXZ@4MA 100e6638     Visuals.obj
 0003:0002463c       ?fov@?1??CustomFOV@CVisuals@@AAEXXZ@4HA 100e663c     Visuals.obj
 0003:00024640       ?brightness_r@?4??Lightmap@CVisuals@@QAEXXZ@4MA 100e6640     Visuals.obj
 0003:00024644       ?$TSS2@?4??Lightmap@CVisuals@@QAEXXZ@4HA 100e6644     Visuals.obj
 0003:00024648       ?$TSS1@?1??TriggerStatus@@YAXXZ@4HA 100e6648     Visuals.obj
 0003:0002464c       ?oldAimbot@?1??TriggerStatus@@YAXXZ@4_NA 100e664c     Visuals.obj
 0003:00024650       ?$TSS2@?1??TriggerStatus@@YAXXZ@4HA 100e6650     Visuals.obj
 0003:00024654       ?$TSS1@?4??Lightmap@CVisuals@@QAEXXZ@4HA 100e6654     Visuals.obj
 0003:00024658       ?$TSS0@?4??Lightmap@CVisuals@@QAEXXZ@4HA 100e6658     Visuals.obj
 0003:0002465c       ?old@?1??TriggerStatus@@YAXXZ@4_NA 100e665c     Visuals.obj
 0003:00024670       ?string@?1??READ_STRING@@YAPADXZ@4PADA 100e6670     parsemsg.obj
 0004:00000060       $R000000                   100e7060     * linker generated manifest res *
